Archive member included to satisfy reference by file (symbol)

led_lib\libled_lib.a(led.c.obj)
                              CMakeFiles/max7219.dir/main.c.obj (put_pixel)
c:/progra~2/gnuarm~1/102021~1.10/bin/../lib/gcc/arm-none-eabi/10.3.1/thumb/v6-m/nofp\libgcc.a(_dvmd_tls.o)
                              CMakeFiles/max7219.dir/C_/Program_Files/Raspberry_Pi/Pico_SDK_v1.5.1/pico-sdk/src/rp2_common/pico_divider/divider.S.obj (__aeabi_idiv0)
c:/progra~2/gnuarm~1/102021~1.10/bin/../lib/gcc/arm-none-eabi/10.3.1/../../../../arm-none-eabi/lib/thumb/v6-m/nofp\libg.a(lib_a-calloc.o)
                              CMakeFiles/max7219.dir/C_/Program_Files/Raspberry_Pi/Pico_SDK_v1.5.1/pico-sdk/src/rp2_common/pico_malloc/pico_malloc.c.obj (calloc)
c:/progra~2/gnuarm~1/102021~1.10/bin/../lib/gcc/arm-none-eabi/10.3.1/../../../../arm-none-eabi/lib/thumb/v6-m/nofp\libg.a(lib_a-callocr.o)
                              c:/progra~2/gnuarm~1/102021~1.10/bin/../lib/gcc/arm-none-eabi/10.3.1/../../../../arm-none-eabi/lib/thumb/v6-m/nofp\libg.a(lib_a-calloc.o) (_calloc_r)
c:/progra~2/gnuarm~1/102021~1.10/bin/../lib/gcc/arm-none-eabi/10.3.1/../../../../arm-none-eabi/lib/thumb/v6-m/nofp\libg.a(lib_a-errno.o)
                              c:/progra~2/gnuarm~1/102021~1.10/bin/../lib/gcc/arm-none-eabi/10.3.1/../../../../arm-none-eabi/lib/thumb/v6-m/nofp\libg.a(lib_a-callocr.o) (__errno)
c:/progra~2/gnuarm~1/102021~1.10/bin/../lib/gcc/arm-none-eabi/10.3.1/../../../../arm-none-eabi/lib/thumb/v6-m/nofp\libg.a(lib_a-impure.o)
                              c:/progra~2/gnuarm~1/102021~1.10/bin/../lib/gcc/arm-none-eabi/10.3.1/../../../../arm-none-eabi/lib/thumb/v6-m/nofp\libg.a(lib_a-calloc.o) (_impure_ptr)
c:/progra~2/gnuarm~1/102021~1.10/bin/../lib/gcc/arm-none-eabi/10.3.1/../../../../arm-none-eabi/lib/thumb/v6-m/nofp\libg.a(lib_a-init.o)
                              c:/progra~2/gnuarm~1/102021~1.10/bin/../lib/gcc/arm-none-eabi/10.3.1/../../../../arm-none-eabi/lib/thumb/v6-m/nofp/crt0.o (__libc_init_array)
c:/progra~2/gnuarm~1/102021~1.10/bin/../lib/gcc/arm-none-eabi/10.3.1/../../../../arm-none-eabi/lib/thumb/v6-m/nofp\libg.a(lib_a-malloc.o)
                              CMakeFiles/max7219.dir/C_/Program_Files/Raspberry_Pi/Pico_SDK_v1.5.1/pico-sdk/src/rp2_common/pico_malloc/pico_malloc.c.obj (malloc)
c:/progra~2/gnuarm~1/102021~1.10/bin/../lib/gcc/arm-none-eabi/10.3.1/../../../../arm-none-eabi/lib/thumb/v6-m/nofp\libg.a(lib_a-mallocr.o)
                              c:/progra~2/gnuarm~1/102021~1.10/bin/../lib/gcc/arm-none-eabi/10.3.1/../../../../arm-none-eabi/lib/thumb/v6-m/nofp\libg.a(lib_a-callocr.o) (_malloc_r)
c:/progra~2/gnuarm~1/102021~1.10/bin/../lib/gcc/arm-none-eabi/10.3.1/../../../../arm-none-eabi/lib/thumb/v6-m/nofp\libg.a(lib_a-mlock.o)
                              c:/progra~2/gnuarm~1/102021~1.10/bin/../lib/gcc/arm-none-eabi/10.3.1/../../../../arm-none-eabi/lib/thumb/v6-m/nofp\libg.a(lib_a-mallocr.o) (__malloc_lock)
c:/progra~2/gnuarm~1/102021~1.10/bin/../lib/gcc/arm-none-eabi/10.3.1/../../../../arm-none-eabi/lib/thumb/v6-m/nofp\libg.a(lib_a-realloc.o)
                              CMakeFiles/max7219.dir/C_/Program_Files/Raspberry_Pi/Pico_SDK_v1.5.1/pico-sdk/src/rp2_common/pico_malloc/pico_malloc.c.obj (realloc)
c:/progra~2/gnuarm~1/102021~1.10/bin/../lib/gcc/arm-none-eabi/10.3.1/../../../../arm-none-eabi/lib/thumb/v6-m/nofp\libg.a(lib_a-reallocr.o)
                              c:/progra~2/gnuarm~1/102021~1.10/bin/../lib/gcc/arm-none-eabi/10.3.1/../../../../arm-none-eabi/lib/thumb/v6-m/nofp\libg.a(lib_a-realloc.o) (_realloc_r)
c:/progra~2/gnuarm~1/102021~1.10/bin/../lib/gcc/arm-none-eabi/10.3.1/../../../../arm-none-eabi/lib/thumb/v6-m/nofp\libg.a(lib_a-sbrkr.o)
                              c:/progra~2/gnuarm~1/102021~1.10/bin/../lib/gcc/arm-none-eabi/10.3.1/../../../../arm-none-eabi/lib/thumb/v6-m/nofp\libg.a(lib_a-mallocr.o) (_sbrk_r)
c:/progra~2/gnuarm~1/102021~1.10/bin/../lib/gcc/arm-none-eabi/10.3.1/../../../../arm-none-eabi/lib/thumb/v6-m/nofp\libg.a(lib_a-strlen-stub.o)
                              CMakeFiles/max7219.dir/C_/Program_Files/Raspberry_Pi/Pico_SDK_v1.5.1/pico-sdk/src/rp2_common/pico_stdio/stdio.c.obj (strlen)
c:/progra~2/gnuarm~1/102021~1.10/bin/../lib/gcc/arm-none-eabi/10.3.1/../../../../arm-none-eabi/lib/thumb/v6-m/nofp\libg.a(lib_a-freer.o)
                              c:/progra~2/gnuarm~1/102021~1.10/bin/../lib/gcc/arm-none-eabi/10.3.1/../../../../arm-none-eabi/lib/thumb/v6-m/nofp\libg.a(lib_a-malloc.o) (_free_r)
c:/progra~2/gnuarm~1/102021~1.10/bin/../lib/gcc/arm-none-eabi/10.3.1/../../../../arm-none-eabi/lib/thumb/v6-m/nofp\libg.a(lib_a-lock.o)
                              c:/progra~2/gnuarm~1/102021~1.10/bin/../lib/gcc/arm-none-eabi/10.3.1/../../../../arm-none-eabi/lib/thumb/v6-m/nofp\libg.a(lib_a-mlock.o) (__retarget_lock_acquire_recursive)
c:/progra~2/gnuarm~1/102021~1.10/bin/../lib/gcc/arm-none-eabi/10.3.1/../../../../arm-none-eabi/lib/thumb/v6-m/nofp\libg.a(lib_a-memmove.o)
[...]
Memory Configuration

Name             Origin             Length             Attributes
FLASH            0x10000000         0x00200000         xr
RAM              0x20000000         0x00040000         xrw
SCRATCH_X        0x20040000         0x00001000         xrw
SCRATCH_Y        0x20041000         0x00001000         xrw
*default*        0x00000000         0xffffffff

Linker script and memory map

LOAD c:/progra~2/gnuarm~1/102021~1.10/bin/../lib/gcc/arm-none-eabi/10.3.1/thumb/v6-m/nofp/crti.o
LOAD c:/progra~2/gnuarm~1/102021~1.10/bin/../lib/gcc/arm-none-eabi/10.3.1/thumb/v6-m/nofp/crtbegin.o
LOAD c:/progra~2/gnuarm~1/102021~1.10/bin/../lib/gcc/arm-none-eabi/10.3.1/../../../../arm-none-eabi/lib/thumb/v6-m/nofp/crt0.o

.flash_begin    0x10000000        0x0
                0x10000000                __flash_binary_start = .

.boot2          0x10000000      0x100
                0x10000000                __boot2_start__ = .
 *(.boot2)
 .boot2         0x10000000      0x100 C:\Users\admin\AppData\Local\Temp\ccu4D6x2.o
                0x10000100                __boot2_end__ = .
                0x00000001                ASSERT (((__boot2_end__ - __boot2_start__) == 0x100), ERROR: Pico second stage bootloader must be 256 bytes in size)

.text           0x10000100     0x6f98
                0x10000100                __logical_binary_start = .
 *(.vectors)
 .vectors       0x10000100       0xd4 CMakeFiles/max7219.dir/C_/Program_Files/Raspberry_Pi/Pico_SDK_v1.5.1/pico-sdk/src/rp2_common/pico_standard_link/crt0.S.obj
                0x10000100                __VECTOR_TABLE
                0x10000100                __vectors
                0x100001c0                isr_invalid
                0x100001c0                __default_isrs_start
                0x100001c2                isr_nmi
                0x100001c4                isr_hardfault
                0x100001c6                isr_svcall
                0x100001c8                isr_pendsv
                0x100001ca                isr_systick
                0x100001cc                isr_irq23
                0x100001cc                isr_irq18
                0x100001cc                isr_irq11
                0x100001cc                isr_irq28
                0x100001cc                isr_irq19
                0x100001cc                isr_irq0
                0x100001cc                isr_irq6
                0x100001cc                isr_irq5
                0x100001cc                isr_irq12
                0x100001cc                isr_irq22
                0x100001cc                isr_irq31
                0x100001cc                isr_irq17
                0x100001cc                isr_irq27
                0x100001cc                isr_irq30
                0x100001cc                isr_irq2
                0x100001cc                isr_irq10
                0x100001cc                isr_irq8
                0x100001cc                isr_irq24
                0x100001cc                isr_irq1
                0x100001cc                isr_irq7
                0x100001cc                isr_irq21
                0x100001cc                isr_irq20
                0x100001cc                isr_irq15
                0x100001cc                isr_irq25
                0x100001cc                isr_irq13
                0x100001cc                __unhandled_user_irq
                0x100001cc                isr_irq4
                0x100001cc                isr_irq16
                0x100001cc                isr_irq29
                0x100001cc                isr_irq26
                0x100001cc                __default_isrs_end
                0x100001cc                isr_irq3
                0x100001cc                isr_irq14
                0x100001cc                isr_irq9
                0x100001d2                unhandled_user_irq_num_in_r0
 *(.binary_info_header)
 .binary_info_header
                0x100001d4       0x14 CMakeFiles/max7219.dir/C_/Program_Files/Raspberry_Pi/Pico_SDK_v1.5.1/pico-sdk/src/rp2_common/pico_standard_link/crt0.S.obj
                0x100001e8                __binary_info_header_end = .
 *(.reset)
 .reset         0x100001e8       0xa0 CMakeFiles/max7219.dir/C_/Program_Files/Raspberry_Pi/Pico_SDK_v1.5.1/pico-sdk/src/rp2_common/pico_standard_link/crt0.S.obj
                0x100001e8                _entry_point
 .reset         0x10000288       0x30 CMakeFiles/max7219.dir/C_/Program_Files/Raspberry_Pi/Pico_SDK_v1.5.1/pico-sdk/src/rp2_common/pico_standard_link/binary_info.c.obj
 *(.init)
 .init          0x100002b8        0x4 c:/progra~2/gnuarm~1/102021~1.10/bin/../lib/gcc/arm-none-eabi/10.3.1/thumb/v6-m/nofp/crti.o
                0x100002b8                _init
 *(EXCLUDE_FILE(*libm.a: *libc.a:*lib_a-mem*.o *libgcc.a:) .text*)
 .text          0x100002bc       0x48 c:/progra~2/gnuarm~1/102021~1.10/bin/../lib/gcc/arm-none-eabi/10.3.1/thumb/v6-m/nofp/crtbegin.o
 .text.main     0x10000304       0x90 CMakeFiles/max7219.dir/main.c.obj
                0x10000304                main
 .text.gpio_set_function
                0x10000394       0x30 CMakeFiles/max7219.dir/C_/Program_Files/Raspberry_Pi/Pico_SDK_v1.5.1/pico-sdk/src/rp2_common/hardware_gpio/gpio.c.obj
                0x10000394                gpio_set_function
 .text.gpio_init
                0x100003c4       0x16 CMakeFiles/max7219.dir/C_/Program_Files/Raspberry_Pi/Pico_SDK_v1.5.1/pico-sdk/src/rp2_common/hardware_gpio/gpio.c.obj
                0x100003c4                gpio_init
 *fill*         0x100003da        0x2 
 .text.running_on_fpga
                0x100003dc       0x14 CMakeFiles/max7219.dir/C_/Program_Files/Raspberry_Pi/Pico_SDK_v1.5.1/pico-sdk/src/rp2_common/pico_platform/platform.c.obj
                0x100003dc                running_on_fpga
 .text.hw_claim_lock
                0x100003f0       0x18 CMakeFiles/max7219.dir/C_/Program_Files/Raspberry_Pi/Pico_SDK_v1.5.1/pico-sdk/src/rp2_common/hardware_claim/claim.c.obj
                0x100003f0                hw_claim_lock
 .text.hw_claim_unlock
                0x10000408       0x14 CMakeFiles/max7219.dir/C_/Program_Files/Raspberry_Pi/Pico_SDK_v1.5.1/pico-sdk/src/rp2_common/hardware_claim/claim.c.obj
                0x10000408                hw_claim_unlock
 .text.hw_claim_or_assert
                0x1000041c       0x32 CMakeFiles/max7219.dir/C_/Program_Files/Raspberry_Pi/Pico_SDK_v1.5.1/pico-sdk/src/rp2_common/hardware_claim/claim.c.obj
                0x1000041c                hw_claim_or_assert
 .text.hw_claim_unused_from_range
                0x1000044e       0x50 CMakeFiles/max7219.dir/C_/Program_Files/Raspberry_Pi/Pico_SDK_v1.5.1/pico-sdk/src/rp2_common/hardware_claim/claim.c.obj
                0x1000044e                hw_claim_unused_from_range
 *fill*         0x1000049e        0x2 
 .text.spin_locks_reset
                0x100004a0       0x20 CMakeFiles/max7219.dir/C_/Program_Files/Raspberry_Pi/Pico_SDK_v1.5.1/pico-sdk/src/rp2_common/hardware_sync/sync.c.obj
                0x100004a0                spin_locks_reset
 .text.next_striped_spin_lock_num
                0x100004c0       0x1c CMakeFiles/max7219.dir/C_/Program_Files/Raspberry_Pi/Pico_SDK_v1.5.1/pico-sdk/src/rp2_common/hardware_sync/sync.c.obj
                0x100004c0                next_striped_spin_lock_num
 .text.spin_lock_claim_unused
                0x100004dc       0x20 CMakeFiles/max7219.dir/C_/Program_Files/Raspberry_Pi/Pico_SDK_v1.5.1/pico-sdk/src/rp2_common/hardware_sync/sync.c.obj
                0x100004dc                spin_lock_claim_unused
 .text.set_raw_irq_handler_and_unlock
                0x100004fc       0x28 CMakeFiles/max7219.dir/C_/Program_Files/Raspberry_Pi/Pico_SDK_v1.5.1/pico-sdk/src/rp2_common/hardware_irq/irq.c.obj
 .text.make_branch
                0x10000524       0x48 CMakeFiles/max7219.dir/C_/Program_Files/Raspberry_Pi/Pico_SDK_v1.5.1/pico-sdk/src/rp2_common/hardware_irq/irq.c.obj
 .text.insert_branch_and_link
                0x1000056c       0x40 CMakeFiles/max7219.dir/C_/Program_Files/Raspberry_Pi/Pico_SDK_v1.5.1/pico-sdk/src/rp2_common/hardware_irq/irq.c.obj
 .text.irq_is_enabled
                0x100005ac       0x18 CMakeFiles/max7219.dir/C_/Program_Files/Raspberry_Pi/Pico_SDK_v1.5.1/pico-sdk/src/rp2_common/hardware_irq/irq.c.obj
                0x100005ac                irq_is_enabled
 .text.irq_set_mask_enabled
                0x100005c4       0x20 CMakeFiles/max7219.dir/C_/Program_Files/Raspberry_Pi/Pico_SDK_v1.5.1/pico-sdk/src/rp2_common/hardware_irq/irq.c.obj
                0x100005c4                irq_set_mask_enabled
 .text.irq_set_enabled
                0x100005e4        0xe CMakeFiles/max7219.dir/C_/Program_Files/Raspberry_Pi/Pico_SDK_v1.5.1/pico-sdk/src/rp2_common/hardware_irq/irq.c.obj
                0x100005e4                irq_set_enabled
 *fill*         0x100005f2        0x2 
 .text.irq_set_pending
                0x100005f4       0x10 CMakeFiles/max7219.dir/C_/Program_Files/Raspberry_Pi/Pico_SDK_v1.5.1/pico-sdk/src/rp2_common/hardware_irq/irq.c.obj
                0x100005f4                irq_set_pending
 .text.irq_get_vtable_handler
                0x10000604       0x10 CMakeFiles/max7219.dir/C_/Program_Files/Raspberry_Pi/Pico_SDK_v1.5.1/pico-sdk/src/rp2_common/hardware_irq/irq.c.obj
                0x10000604                irq_get_vtable_handler
 .text.irq_has_shared_handler
                0x10000614       0x24 CMakeFiles/max7219.dir/C_/Program_Files/Raspberry_Pi/Pico_SDK_v1.5.1/pico-sdk/src/rp2_common/hardware_irq/irq.c.obj
                0x10000614                irq_has_shared_handler
 .text.irq_set_exclusive_handler
                0x10000638       0x54 CMakeFiles/max7219.dir/C_/Program_Files/Raspberry_Pi/Pico_SDK_v1.5.1/pico-sdk/src/rp2_common/hardware_irq/irq.c.obj
                0x10000638                irq_set_exclusive_handler
 .text.irq_add_shared_handler
                0x1000068c      0x234 CMakeFiles/max7219.dir/C_/Program_Files/Raspberry_Pi/Pico_SDK_v1.5.1/pico-sdk/src/rp2_common/hardware_irq/irq.c.obj
                0x1000068c                irq_add_shared_handler
 .text.irq_remove_handler
                0x100008c0      0x1ac CMakeFiles/max7219.dir/C_/Program_Files/Raspberry_Pi/Pico_SDK_v1.5.1/pico-sdk/src/rp2_common/hardware_irq/irq.c.obj
                0x100008c0                irq_remove_handler
 .text.irq_add_tail_to_free_list
                0x10000a6c       0xf0 CMakeFiles/max7219.dir/C_/Program_Files/Raspberry_Pi/Pico_SDK_v1.5.1/pico-sdk/src/rp2_common/hardware_irq/irq.c.obj
                0x10000a6c                irq_add_tail_to_free_list
 .text.irq_init_priorities
                0x10000b5c       0x1c CMakeFiles/max7219.dir/C_/Program_Files/Raspberry_Pi/Pico_SDK_v1.5.1/pico-sdk/src/rp2_common/hardware_irq/irq.c.obj
                0x10000b5c                irq_init_priorities
 .text.user_irq_claim_unused
                0x10000b78       0x28 CMakeFiles/max7219.dir/C_/Program_Files/Raspberry_Pi/Pico_SDK_v1.5.1/pico-sdk/src/rp2_common/hardware_irq/irq.c.obj
                0x10000b78                user_irq_claim_unused
 .text.lock_init
                0x10000ba0       0x10 CMakeFiles/max7219.dir/C_/Program_Files/Raspberry_Pi/Pico_SDK_v1.5.1/pico-sdk/src/common/pico_sync/lock_core.c.obj
                0x10000ba0                lock_init
 .text.mutex_init
                0x10000bb0       0x1a CMakeFiles/max7219.dir/C_/Program_Files/Raspberry_Pi/Pico_SDK_v1.5.1/pico-sdk/src/common/pico_sync/mutex.c.obj
                0x10000bb0                mutex_init
 .text.recursive_mutex_init
                0x10000bca       0x1e CMakeFiles/max7219.dir/C_/Program_Files/Raspberry_Pi/Pico_SDK_v1.5.1/pico-sdk/src/common/pico_sync/mutex.c.obj
                0x10000bca                recursive_mutex_init
 .text.critical_section_init_with_lock_num
                0x10000be8       0x14 CMakeFiles/max7219.dir/C_/Program_Files/Raspberry_Pi/Pico_SDK_v1.5.1/pico-sdk/src/common/pico_sync/critical_section.c.obj
                0x10000be8                critical_section_init_with_lock_num
 .text.critical_section_init
                0x10000bfc       0x14 CMakeFiles/max7219.dir/C_/Program_Files/Raspberry_Pi/Pico_SDK_v1.5.1/pico-sdk/src/common/pico_sync/critical_section.c.obj
                0x10000bfc                critical_section_init
 .text.alarm_pool_post_alloc_init
                0x10000c10       0x40 CMakeFiles/max7219.dir/C_/Program_Files/Raspberry_Pi/Pico_SDK_v1.5.1/pico-sdk/src/common/pico_time/time.c.obj
 .text.sleep_until_callback
                0x10000c50       0x30 CMakeFiles/max7219.dir/C_/Program_Files/Raspberry_Pi/Pico_SDK_v1.5.1/pico-sdk/src/common/pico_time/time.c.obj
 .text.timer_pool_entry_comparator
                0x10000c80       0x7c CMakeFiles/max7219.dir/C_/Program_Files/Raspberry_Pi/Pico_SDK_v1.5.1/pico-sdk/src/common/pico_time/time.c.obj
                0x10000c80                timer_pool_entry_comparator
 .text.ph_add_child_node
                0x10000cfc       0xa4 CMakeFiles/max7219.dir/C_/Program_Files/Raspberry_Pi/Pico_SDK_v1.5.1/pico-sdk/src/common/pico_time/time.c.obj
 .text.ph_merge_nodes
                0x10000da0       0x3e CMakeFiles/max7219.dir/C_/Program_Files/Raspberry_Pi/Pico_SDK_v1.5.1/pico-sdk/src/common/pico_time/time.c.obj
 *fill*         0x10000dde        0x2 
 .text.add_alarm_under_lock
                0x10000de0      0x174 CMakeFiles/max7219.dir/C_/Program_Files/Raspberry_Pi/Pico_SDK_v1.5.1/pico-sdk/src/common/pico_time/time.c.obj
 .text.alarm_pool_alarm_callback
                0x10000f54      0x33c CMakeFiles/max7219.dir/C_/Program_Files/Raspberry_Pi/Pico_SDK_v1.5.1/pico-sdk/src/common/pico_time/time.c.obj
 .text.alarm_pool_init_default
                0x10001290       0x40 CMakeFiles/max7219.dir/C_/Program_Files/Raspberry_Pi/Pico_SDK_v1.5.1/pico-sdk/src/common/pico_time/time.c.obj
                0x10001290                alarm_pool_init_default
 .text.alarm_pool_get_default
                0x100012d0       0x2c CMakeFiles/max7219.dir/C_/Program_Files/Raspberry_Pi/Pico_SDK_v1.5.1/pico-sdk/src/common/pico_time/time.c.obj
                0x100012d0                alarm_pool_get_default
 .text.alarm_pool_add_alarm_at
                0x100012fc      0x168 CMakeFiles/max7219.dir/C_/Program_Files/Raspberry_Pi/Pico_SDK_v1.5.1/pico-sdk/src/common/pico_time/time.c.obj
                0x100012fc                alarm_pool_add_alarm_at
 .text.alarm_pool_cancel_alarm
                0x10001464       0xf8 CMakeFiles/max7219.dir/C_/Program_Files/Raspberry_Pi/Pico_SDK_v1.5.1/pico-sdk/src/common/pico_time/time.c.obj
                0x10001464                alarm_pool_cancel_alarm
 .text.alarm_pool_core_num
                0x1000155c        0x4 CMakeFiles/max7219.dir/C_/Program_Files/Raspberry_Pi/Pico_SDK_v1.5.1/pico-sdk/src/common/pico_time/time.c.obj
                0x1000155c                alarm_pool_core_num
 .text.sleep_until
                0x10001560       0xfc CMakeFiles/max7219.dir/C_/Program_Files/Raspberry_Pi/Pico_SDK_v1.5.1/pico-sdk/src/common/pico_time/time.c.obj
                0x10001560                sleep_until
 .text.sleep_us
                0x1000165c       0x58 CMakeFiles/max7219.dir/C_/Program_Files/Raspberry_Pi/Pico_SDK_v1.5.1/pico-sdk/src/common/pico_time/time.c.obj
                0x1000165c                sleep_us
 .text.sleep_ms
                0x100016b4       0x14 CMakeFiles/max7219.dir/C_/Program_Files/Raspberry_Pi/Pico_SDK_v1.5.1/pico-sdk/src/common/pico_time/time.c.obj
                0x100016b4                sleep_ms
 .text.best_effort_wfe_or_timeout
                0x100016c8       0xac CMakeFiles/max7219.dir/C_/Program_Files/Raspberry_Pi/Pico_SDK_v1.5.1/pico-sdk/src/common/pico_time/time.c.obj
                0x100016c8                best_effort_wfe_or_timeout
 .text.hardware_alarm_irq_handler
                0x10001774       0x90 CMakeFiles/max7219.dir/C_/Program_Files/Raspberry_Pi/Pico_SDK_v1.5.1/pico-sdk/src/rp2_common/hardware_timer/timer.c.obj
 .text.hardware_alarm_claim
                0x10001804       0x18 CMakeFiles/max7219.dir/C_/Program_Files/Raspberry_Pi/Pico_SDK_v1.5.1/pico-sdk/src/rp2_common/hardware_timer/timer.c.obj
                0x10001804                hardware_alarm_claim
 .text.time_us_64
                0x1000181c       0x18 CMakeFiles/max7219.dir/C_/Program_Files/Raspberry_Pi/Pico_SDK_v1.5.1/pico-sdk/src/rp2_common/hardware_timer/timer.c.obj
                0x1000181c                time_us_64
 .text.busy_wait_until
                0x10001834       0x28 CMakeFiles/max7219.dir/C_/Program_Files/Raspberry_Pi/Pico_SDK_v1.5.1/pico-sdk/src/rp2_common/hardware_timer/timer.c.obj
                0x10001834                busy_wait_until
 .text.hardware_alarm_set_callback
                0x1000185c       0x90 CMakeFiles/max7219.dir/C_/Program_Files/Raspberry_Pi/Pico_SDK_v1.5.1/pico-sdk/src/rp2_common/hardware_timer/timer.c.obj
                0x1000185c                hardware_alarm_set_callback
 .text.hardware_alarm_set_target
                0x100018ec       0xe8 CMakeFiles/max7219.dir/C_/Program_Files/Raspberry_Pi/Pico_SDK_v1.5.1/pico-sdk/src/rp2_common/hardware_timer/timer.c.obj
                0x100018ec                hardware_alarm_set_target
 .text.hardware_alarm_cancel
                0x100019d4       0x40 CMakeFiles/max7219.dir/C_/Program_Files/Raspberry_Pi/Pico_SDK_v1.5.1/pico-sdk/src/rp2_common/hardware_timer/timer.c.obj
                0x100019d4                hardware_alarm_cancel
 .text.ph_add_child_node
                0x10001a14       0xa4 CMakeFiles/max7219.dir/C_/Program_Files/Raspberry_Pi/Pico_SDK_v1.5.1/pico-sdk/src/common/pico_util/pheap.c.obj
 .text.ph_merge_nodes
                0x10001ab8       0x3e CMakeFiles/max7219.dir/C_/Program_Files/Raspberry_Pi/Pico_SDK_v1.5.1/pico-sdk/src/common/pico_util/pheap.c.obj
 *fill*         0x10001af6        0x2 
 .text.ph_clear
                0x10001af8       0x70 CMakeFiles/max7219.dir/C_/Program_Files/Raspberry_Pi/Pico_SDK_v1.5.1/pico-sdk/src/common/pico_util/pheap.c.obj
                0x10001af8                ph_clear
 .text.ph_post_alloc_init
                0x10001b68        0xe CMakeFiles/max7219.dir/C_/Program_Files/Raspberry_Pi/Pico_SDK_v1.5.1/pico-sdk/src/common/pico_util/pheap.c.obj
                0x10001b68                ph_post_alloc_init
 *fill*         0x10001b76        0x2 
 .text.ph_merge_two_pass
                0x10001b78       0xa8 CMakeFiles/max7219.dir/C_/Program_Files/Raspberry_Pi/Pico_SDK_v1.5.1/pico-sdk/src/common/pico_util/pheap.c.obj
                0x10001b78                ph_merge_two_pass
 .text.ph_remove_any_head
                0x10001c20      0x128 CMakeFiles/max7219.dir/C_/Program_Files/Raspberry_Pi/Pico_SDK_v1.5.1/pico-sdk/src/common/pico_util/pheap.c.obj
 .text.ph_remove_head
                0x10001d48       0x14 CMakeFiles/max7219.dir/C_/Program_Files/Raspberry_Pi/Pico_SDK_v1.5.1/pico-sdk/src/common/pico_util/pheap.c.obj
                0x10001d48                ph_remove_head
 .text.ph_remove_and_free_node
                0x10001d5c       0xf8 CMakeFiles/max7219.dir/C_/Program_Files/Raspberry_Pi/Pico_SDK_v1.5.1/pico-sdk/src/common/pico_util/pheap.c.obj
                0x10001d5c                ph_remove_and_free_node
 .text.clock_configure
                0x10001e54      0x108 CMakeFiles/max7219.dir/C_/Program_Files/Raspberry_Pi/Pico_SDK_v1.5.1/pico-sdk/src/rp2_common/hardware_clocks/clocks.c.obj
                0x10001e54                clock_configure
 .text.clocks_init
                0x10001f5c      0x100 CMakeFiles/max7219.dir/C_/Program_Files/Raspberry_Pi/Pico_SDK_v1.5.1/pico-sdk/src/rp2_common/hardware_clocks/clocks.c.obj
                0x10001f5c                clocks_init
 .text.clock_get_hz
                0x1000205c        0xc CMakeFiles/max7219.dir/C_/Program_Files/Raspberry_Pi/Pico_SDK_v1.5.1/pico-sdk/src/rp2_common/hardware_clocks/clocks.c.obj
                0x1000205c                clock_get_hz
 .text.pll_init
                0x10002068      0x120 CMakeFiles/max7219.dir/C_/Program_Files/Raspberry_Pi/Pico_SDK_v1.5.1/pico-sdk/src/rp2_common/hardware_pll/pll.c.obj
                0x10002068                pll_init
 .text.watchdog_start_tick
                0x10002188       0x10 CMakeFiles/max7219.dir/C_/Program_Files/Raspberry_Pi/Pico_SDK_v1.5.1/pico-sdk/src/rp2_common/hardware_watchdog/watchdog.c.obj
                0x10002188                watchdog_start_tick
 .text.watchdog_update
                0x10002198       0x14 CMakeFiles/max7219.dir/C_/Program_Files/Raspberry_Pi/Pico_SDK_v1.5.1/pico-sdk/src/rp2_common/hardware_watchdog/watchdog.c.obj
                0x10002198                watchdog_update
 .text._watchdog_enable
                0x100021ac       0x78 CMakeFiles/max7219.dir/C_/Program_Files/Raspberry_Pi/Pico_SDK_v1.5.1/pico-sdk/src/rp2_common/hardware_watchdog/watchdog.c.obj
                0x100021ac                _watchdog_enable
 .text.watchdog_reboot
                0x10002224       0x48 CMakeFiles/max7219.dir/C_/Program_Files/Raspberry_Pi/Pico_SDK_v1.5.1/pico-sdk/src/rp2_common/hardware_watchdog/watchdog.c.obj
                0x10002224                watchdog_reboot
 .text.xosc_init
                0x1000226c       0x28 CMakeFiles/max7219.dir/C_/Program_Files/Raspberry_Pi/Pico_SDK_v1.5.1/pico-sdk/src/rp2_common/hardware_xosc/xosc.c.obj
                0x1000226c                xosc_init
 .text._exit    0x10002294        0x4 CMakeFiles/max7219.dir/C_/Program_Files/Raspberry_Pi/Pico_SDK_v1.5.1/pico-sdk/src/rp2_common/pico_runtime/runtime.c.obj
                0x10002294                _exit
 .text.exit     0x10002298        0x6 CMakeFiles/max7219.dir/C_/Program_Files/Raspberry_Pi/Pico_SDK_v1.5.1/pico-sdk/src/rp2_common/pico_runtime/runtime.c.obj
                0x10002298                exit
 *fill*         0x1000229e        0x2 
 .text.__assert_func
                0x100022a0       0x3c CMakeFiles/max7219.dir/C_/Program_Files/Raspberry_Pi/Pico_SDK_v1.5.1/pico-sdk/src/rp2_common/pico_runtime/runtime.c.obj
                0x100022a0                __assert_func
 .text.runtime_init
                0x100022dc       0xf8 CMakeFiles/max7219.dir/C_/Program_Files/Raspberry_Pi/Pico_SDK_v1.5.1/pico-sdk/src/rp2_common/pico_runtime/runtime.c.obj
                0x100022dc                runtime_init
 .text.panic    0x100023d4       0x30 CMakeFiles/max7219.dir/C_/Program_Files/Raspberry_Pi/Pico_SDK_v1.5.1/pico-sdk/src/rp2_common/pico_runtime/runtime.c.obj
                0x100023d4                panic
 .text._out_null
                0x10002404        0x2 CMakeFiles/max7219.dir/C_/Program_Files/Raspberry_Pi/Pico_SDK_v1.5.1/pico-sdk/src/rp2_common/pico_printf/printf.c.obj
 .text._out_fct
                0x10002406        0xe CMakeFiles/max7219.dir/C_/Program_Files/Raspberry_Pi/Pico_SDK_v1.5.1/pico-sdk/src/rp2_common/pico_printf/printf.c.obj
 .text._atoi    0x10002414       0x24 CMakeFiles/max7219.dir/C_/Program_Files/Raspberry_Pi/Pico_SDK_v1.5.1/pico-sdk/src/rp2_common/pico_printf/printf.c.obj
 .text._out_rev
                0x10002438       0xae CMakeFiles/max7219.dir/C_/Program_Files/Raspberry_Pi/Pico_SDK_v1.5.1/pico-sdk/src/rp2_common/pico_printf/printf.c.obj
 .text._ntoa_format
                0x100024e6      0x112 CMakeFiles/max7219.dir/C_/Program_Files/Raspberry_Pi/Pico_SDK_v1.5.1/pico-sdk/src/rp2_common/pico_printf/printf.c.obj
 .text._ntoa_long
                0x100025f8       0xbc CMakeFiles/max7219.dir/C_/Program_Files/Raspberry_Pi/Pico_SDK_v1.5.1/pico-sdk/src/rp2_common/pico_printf/printf.c.obj
 .text._ntoa_long_long
                0x100026b4       0xe2 CMakeFiles/max7219.dir/C_/Program_Files/Raspberry_Pi/Pico_SDK_v1.5.1/pico-sdk/src/rp2_common/pico_printf/printf.c.obj
 *fill*         0x10002796        0x2 
 .text._etoa    0x10002798      0x414 CMakeFiles/max7219.dir/C_/Program_Files/Raspberry_Pi/Pico_SDK_v1.5.1/pico-sdk/src/rp2_common/pico_printf/printf.c.obj
 .text._ftoa    0x10002bac      0x354 CMakeFiles/max7219.dir/C_/Program_Files/Raspberry_Pi/Pico_SDK_v1.5.1/pico-sdk/src/rp2_common/pico_printf/printf.c.obj
 .text._vsnprintf
                0x10002f00      0x624 CMakeFiles/max7219.dir/C_/Program_Files/Raspberry_Pi/Pico_SDK_v1.5.1/pico-sdk/src/rp2_common/pico_printf/printf.c.obj
 .text.vfctprintf
                0x10003524       0x20 CMakeFiles/max7219.dir/C_/Program_Files/Raspberry_Pi/Pico_SDK_v1.5.1/pico-sdk/src/rp2_common/pico_printf/printf.c.obj
                0x10003524                vfctprintf
 .text          0x10003544       0x10 CMakeFiles/max7219.dir/C_/Program_Files/Raspberry_Pi/Pico_SDK_v1.5.1/pico-sdk/src/rp2_common/pico_bit_ops/bit_ops_aeabi.S.obj
 .text.rom_func_lookup
                0x10003554       0x10 CMakeFiles/max7219.dir/C_/Program_Files/Raspberry_Pi/Pico_SDK_v1.5.1/pico-sdk/src/rp2_common/pico_bootrom/bootrom.c.obj
                0x10003554                rom_func_lookup
 .text.rom_data_lookup
                0x10003564       0x10 CMakeFiles/max7219.dir/C_/Program_Files/Raspberry_Pi/Pico_SDK_v1.5.1/pico-sdk/src/rp2_common/pico_bootrom/bootrom.c.obj
                0x10003564                rom_data_lookup
 .text.rom_funcs_lookup
                0x10003574       0x36 CMakeFiles/max7219.dir/C_/Program_Files/Raspberry_Pi/Pico_SDK_v1.5.1/pico-sdk/src/rp2_common/pico_bootrom/bootrom.c.obj
                0x10003574                rom_funcs_lookup
 *fill*         0x100035aa        0x2 
 .text.__wrap___aeabi_idiv
                0x100035ac       0x50 CMakeFiles/max7219.dir/C_/Program_Files/Raspberry_Pi/Pico_SDK_v1.5.1/pico-sdk/src/rp2_common/pico_divider/divider.S.obj
                0x100035ac                __wrap___aeabi_idivmod
                0x100035ac                divmod_s32s32
                0x100035ac                div_s32s32
                0x100035ac                __wrap___aeabi_idiv
                0x100035b4                divmod_s32s32_unsafe
                0x100035e0                divmod_s32s32_savestate
 .text.__wrap___aeabi_uidiv
                0x100035fc       0x4c CMakeFiles/max7219.dir/C_/Program_Files/Raspberry_Pi/Pico_SDK_v1.5.1/pico-sdk/src/rp2_common/pico_divider/divider.S.obj
                0x100035fc                __wrap___aeabi_uidiv
                0x100035fc                __wrap___aeabi_uidivmod
                0x100035fc                div_u32u32
                0x100035fc                divmod_u32u32
                0x10003604                divmod_u32u32_unsafe
                0x1000362c                divmod_u32u32_savestate
 .text.__wrap___aeabi_ldiv
                0x10003648      0x424 CMakeFiles/max7219.dir/C_/Program_Files/Raspberry_Pi/Pico_SDK_v1.5.1/pico-sdk/src/rp2_common/pico_divider/divider.S.obj
                0x10003648                div_s64s64
                0x10003648                divmod_s64s64
                0x10003648                __wrap___aeabi_ldivmod
                0x10003678                divmod_u64u64
                0x10003678                div_u64u64
                0x10003678                __wrap___aeabi_uldivmod
                0x10003688                divmod_u64u64_savestate
                0x100036a8                divmod_s64s64_unsafe
                0x10003730                divmod_u64u64_unsafe
 .text.__wrap___aeabi_darithmetic
                0x10003a6c       0x80 CMakeFiles/max7219.dir/C_/Program_Files/Raspberry_Pi/Pico_SDK_v1.5.1/pico-sdk/src/rp2_common/pico_double/double_aeabi.S.obj
                0x10003a6c                __wrap___aeabi_drsub
                0x10003a72                __wrap___aeabi_dsub
                0x10003a84                __wrap___aeabi_dadd
                0x10003a96                __wrap___aeabi_ddiv
                0x10003ad2                __wrap___aeabi_dmul
 .text.__wrap___aeabi_cdcmple
                0x10003aec       0x6c CMakeFiles/max7219.dir/C_/Program_Files/Raspberry_Pi/Pico_SDK_v1.5.1/pico-sdk/src/rp2_common/pico_double/double_aeabi.S.obj
                0x10003aec                __wrap___aeabi_cdrcmple
                0x10003afc                __wrap___aeabi_cdcmpeq
                0x10003afc                __wrap___aeabi_cdcmple
 .text.__wrap___aeabi_dcmplt
                0x10003b58        0xc CMakeFiles/max7219.dir/C_/Program_Files/Raspberry_Pi/Pico_SDK_v1.5.1/pico-sdk/src/rp2_common/pico_double/double_aeabi.S.obj
                0x10003b58                __wrap___aeabi_dcmplt
 .text.__wrap___aeabi_dcmple
                0x10003b64       0x10 CMakeFiles/max7219.dir/C_/Program_Files/Raspberry_Pi/Pico_SDK_v1.5.1/pico-sdk/src/rp2_common/pico_double/double_aeabi.S.obj
                0x10003b64                __wrap___aeabi_dcmple
 .text.__wrap___aeabi_dcmpge
                0x10003b74       0x10 CMakeFiles/max7219.dir/C_/Program_Files/Raspberry_Pi/Pico_SDK_v1.5.1/pico-sdk/src/rp2_common/pico_double/double_aeabi.S.obj
                0x10003b74                __wrap___aeabi_dcmpge
 .text.__wrap___aeabi_dcmpgt
                0x10003b84        0xa CMakeFiles/max7219.dir/C_/Program_Files/Raspberry_Pi/Pico_SDK_v1.5.1/pico-sdk/src/rp2_common/pico_double/double_aeabi.S.obj
                0x10003b84                __wrap___aeabi_dcmpgt
 .text.__wrap___aeabi_dcmpun
                0x10003b8e       0x1c CMakeFiles/max7219.dir/C_/Program_Files/Raspberry_Pi/Pico_SDK_v1.5.1/pico-sdk/src/rp2_common/pico_double/double_aeabi.S.obj
                0x10003b8e                __wrap___aeabi_dcmpun
 *fill*         0x10003baa        0x2 
 .text.__wrap___aeabi_i2d
                0x10003bac       0x38 CMakeFiles/max7219.dir/C_/Program_Files/Raspberry_Pi/Pico_SDK_v1.5.1/pico-sdk/src/rp2_common/pico_double/double_aeabi.S.obj
                0x10003bac                __wrap___aeabi_ui2d
                0x10003bb4                __wrap___aeabi_i2d
 .text.__wrap___aeabi_d2iz
                0x10003be4       0x48 CMakeFiles/max7219.dir/C_/Program_Files/Raspberry_Pi/Pico_SDK_v1.5.1/pico-sdk/src/rp2_common/pico_double/double_aeabi.S.obj
                0x10003be4                double2int_z
                0x10003be4                __wrap___aeabi_d2iz
 .text.__wrap___aeabi_d2uiz
                0x10003c2c       0x18 CMakeFiles/max7219.dir/C_/Program_Files/Raspberry_Pi/Pico_SDK_v1.5.1/pico-sdk/src/rp2_common/pico_double/double_aeabi.S.obj
                0x10003c2c                __wrap___aeabi_d2uiz
                0x10003c2c                double2uint
 .text.__aeabi_double_init
                0x10003c44       0xc8 CMakeFiles/max7219.dir/C_/Program_Files/Raspberry_Pi/Pico_SDK_v1.5.1/pico-sdk/src/rp2_common/pico_double/double_init_rom.c.obj
                0x10003c44                __aeabi_double_init
 .text.double_table_shim_on_use_helper
                0x10003d0c       0x34 CMakeFiles/max7219.dir/C_/Program_Files/Raspberry_Pi/Pico_SDK_v1.5.1/pico-sdk/src/rp2_common/pico_double/double_v1_rom_shim.S.obj
                0x10003d0c                double_table_shim_on_use_helper
 .text.__wrap___aeabi_dsub
                0x10003d40       0x10 CMakeFiles/max7219.dir/C_/Program_Files/Raspberry_Pi/Pico_SDK_v1.5.1/pico-sdk/src/rp2_common/pico_double/double_v1_rom_shim.S.obj
                0x10003d40                drsub_shim
                0x10003d46                dsub_shim
 .text.dadd_shim
                0x10003d50      0x15c CMakeFiles/max7219.dir/C_/Program_Files/Raspberry_Pi/Pico_SDK_v1.5.1/pico-sdk/src/rp2_common/pico_double/double_v1_rom_shim.S.obj
                0x10003d50                dadd_shim
 .text.dmul_shim
                0x10003eac      0x15c CMakeFiles/max7219.dir/C_/Program_Files/Raspberry_Pi/Pico_SDK_v1.5.1/pico-sdk/src/rp2_common/pico_double/double_v1_rom_shim.S.obj
                0x10003eac                dmul_shim
 .text.ddiv_shim
                0x10004008      0x1b0 CMakeFiles/max7219.dir/C_/Program_Files/Raspberry_Pi/Pico_SDK_v1.5.1/pico-sdk/src/rp2_common/pico_double/double_v1_rom_shim.S.obj
                0x10004008                ddiv_shim
 .text.double2uint_shim
                0x100041b8        0xe CMakeFiles/max7219.dir/C_/Program_Files/Raspberry_Pi/Pico_SDK_v1.5.1/pico-sdk/src/rp2_common/pico_double/double_v1_rom_shim.S.obj
                0x100041b8                double2uint_shim
                0x100041ba                double2ufix_shim
 *fill*         0x100041c6        0x2 
 .text.double2uint64_shim
                0x100041c8       0x70 CMakeFiles/max7219.dir/C_/Program_Files/Raspberry_Pi/Pico_SDK_v1.5.1/pico-sdk/src/rp2_common/pico_double/double_v1_rom_shim.S.obj
                0x100041c8                double2uint64_shim
                0x100041ca                double2ufix64_shim
                0x100041ea                d2fix_a
 .text.dunpacks
                0x10004238       0x3c CMakeFiles/max7219.dir/C_/Program_Files/Raspberry_Pi/Pico_SDK_v1.5.1/pico-sdk/src/rp2_common/pico_double/double_v1_rom_shim.S.obj
                0x10004238                dunpacks
 .text.__aeabi_lmul
                0x10004274       0x32 CMakeFiles/max7219.dir/C_/Program_Files/Raspberry_Pi/Pico_SDK_v1.5.1/pico-sdk/src/rp2_common/pico_int64_ops/pico_int64_ops_aeabi.S.obj
                0x10004274                __wrap___aeabi_lmul
 *fill*         0x100042a6        0x2 
 .text.__aeabi_float_init
                0x100042a8       0xfc CMakeFiles/max7219.dir/C_/Program_Files/Raspberry_Pi/Pico_SDK_v1.5.1/pico-sdk/src/rp2_common/pico_float/float_init_rom.c.obj
                0x100042a8                __aeabi_float_init
 .text.float_table_shim_on_use_helper
                0x100043a4       0x34 CMakeFiles/max7219.dir/C_/Program_Files/Raspberry_Pi/Pico_SDK_v1.5.1/pico-sdk/src/rp2_common/pico_float/float_v1_rom_shim.S.obj
                0x100043a4                float_table_shim_on_use_helper
 .text          0x100043d8       0x10 CMakeFiles/max7219.dir/C_/Program_Files/Raspberry_Pi/Pico_SDK_v1.5.1/pico-sdk/src/rp2_common/pico_mem_ops/mem_ops_aeabi.S.obj
                0x100043d8                __aeabi_mem_init
 .text.memset   0x100043e8        0xc CMakeFiles/max7219.dir/C_/Program_Files/Raspberry_Pi/Pico_SDK_v1.5.1/pico-sdk/src/rp2_common/pico_mem_ops/mem_ops_aeabi.S.obj
                0x100043e8                __wrap_memset
 .text.memcpy   0x100043f4        0xc CMakeFiles/max7219.dir/C_/Program_Files/Raspberry_Pi/Pico_SDK_v1.5.1/pico-sdk/src/rp2_common/pico_mem_ops/mem_ops_aeabi.S.obj
                0x100043f4                __wrap_memcpy
                0x100043f4                __wrap___aeabi_memcpy
 .text.stdio_out_chars_no_crlf
                0x10004400        0xe CMakeFiles/max7219.dir/C_/Program_Files/Raspberry_Pi/Pico_SDK_v1.5.1/pico-sdk/src/rp2_common/pico_stdio/stdio.c.obj
 *fill*         0x1000440e        0x2 
 .text.stdio_out_chars_crlf
                0x10004410       0x80 CMakeFiles/max7219.dir/C_/Program_Files/Raspberry_Pi/Pico_SDK_v1.5.1/pico-sdk/src/rp2_common/pico_stdio/stdio.c.obj
 .text.stdio_stack_buffer_flush
                0x10004490       0x44 CMakeFiles/max7219.dir/C_/Program_Files/Raspberry_Pi/Pico_SDK_v1.5.1/pico-sdk/src/rp2_common/pico_stdio/stdio.c.obj
 .text.stdio_buffered_printer
                0x100044d4       0x20 CMakeFiles/max7219.dir/C_/Program_Files/Raspberry_Pi/Pico_SDK_v1.5.1/pico-sdk/src/rp2_common/pico_stdio/stdio.c.obj
 .text.stdout_serialize_begin
                0x100044f4       0x5c CMakeFiles/max7219.dir/C_/Program_Files/Raspberry_Pi/Pico_SDK_v1.5.1/pico-sdk/src/rp2_common/pico_stdio/stdio.c.obj
                0x100044f4                stdout_serialize_begin
 .text.stdout_serialize_end
                0x10004550       0x10 CMakeFiles/max7219.dir/C_/Program_Files/Raspberry_Pi/Pico_SDK_v1.5.1/pico-sdk/src/rp2_common/pico_stdio/stdio.c.obj
                0x10004550                stdout_serialize_end
 .text.stdio_put_string
                0x10004560       0x98 CMakeFiles/max7219.dir/C_/Program_Files/Raspberry_Pi/Pico_SDK_v1.5.1/pico-sdk/src/rp2_common/pico_stdio/stdio.c.obj
 .text.stdio_set_driver_enabled
                0x100045f8       0x2c CMakeFiles/max7219.dir/C_/Program_Files/Raspberry_Pi/Pico_SDK_v1.5.1/pico-sdk/src/rp2_common/pico_stdio/stdio.c.obj
                0x100045f8                stdio_set_driver_enabled
 .text.stdio_flush
                0x10004624       0x20 CMakeFiles/max7219.dir/C_/Program_Files/Raspberry_Pi/Pico_SDK_v1.5.1/pico-sdk/src/rp2_common/pico_stdio/stdio.c.obj
                0x10004624                stdio_flush
 .text.__wrap_puts
                0x10004644       0x1e CMakeFiles/max7219.dir/C_/Program_Files/Raspberry_Pi/Pico_SDK_v1.5.1/pico-sdk/src/rp2_common/pico_stdio/stdio.c.obj
                0x10004644                __wrap_puts
 *fill*         0x10004662        0x2 
 .text.__wrap_vprintf
                0x10004664       0x40 CMakeFiles/max7219.dir/C_/Program_Files/Raspberry_Pi/Pico_SDK_v1.5.1/pico-sdk/src/rp2_common/pico_stdio/stdio.c.obj
                0x10004664                __wrap_vprintf
 .text.__wrap_printf
                0x100046a4       0x18 CMakeFiles/max7219.dir/C_/Program_Files/Raspberry_Pi/Pico_SDK_v1.5.1/pico-sdk/src/rp2_common/pico_stdio/stdio.c.obj
                0x100046a4                __wrap_printf
 .text.stdio_init_all
                0x100046bc        0x8 CMakeFiles/max7219.dir/C_/Program_Files/Raspberry_Pi/Pico_SDK_v1.5.1/pico-sdk/src/rp2_common/pico_stdio/stdio.c.obj
                0x100046bc                stdio_init_all
 .text.resetd_init
                0x100046c4        0x2 CMakeFiles/max7219.dir/C_/Program_Files/Raspberry_Pi/Pico_SDK_v1.5.1/pico-sdk/src/rp2_common/pico_stdio_usb/reset_interface.c.obj
 *fill*         0x100046c6        0x2 
 .text.resetd_reset
                0x100046c8        0xc CMakeFiles/max7219.dir/C_/Program_Files/Raspberry_Pi/Pico_SDK_v1.5.1/pico-sdk/src/rp2_common/pico_stdio_usb/reset_interface.c.obj
 .text.resetd_open
                0x100046d4       0x34 CMakeFiles/max7219.dir/C_/Program_Files/Raspberry_Pi/Pico_SDK_v1.5.1/pico-sdk/src/rp2_common/pico_stdio_usb/reset_interface.c.obj
 .text.resetd_xfer_cb
                0x10004708        0x4 CMakeFiles/max7219.dir/C_/Program_Files/Raspberry_Pi/Pico_SDK_v1.5.1/pico-sdk/src/rp2_common/pico_stdio_usb/reset_interface.c.obj
 .text.reset_usb_boot
                0x1000470c       0x18 CMakeFiles/max7219.dir/C_/Program_Files/Raspberry_Pi/Pico_SDK_v1.5.1/pico-sdk/src/rp2_common/pico_stdio_usb/reset_interface.c.obj
 .text.resetd_control_xfer_cb
                0x10004724       0x5c CMakeFiles/max7219.dir/C_/Program_Files/Raspberry_Pi/Pico_SDK_v1.5.1/pico-sdk/src/rp2_common/pico_stdio_usb/reset_interface.c.obj
 .text.usbd_app_driver_get_cb
                0x10004780        0xc CMakeFiles/max7219.dir/C_/Program_Files/Raspberry_Pi/Pico_SDK_v1.5.1/pico-sdk/src/rp2_common/pico_stdio_usb/reset_interface.c.obj
                0x10004780                usbd_app_driver_get_cb
 .text.tud_cdc_line_coding_cb
                0x1000478c       0x28 CMakeFiles/max7219.dir/C_/Program_Files/Raspberry_Pi/Pico_SDK_v1.5.1/pico-sdk/src/rp2_common/pico_stdio_usb/reset_interface.c.obj
                0x1000478c                tud_cdc_line_coding_cb
 .text.stdio_usb_set_chars_available_callback
                0x100047b4       0x14 CMakeFiles/max7219.dir/C_/Program_Files/Raspberry_Pi/Pico_SDK_v1.5.1/pico-sdk/src/rp2_common/pico_stdio_usb/stdio_usb.c.obj
                0x100047b4                stdio_usb_set_chars_available_callback
 .text.usb_irq  0x100047c8       0x10 CMakeFiles/max7219.dir/C_/Program_Files/Raspberry_Pi/Pico_SDK_v1.5.1/pico-sdk/src/rp2_common/pico_stdio_usb/stdio_usb.c.obj
 .text.timer_task
                0x100047d8       0x5c CMakeFiles/max7219.dir/C_/Program_Files/Raspberry_Pi/Pico_SDK_v1.5.1/pico-sdk/src/rp2_common/pico_stdio_usb/stdio_usb.c.obj
 .text.low_priority_worker_irq
                0x10004834       0xdc CMakeFiles/max7219.dir/C_/Program_Files/Raspberry_Pi/Pico_SDK_v1.5.1/pico-sdk/src/rp2_common/pico_stdio_usb/stdio_usb.c.obj
 .text.tud_cdc_rx_cb
                0x10004910       0x20 CMakeFiles/max7219.dir/C_/Program_Files/Raspberry_Pi/Pico_SDK_v1.5.1/pico-sdk/src/rp2_common/pico_stdio_usb/stdio_usb.c.obj
                0x10004910                tud_cdc_rx_cb
 .text.stdio_usb_init
                0x10004930      0x11c CMakeFiles/max7219.dir/C_/Program_Files/Raspberry_Pi/Pico_SDK_v1.5.1/pico-sdk/src/rp2_common/pico_stdio_usb/stdio_usb.c.obj
                0x10004930                stdio_usb_init
 .text.stdio_usb_connected
                0x10004a4c        0xa CMakeFiles/max7219.dir/C_/Program_Files/Raspberry_Pi/Pico_SDK_v1.5.1/pico-sdk/src/rp2_common/pico_stdio_usb/stdio_usb.c.obj
                0x10004a4c                stdio_usb_connected
 *fill*         0x10004a56        0x2 
 .text.stdio_usb_in_chars
                0x10004a58       0xc4 CMakeFiles/max7219.dir/C_/Program_Files/Raspberry_Pi/Pico_SDK_v1.5.1/pico-sdk/src/rp2_common/pico_stdio_usb/stdio_usb.c.obj
                0x10004a58                stdio_usb_in_chars
 .text.stdio_usb_out_chars
                0x10004b1c      0x114 CMakeFiles/max7219.dir/C_/Program_Files/Raspberry_Pi/Pico_SDK_v1.5.1/pico-sdk/src/rp2_common/pico_stdio_usb/stdio_usb.c.obj
 .text.tud_descriptor_device_cb
                0x10004c30        0x8 CMakeFiles/max7219.dir/C_/Program_Files/Raspberry_Pi/Pico_SDK_v1.5.1/pico-sdk/src/rp2_common/pico_stdio_usb/stdio_usb_descriptors.c.obj
                0x10004c30                tud_descriptor_device_cb
 .text.tud_descriptor_configuration_cb
                0x10004c38        0x8 CMakeFiles/max7219.dir/C_/Program_Files/Raspberry_Pi/Pico_SDK_v1.5.1/pico-sdk/src/rp2_common/pico_stdio_usb/stdio_usb_descriptors.c.obj
                0x10004c38                tud_descriptor_configuration_cb
 .text.tud_descriptor_string_cb
                0x10004c40       0x6c CMakeFiles/max7219.dir/C_/Program_Files/Raspberry_Pi/Pico_SDK_v1.5.1/pico-sdk/src/rp2_common/pico_stdio_usb/stdio_usb_descriptors.c.obj
                0x10004c40                tud_descriptor_string_cb
 .text._retrieve_unique_id_on_boot
                0x10004cac       0x10 CMakeFiles/max7219.dir/C_/Program_Files/Raspberry_Pi/Pico_SDK_v1.5.1/pico-sdk/src/rp2_common/pico_unique_id/unique_id.c.obj
 .text.pico_get_unique_board_id_string
                0x10004cbc       0x60 CMakeFiles/max7219.dir/C_/Program_Files/Raspberry_Pi/Pico_SDK_v1.5.1/pico-sdk/src/rp2_common/pico_unique_id/unique_id.c.obj
                0x10004cbc                pico_get_unique_board_id_string
 .text.flash_get_unique_id
                0x10004d1c       0x46 CMakeFiles/max7219.dir/C_/Program_Files/Raspberry_Pi/Pico_SDK_v1.5.1/pico-sdk/src/rp2_common/hardware_flash/flash.c.obj
                0x10004d1c                flash_get_unique_id
 *fill*         0x10004d62        0x2 
 .text.hw_endpoint_get_by_addr
                0x10004d64       0x18 CMakeFiles/max7219.dir/C_/Program_Files/Raspberry_Pi/Pico_SDK_v1.5.1/pico-sdk/lib/tinyusb/src/portable/raspberrypi/rp2040/dcd_rp2040.c.obj
 .text._hw_endpoint_alloc
                0x10004d7c       0x70 CMakeFiles/max7219.dir/C_/Program_Files/Raspberry_Pi/Pico_SDK_v1.5.1/pico-sdk/lib/tinyusb/src/portable/raspberrypi/rp2040/dcd_rp2040.c.obj
 .text.hw_endpoint_init
                0x10004dec       0x88 CMakeFiles/max7219.dir/C_/Program_Files/Raspberry_Pi/Pico_SDK_v1.5.1/pico-sdk/lib/tinyusb/src/portable/raspberrypi/rp2040/dcd_rp2040.c.obj
 .text.hw_endpoint_xfer
                0x10004e74       0x14 CMakeFiles/max7219.dir/C_/Program_Files/Raspberry_Pi/Pico_SDK_v1.5.1/pico-sdk/lib/tinyusb/src/portable/raspberrypi/rp2040/dcd_rp2040.c.obj
 .text.dcd_int_enable
                0x10004e88       0x2c CMakeFiles/max7219.dir/C_/Program_Files/Raspberry_Pi/Pico_SDK_v1.5.1/pico-sdk/lib/tinyusb/src/portable/raspberrypi/rp2040/dcd_rp2040.c.obj
                0x10004e88                dcd_int_enable
 .text.dcd_set_address
                0x10004eb4       0x2c CMakeFiles/max7219.dir/C_/Program_Files/Raspberry_Pi/Pico_SDK_v1.5.1/pico-sdk/lib/tinyusb/src/portable/raspberrypi/rp2040/dcd_rp2040.c.obj
                0x10004eb4                dcd_set_address
 .text.dcd_connect
                0x10004ee0       0x10 CMakeFiles/max7219.dir/C_/Program_Files/Raspberry_Pi/Pico_SDK_v1.5.1/pico-sdk/lib/tinyusb/src/portable/raspberrypi/rp2040/dcd_rp2040.c.obj
                0x10004ee0                dcd_connect
 .text.dcd_init
                0x10004ef0       0x80 CMakeFiles/max7219.dir/C_/Program_Files/Raspberry_Pi/Pico_SDK_v1.5.1/pico-sdk/lib/tinyusb/src/portable/raspberrypi/rp2040/dcd_rp2040.c.obj
                0x10004ef0                dcd_init
 .text.dcd_edpt0_status_complete
                0x10004f70       0x1c CMakeFiles/max7219.dir/C_/Program_Files/Raspberry_Pi/Pico_SDK_v1.5.1/pico-sdk/lib/tinyusb/src/portable/raspberrypi/rp2040/dcd_rp2040.c.obj
                0x10004f70                dcd_edpt0_status_complete
 .text.dcd_edpt_open
                0x10004f8c       0x40 CMakeFiles/max7219.dir/C_/Program_Files/Raspberry_Pi/Pico_SDK_v1.5.1/pico-sdk/lib/tinyusb/src/portable/raspberrypi/rp2040/dcd_rp2040.c.obj
                0x10004f8c                dcd_edpt_open
 .text.dcd_edpt_close_all
                0x10004fcc        0x8 CMakeFiles/max7219.dir/C_/Program_Files/Raspberry_Pi/Pico_SDK_v1.5.1/pico-sdk/lib/tinyusb/src/portable/raspberrypi/rp2040/dcd_rp2040.c.obj
                0x10004fcc                dcd_edpt_close_all
 .text.dcd_edpt_xfer
                0x10004fd4       0x34 CMakeFiles/max7219.dir/C_/Program_Files/Raspberry_Pi/Pico_SDK_v1.5.1/pico-sdk/lib/tinyusb/src/portable/raspberrypi/rp2040/dcd_rp2040.c.obj
                0x10004fd4                dcd_edpt_xfer
 .text.dcd_edpt_stall
                0x10005008       0x2c CMakeFiles/max7219.dir/C_/Program_Files/Raspberry_Pi/Pico_SDK_v1.5.1/pico-sdk/lib/tinyusb/src/portable/raspberrypi/rp2040/dcd_rp2040.c.obj
                0x10005008                dcd_edpt_stall
 .text.dcd_edpt_clear_stall
                0x10005034       0x20 CMakeFiles/max7219.dir/C_/Program_Files/Raspberry_Pi/Pico_SDK_v1.5.1/pico-sdk/lib/tinyusb/src/portable/raspberrypi/rp2040/dcd_rp2040.c.obj
                0x10005034                dcd_edpt_clear_stall
 .text.rp2040_usb_init
                0x10005054       0x4c CMakeFiles/max7219.dir/C_/Program_Files/Raspberry_Pi/Pico_SDK_v1.5.1/pico-sdk/lib/tinyusb/src/portable/raspberrypi/rp2040/rp2040_usb.c.obj
                0x10005054                rp2040_usb_init
 .text.hw_endpoint_xfer_start
                0x100050a0       0x50 CMakeFiles/max7219.dir/C_/Program_Files/Raspberry_Pi/Pico_SDK_v1.5.1/pico-sdk/lib/tinyusb/src/portable/raspberrypi/rp2040/rp2040_usb.c.obj
                0x100050a0                hw_endpoint_xfer_start
 .text.configuration_reset
                0x100050f0       0x84 CMakeFiles/max7219.dir/C_/Program_Files/Raspberry_Pi/Pico_SDK_v1.5.1/pico-sdk/lib/tinyusb/src/device/usbd.c.obj
 .text.usbd_reset
                0x10005174        0xc CMakeFiles/max7219.dir/C_/Program_Files/Raspberry_Pi/Pico_SDK_v1.5.1/pico-sdk/lib/tinyusb/src/device/usbd.c.obj
 .text.invoke_class_control
                0x10005180       0x1a CMakeFiles/max7219.dir/C_/Program_Files/Raspberry_Pi/Pico_SDK_v1.5.1/pico-sdk/lib/tinyusb/src/device/usbd.c.obj
 *fill*         0x1000519a        0x2 
 .text.process_set_config
                0x1000519c      0x178 CMakeFiles/max7219.dir/C_/Program_Files/Raspberry_Pi/Pico_SDK_v1.5.1/pico-sdk/lib/tinyusb/src/device/usbd.c.obj
 .text.process_get_descriptor
                0x10005314       0xdc CMakeFiles/max7219.dir/C_/Program_Files/Raspberry_Pi/Pico_SDK_v1.5.1/pico-sdk/lib/tinyusb/src/device/usbd.c.obj
 .text.tud_mounted
                0x100053f0       0x10 CMakeFiles/max7219.dir/C_/Program_Files/Raspberry_Pi/Pico_SDK_v1.5.1/pico-sdk/lib/tinyusb/src/device/usbd.c.obj
                0x100053f0                tud_mounted
 .text.tud_suspended
                0x10005400       0x10 CMakeFiles/max7219.dir/C_/Program_Files/Raspberry_Pi/Pico_SDK_v1.5.1/pico-sdk/lib/tinyusb/src/device/usbd.c.obj
                0x10005400                tud_suspended
 .text.tud_inited
                0x10005410       0x14 CMakeFiles/max7219.dir/C_/Program_Files/Raspberry_Pi/Pico_SDK_v1.5.1/pico-sdk/lib/tinyusb/src/device/usbd.c.obj
                0x10005410                tud_inited
 .text.tud_init
                0x10005424       0xcc CMakeFiles/max7219.dir/C_/Program_Files/Raspberry_Pi/Pico_SDK_v1.5.1/pico-sdk/lib/tinyusb/src/device/usbd.c.obj
                0x10005424                tud_init
 .text.usbd_defer_func
                0x100054f0       0x2a CMakeFiles/max7219.dir/C_/Program_Files/Raspberry_Pi/Pico_SDK_v1.5.1/pico-sdk/lib/tinyusb/src/device/usbd.c.obj
                0x100054f0                usbd_defer_func
 *fill*         0x1000551a        0x2 
 .text.usbd_edpt_open
                0x1000551c       0x34 CMakeFiles/max7219.dir/C_/Program_Files/Raspberry_Pi/Pico_SDK_v1.5.1/pico-sdk/lib/tinyusb/src/device/usbd.c.obj
                0x1000551c                usbd_edpt_open
 .text.usbd_open_edpt_pair
                0x10005550       0x62 CMakeFiles/max7219.dir/C_/Program_Files/Raspberry_Pi/Pico_SDK_v1.5.1/pico-sdk/lib/tinyusb/src/device/usbd.c.obj
                0x10005550                usbd_open_edpt_pair
 *fill*         0x100055b2        0x2 
 .text.usbd_edpt_claim
                0x100055b4       0x28 CMakeFiles/max7219.dir/C_/Program_Files/Raspberry_Pi/Pico_SDK_v1.5.1/pico-sdk/lib/tinyusb/src/device/usbd.c.obj
                0x100055b4                usbd_edpt_claim
 .text.usbd_edpt_release
                0x100055dc       0x28 CMakeFiles/max7219.dir/C_/Program_Files/Raspberry_Pi/Pico_SDK_v1.5.1/pico-sdk/lib/tinyusb/src/device/usbd.c.obj
                0x100055dc                usbd_edpt_release
 .text.usbd_edpt_xfer
                0x10005604       0x78 CMakeFiles/max7219.dir/C_/Program_Files/Raspberry_Pi/Pico_SDK_v1.5.1/pico-sdk/lib/tinyusb/src/device/usbd.c.obj
                0x10005604                usbd_edpt_xfer
 .text.usbd_edpt_stall
                0x1000567c       0x48 CMakeFiles/max7219.dir/C_/Program_Files/Raspberry_Pi/Pico_SDK_v1.5.1/pico-sdk/lib/tinyusb/src/device/usbd.c.obj
                0x1000567c                usbd_edpt_stall
 .text.usbd_edpt_clear_stall
                0x100056c4       0x48 CMakeFiles/max7219.dir/C_/Program_Files/Raspberry_Pi/Pico_SDK_v1.5.1/pico-sdk/lib/tinyusb/src/device/usbd.c.obj
                0x100056c4                usbd_edpt_clear_stall
 .text.usbd_edpt_stalled
                0x1000570c       0x1c CMakeFiles/max7219.dir/C_/Program_Files/Raspberry_Pi/Pico_SDK_v1.5.1/pico-sdk/lib/tinyusb/src/device/usbd.c.obj
                0x1000570c                usbd_edpt_stalled
 .text.process_control_request
                0x10005728      0x37c CMakeFiles/max7219.dir/C_/Program_Files/Raspberry_Pi/Pico_SDK_v1.5.1/pico-sdk/lib/tinyusb/src/device/usbd.c.obj
 .text.tud_task_ext
                0x10005aa4      0x1b8 CMakeFiles/max7219.dir/C_/Program_Files/Raspberry_Pi/Pico_SDK_v1.5.1/pico-sdk/lib/tinyusb/src/device/usbd.c.obj
                0x10005aa4                tud_task_ext
 .text._data_stage_xact
                0x10005c5c       0x58 CMakeFiles/max7219.dir/C_/Program_Files/Raspberry_Pi/Pico_SDK_v1.5.1/pico-sdk/lib/tinyusb/src/device/usbd_control.c.obj
 .text.tud_control_status
                0x10005cb4       0x38 CMakeFiles/max7219.dir/C_/Program_Files/Raspberry_Pi/Pico_SDK_v1.5.1/pico-sdk/lib/tinyusb/src/device/usbd_control.c.obj
                0x10005cb4                tud_control_status
 .text.tud_control_xfer
                0x10005cec       0x74 CMakeFiles/max7219.dir/C_/Program_Files/Raspberry_Pi/Pico_SDK_v1.5.1/pico-sdk/lib/tinyusb/src/device/usbd_control.c.obj
                0x10005cec                tud_control_xfer
 .text.usbd_control_reset
                0x10005d60       0x14 CMakeFiles/max7219.dir/C_/Program_Files/Raspberry_Pi/Pico_SDK_v1.5.1/pico-sdk/lib/tinyusb/src/device/usbd_control.c.obj
                0x10005d60                usbd_control_reset
 .text.usbd_control_set_complete_callback
                0x10005d74        0xc CMakeFiles/max7219.dir/C_/Program_Files/Raspberry_Pi/Pico_SDK_v1.5.1/pico-sdk/lib/tinyusb/src/device/usbd_control.c.obj
                0x10005d74                usbd_control_set_complete_callback
 .text.usbd_control_set_request
                0x10005d80       0x1c CMakeFiles/max7219.dir/C_/Program_Files/Raspberry_Pi/Pico_SDK_v1.5.1/pico-sdk/lib/tinyusb/src/device/usbd_control.c.obj
                0x10005d80                usbd_control_set_request
 .text.usbd_control_xfer_cb
                0x10005d9c       0xcc CMakeFiles/max7219.dir/C_/Program_Files/Raspberry_Pi/Pico_SDK_v1.5.1/pico-sdk/lib/tinyusb/src/device/usbd_control.c.obj
                0x10005d9c                usbd_control_xfer_cb
 .text._prep_out_transaction
                0x10005e68       0x4a CMakeFiles/max7219.dir/C_/Program_Files/Raspberry_Pi/Pico_SDK_v1.5.1/pico-sdk/lib/tinyusb/src/class/cdc/cdc_device.c.obj
 *fill*         0x10005eb2        0x2 
 .text.tud_cdc_n_connected
                0x10005eb4       0x44 CMakeFiles/max7219.dir/C_/Program_Files/Raspberry_Pi/Pico_SDK_v1.5.1/pico-sdk/lib/tinyusb/src/class/cdc/cdc_device.c.obj
                0x10005eb4                tud_cdc_n_connected
 .text.tud_cdc_n_available
                0x10005ef8       0x18 CMakeFiles/max7219.dir/C_/Program_Files/Raspberry_Pi/Pico_SDK_v1.5.1/pico-sdk/lib/tinyusb/src/class/cdc/cdc_device.c.obj
                0x10005ef8                tud_cdc_n_available
 .text.tud_cdc_n_read
                0x10005f10       0x28 CMakeFiles/max7219.dir/C_/Program_Files/Raspberry_Pi/Pico_SDK_v1.5.1/pico-sdk/lib/tinyusb/src/class/cdc/cdc_device.c.obj
                0x10005f10                tud_cdc_n_read
 .text.tud_cdc_n_write_flush
                0x10005f38       0xb8 CMakeFiles/max7219.dir/C_/Program_Files/Raspberry_Pi/Pico_SDK_v1.5.1/pico-sdk/lib/tinyusb/src/class/cdc/cdc_device.c.obj
                0x10005f38                tud_cdc_n_write_flush
 .text.tud_cdc_n_write
                0x10005ff0       0x38 CMakeFiles/max7219.dir/C_/Program_Files/Raspberry_Pi/Pico_SDK_v1.5.1/pico-sdk/lib/tinyusb/src/class/cdc/cdc_device.c.obj
                0x10005ff0                tud_cdc_n_write
 .text.tud_cdc_n_write_available
                0x10006028       0x1c CMakeFiles/max7219.dir/C_/Program_Files/Raspberry_Pi/Pico_SDK_v1.5.1/pico-sdk/lib/tinyusb/src/class/cdc/cdc_device.c.obj
                0x10006028                tud_cdc_n_write_available
 .text.cdcd_init
                0x10006044       0xbc CMakeFiles/max7219.dir/C_/Program_Files/Raspberry_Pi/Pico_SDK_v1.5.1/pico-sdk/lib/tinyusb/src/class/cdc/cdc_device.c.obj
                0x10006044                cdcd_init
 .text.cdcd_reset
                0x10006100       0x44 CMakeFiles/max7219.dir/C_/Program_Files/Raspberry_Pi/Pico_SDK_v1.5.1/pico-sdk/lib/tinyusb/src/class/cdc/cdc_device.c.obj
                0x10006100                cdcd_reset
 .text.cdcd_open
                0x10006144       0xcc CMakeFiles/max7219.dir/C_/Program_Files/Raspberry_Pi/Pico_SDK_v1.5.1/pico-sdk/lib/tinyusb/src/class/cdc/cdc_device.c.obj
                0x10006144                cdcd_open
 .text.cdcd_control_xfer_cb
                0x10006210      0x134 CMakeFiles/max7219.dir/C_/Program_Files/Raspberry_Pi/Pico_SDK_v1.5.1/pico-sdk/lib/tinyusb/src/class/cdc/cdc_device.c.obj
                0x10006210                cdcd_control_xfer_cb
 .text.cdcd_xfer_cb
                0x10006344      0x130 CMakeFiles/max7219.dir/C_/Program_Files/Raspberry_Pi/Pico_SDK_v1.5.1/pico-sdk/lib/tinyusb/src/class/cdc/cdc_device.c.obj
                0x10006344                cdcd_xfer_cb
 .text.tusb_init
                0x10006474        0xa CMakeFiles/max7219.dir/C_/Program_Files/Raspberry_Pi/Pico_SDK_v1.5.1/pico-sdk/lib/tinyusb/src/tusb.c.obj
                0x10006474                tusb_init
 .text.tusb_inited
                0x1000647e        0xe CMakeFiles/max7219.dir/C_/Program_Files/Raspberry_Pi/Pico_SDK_v1.5.1/pico-sdk/lib/tinyusb/src/tusb.c.obj
                0x1000647e                tusb_inited
 .text.tu_edpt_claim
                0x1000648c       0x50 CMakeFiles/max7219.dir/C_/Program_Files/Raspberry_Pi/Pico_SDK_v1.5.1/pico-sdk/lib/tinyusb/src/tusb.c.obj
                0x1000648c                tu_edpt_claim
 .text.tu_edpt_release
                0x100064dc       0x3c CMakeFiles/max7219.dir/C_/Program_Files/Raspberry_Pi/Pico_SDK_v1.5.1/pico-sdk/lib/tinyusb/src/tusb.c.obj
                0x100064dc                tu_edpt_release
 .text.tu_edpt_validate
                0x10006518       0x78 CMakeFiles/max7219.dir/C_/Program_Files/Raspberry_Pi/Pico_SDK_v1.5.1/pico-sdk/lib/tinyusb/src/tusb.c.obj
                0x10006518                tu_edpt_validate
 .text.tu_edpt_bind_driver
                0x10006590       0x26 CMakeFiles/max7219.dir/C_/Program_Files/Raspberry_Pi/Pico_SDK_v1.5.1/pico-sdk/lib/tinyusb/src/tusb.c.obj
                0x10006590                tu_edpt_bind_driver
 .text.advance_index
                0x100065b6       0x1a CMakeFiles/max7219.dir/C_/Program_Files/Raspberry_Pi/Pico_SDK_v1.5.1/pico-sdk/lib/tinyusb/src/common/tusb_fifo.c.obj
 .text._tu_fifo_peek
                0x100065d0       0x56 CMakeFiles/max7219.dir/C_/Program_Files/Raspberry_Pi/Pico_SDK_v1.5.1/pico-sdk/lib/tinyusb/src/common/tusb_fifo.c.obj
 .text._ff_pull_const_addr
                0x10006626       0x4c CMakeFiles/max7219.dir/C_/Program_Files/Raspberry_Pi/Pico_SDK_v1.5.1/pico-sdk/lib/tinyusb/src/common/tusb_fifo.c.obj
 .text._ff_pull_n
                0x10006672      0x110 CMakeFiles/max7219.dir/C_/Program_Files/Raspberry_Pi/Pico_SDK_v1.5.1/pico-sdk/lib/tinyusb/src/common/tusb_fifo.c.obj
 .text._tu_fifo_peek_n
                0x10006782       0x6a CMakeFiles/max7219.dir/C_/Program_Files/Raspberry_Pi/Pico_SDK_v1.5.1/pico-sdk/lib/tinyusb/src/common/tusb_fifo.c.obj
 .text._tu_fifo_read_n
                0x100067ec       0x4e CMakeFiles/max7219.dir/C_/Program_Files/Raspberry_Pi/Pico_SDK_v1.5.1/pico-sdk/lib/tinyusb/src/common/tusb_fifo.c.obj
 .text._ff_push_const_addr
                0x1000683a       0x40 CMakeFiles/max7219.dir/C_/Program_Files/Raspberry_Pi/Pico_SDK_v1.5.1/pico-sdk/lib/tinyusb/src/common/tusb_fifo.c.obj
 .text._ff_push_n
                0x1000687a      0x10c CMakeFiles/max7219.dir/C_/Program_Files/Raspberry_Pi/Pico_SDK_v1.5.1/pico-sdk/lib/tinyusb/src/common/tusb_fifo.c.obj
 .text._tu_fifo_write_n
                0x10006986       0xf0 CMakeFiles/max7219.dir/C_/Program_Files/Raspberry_Pi/Pico_SDK_v1.5.1/pico-sdk/lib/tinyusb/src/common/tusb_fifo.c.obj
 .text.tu_fifo_config
                0x10006a76       0x7c CMakeFiles/max7219.dir/C_/Program_Files/Raspberry_Pi/Pico_SDK_v1.5.1/pico-sdk/lib/tinyusb/src/common/tusb_fifo.c.obj
                0x10006a76                tu_fifo_config
 .text.tu_fifo_count
                0x10006af2       0x2a CMakeFiles/max7219.dir/C_/Program_Files/Raspberry_Pi/Pico_SDK_v1.5.1/pico-sdk/lib/tinyusb/src/common/tusb_fifo.c.obj
                0x10006af2                tu_fifo_count
 .text.tu_fifo_empty
                0x10006b1c       0x10 CMakeFiles/max7219.dir/C_/Program_Files/Raspberry_Pi/Pico_SDK_v1.5.1/pico-sdk/lib/tinyusb/src/common/tusb_fifo.c.obj
                0x10006b1c                tu_fifo_empty
 .text.tu_fifo_full
                0x10006b2c       0x28 CMakeFiles/max7219.dir/C_/Program_Files/Raspberry_Pi/Pico_SDK_v1.5.1/pico-sdk/lib/tinyusb/src/common/tusb_fifo.c.obj
                0x10006b2c                tu_fifo_full
 .text.tu_fifo_remaining
                0x10006b54       0x2c CMakeFiles/max7219.dir/C_/Program_Files/Raspberry_Pi/Pico_SDK_v1.5.1/pico-sdk/lib/tinyusb/src/common/tusb_fifo.c.obj
                0x10006b54                tu_fifo_remaining
 .text.tu_fifo_read
                0x10006b80       0x42 CMakeFiles/max7219.dir/C_/Program_Files/Raspberry_Pi/Pico_SDK_v1.5.1/pico-sdk/lib/tinyusb/src/common/tusb_fifo.c.obj
                0x10006b80                tu_fifo_read
 .text.tu_fifo_read_n
                0x10006bc2        0xa CMakeFiles/max7219.dir/C_/Program_Files/Raspberry_Pi/Pico_SDK_v1.5.1/pico-sdk/lib/tinyusb/src/common/tusb_fifo.c.obj
                0x10006bc2                tu_fifo_read_n
 .text.tu_fifo_write
                0x10006bcc       0x64 CMakeFiles/max7219.dir/C_/Program_Files/Raspberry_Pi/Pico_SDK_v1.5.1/pico-sdk/lib/tinyusb/src/common/tusb_fifo.c.obj
                0x10006bcc                tu_fifo_write
 .text.tu_fifo_write_n
                0x10006c30        0xa CMakeFiles/max7219.dir/C_/Program_Files/Raspberry_Pi/Pico_SDK_v1.5.1/pico-sdk/lib/tinyusb/src/common/tusb_fifo.c.obj
                0x10006c30                tu_fifo_write_n
 .text.tu_fifo_clear
                0x10006c3a       0x3e CMakeFiles/max7219.dir/C_/Program_Files/Raspberry_Pi/Pico_SDK_v1.5.1/pico-sdk/lib/tinyusb/src/common/tusb_fifo.c.obj
                0x10006c3a                tu_fifo_clear
 .text.tu_fifo_set_overwritable
                0x10006c78       0x46 CMakeFiles/max7219.dir/C_/Program_Files/Raspberry_Pi/Pico_SDK_v1.5.1/pico-sdk/lib/tinyusb/src/common/tusb_fifo.c.obj
                0x10006c78                tu_fifo_set_overwritable
 .text.spi_set_baudrate
                0x10006cbe       0xcc CMakeFiles/max7219.dir/C_/Program_Files/Raspberry_Pi/Pico_SDK_v1.5.1/pico-sdk/src/rp2_common/hardware_spi/spi.c.obj
                0x10006cbe                spi_set_baudrate
 *fill*         0x10006d8a        0x2 
 .text.spi_init
                0x10006d8c       0x74 CMakeFiles/max7219.dir/C_/Program_Files/Raspberry_Pi/Pico_SDK_v1.5.1/pico-sdk/src/rp2_common/hardware_spi/spi.c.obj
                0x10006d8c                spi_init
 .text.write_register_all
                0x10006e00       0x54 led_lib\libled_lib.a(led.c.obj)
                0x10006e00                write_register_all
 .text.write_data
                0x10006e54       0x12 led_lib\libled_lib.a(led.c.obj)
                0x10006e54                write_data
 .text.put_pixel
                0x10006e66        0x8 led_lib\libled_lib.a(led.c.obj)
                0x10006e66                put_pixel
 *fill*         0x10006e6e        0x2 
 .text.coord    0x10006e70       0x48 led_lib\libled_lib.a(led.c.obj)
                0x10006e70                coord
 .text.clear_display
                0x10006eb8       0x20 led_lib\libled_lib.a(led.c.obj)
                0x10006eb8                clear_display
 .text.LED_Init
                0x10006ed8       0x6c led_lib\libled_lib.a(led.c.obj)
                0x10006ed8                LED_Init
 .text.strlen   0x10006f44       0x5c c:/progra~2/gnuarm~1/102021~1.10/bin/../lib/gcc/arm-none-eabi/10.3.1/../../../../arm-none-eabi/lib/thumb/v6-m/nofp\libg.a(lib_a-strlen-stub.o)
                0x10006f44                strlen
 *(.fini)
 .fini          0x10006fa0        0x4 c:/progra~2/gnuarm~1/102021~1.10/bin/../lib/gcc/arm-none-eabi/10.3.1/thumb/v6-m/nofp/crti.o
                0x10006fa0                _fini
 *fill*         0x10006fa4        0x4 
 .fini.__stub   0x10006fa8       0xf0 linker stubs
 *crtbegin.o(.ctors)
 *crtbegin?.o(.ctors)
 *(EXCLUDE_FILE(*crtend.o *crtend?.o) .ctors)
 *(SORT_BY_NAME(.ctors.*))
 *(.ctors)
 *crtbegin.o(.dtors)
 *crtbegin?.o(.dtors)
 *(EXCLUDE_FILE(*crtend.o *crtend?.o) .dtors)
 *(SORT_BY_NAME(.dtors.*))
 *(.dtors)
 *(.eh_frame*)
 .eh_frame      0x10007098        0x0 c:/progra~2/gnuarm~1/102021~1.10/bin/../lib/gcc/arm-none-eabi/10.3.1/thumb/v6-m/nofp/crtbegin.o
                0x10007098                . = ALIGN (0x4)

.glue_7         0x10007098        0x0
 .glue_7        0x10007098        0x0 linker stubs

.glue_7t        0x10007098        0x0
 .glue_7t       0x10007098        0x0 linker stubs

.vfp11_veneer   0x10007098        0x0
 .vfp11_veneer  0x10007098        0x0 linker stubs

.v4_bx          0x10007098        0x0
 .v4_bx         0x10007098        0x0 linker stubs

.iplt           0x10007098        0x0
 .iplt          0x10007098        0x0 c:/progra~2/gnuarm~1/102021~1.10/bin/../lib/gcc/arm-none-eabi/10.3.1/thumb/v6-m/nofp/crtbegin.o

.rodata         0x10007098     0x1754
 *(EXCLUDE_FILE(*libm.a: *libc.a:*lib_a-mem*.o *libgcc.a:) .rodata*)
 .rodata.spin_lock_claim_unused.str1.4
                0x10007098       0x1b CMakeFiles/max7219.dir/C_/Program_Files/Raspberry_Pi/Pico_SDK_v1.5.1/pico-sdk/src/rp2_common/hardware_sync/sync.c.obj
 *fill*         0x100070b3        0x1 
 .rodata.make_branch.str1.4
                0x100070b4       0x89 CMakeFiles/max7219.dir/C_/Program_Files/Raspberry_Pi/Pico_SDK_v1.5.1/pico-sdk/src/rp2_common/hardware_irq/irq.c.obj
 *fill*         0x1000713d        0x3 
 .rodata.insert_branch_and_link.str1.4
                0x10007140       0x10 CMakeFiles/max7219.dir/C_/Program_Files/Raspberry_Pi/Pico_SDK_v1.5.1/pico-sdk/src/rp2_common/hardware_irq/irq.c.obj
 .rodata.irq_set_exclusive_handler.str1.4
                0x10007150       0x36 CMakeFiles/max7219.dir/C_/Program_Files/Raspberry_Pi/Pico_SDK_v1.5.1/pico-sdk/src/rp2_common/hardware_irq/irq.c.obj
 *fill*         0x10007186        0x2 
 .rodata.irq_add_shared_handler.str1.4
                0x10007188       0xd9 CMakeFiles/max7219.dir/C_/Program_Files/Raspberry_Pi/Pico_SDK_v1.5.1/pico-sdk/src/rp2_common/hardware_irq/irq.c.obj
 *fill*         0x10007261        0x3 
 .rodata.irq_remove_handler.str1.4
                0x10007264       0x3a CMakeFiles/max7219.dir/C_/Program_Files/Raspberry_Pi/Pico_SDK_v1.5.1/pico-sdk/src/rp2_common/hardware_irq/irq.c.obj
 *fill*         0x1000729e        0x2 
 .rodata.irq_add_tail_to_free_list.str1.4
                0x100072a0       0x3a CMakeFiles/max7219.dir/C_/Program_Files/Raspberry_Pi/Pico_SDK_v1.5.1/pico-sdk/src/rp2_common/hardware_irq/irq.c.obj
 *fill*         0x100072da        0x2 
 .rodata.user_irq_claim_unused.str1.4
                0x100072dc       0x1b CMakeFiles/max7219.dir/C_/Program_Files/Raspberry_Pi/Pico_SDK_v1.5.1/pico-sdk/src/rp2_common/hardware_irq/irq.c.obj
 *fill*         0x100072f7        0x1 
 .rodata.__func__.0
                0x100072f8       0x1a CMakeFiles/max7219.dir/C_/Program_Files/Raspberry_Pi/Pico_SDK_v1.5.1/pico-sdk/src/rp2_common/hardware_irq/irq.c.obj
 *fill*         0x10007312        0x2 
 .rodata.__func__.1
                0x10007314       0x17 CMakeFiles/max7219.dir/C_/Program_Files/Raspberry_Pi/Pico_SDK_v1.5.1/pico-sdk/src/rp2_common/hardware_irq/irq.c.obj
 *fill*         0x1000732b        0x1 
 .rodata.__func__.2
                0x1000732c       0x13 CMakeFiles/max7219.dir/C_/Program_Files/Raspberry_Pi/Pico_SDK_v1.5.1/pico-sdk/src/rp2_common/hardware_irq/irq.c.obj
 *fill*         0x1000733f        0x1 
 .rodata.__func__.3
                0x10007340        0xc CMakeFiles/max7219.dir/C_/Program_Files/Raspberry_Pi/Pico_SDK_v1.5.1/pico-sdk/src/rp2_common/hardware_irq/irq.c.obj
 .rodata.__func__.4
                0x1000734c        0xf CMakeFiles/max7219.dir/C_/Program_Files/Raspberry_Pi/Pico_SDK_v1.5.1/pico-sdk/src/rp2_common/hardware_irq/irq.c.obj
 *fill*         0x1000735b        0x1 
 .rodata.__func__.5
                0x1000735c       0x17 CMakeFiles/max7219.dir/C_/Program_Files/Raspberry_Pi/Pico_SDK_v1.5.1/pico-sdk/src/rp2_common/hardware_irq/irq.c.obj
 *fill*         0x10007373        0x1 
 .rodata.__func__.6
                0x10007374       0x1a CMakeFiles/max7219.dir/C_/Program_Files/Raspberry_Pi/Pico_SDK_v1.5.1/pico-sdk/src/rp2_common/hardware_irq/irq.c.obj
 *fill*         0x1000738e        0x2 
 .rodata.str1.4
                0x10007390      0x115 CMakeFiles/max7219.dir/C_/Program_Files/Raspberry_Pi/Pico_SDK_v1.5.1/pico-sdk/src/common/pico_sync/mutex.c.obj
 *fill*         0x100074a5        0x3 
 .rodata.__func__.1
                0x100074a8        0xb CMakeFiles/max7219.dir/C_/Program_Files/Raspberry_Pi/Pico_SDK_v1.5.1/pico-sdk/src/common/pico_sync/mutex.c.obj
 *fill*         0x100074b3        0x1 
 .rodata.__func__.3
                0x100074b4       0x18 CMakeFiles/max7219.dir/C_/Program_Files/Raspberry_Pi/Pico_SDK_v1.5.1/pico-sdk/src/common/pico_sync/mutex.c.obj
 .rodata.__func__.4
                0x100074cc       0x15 CMakeFiles/max7219.dir/C_/Program_Files/Raspberry_Pi/Pico_SDK_v1.5.1/pico-sdk/src/common/pico_sync/mutex.c.obj
 *fill*         0x100074e1        0x3 
 .rodata.repeating_timer_callback.str1.4
                0x100074e4       0x67 CMakeFiles/max7219.dir/C_/Program_Files/Raspberry_Pi/Pico_SDK_v1.5.1/pico-sdk/src/common/pico_time/time.c.obj
 *fill*         0x1000754b        0x1 
 .rodata.timer_pool_entry_comparator.str1.4
                0x1000754c       0x22 CMakeFiles/max7219.dir/C_/Program_Files/Raspberry_Pi/Pico_SDK_v1.5.1/pico-sdk/src/common/pico_time/time.c.obj
 *fill*         0x1000756e        0x2 
 .rodata.ph_add_child_node.str1.4
                0x10007570       0xa2 CMakeFiles/max7219.dir/C_/Program_Files/Raspberry_Pi/Pico_SDK_v1.5.1/pico-sdk/src/common/pico_time/time.c.obj
 *fill*         0x10007612        0x2 
 .rodata.add_alarm_under_lock.str1.4
                0x10007614       0x28 CMakeFiles/max7219.dir/C_/Program_Files/Raspberry_Pi/Pico_SDK_v1.5.1/pico-sdk/src/common/pico_time/time.c.obj
                                 0x2b (size before relaxing)
 .rodata.alarm_pool_alarm_callback.str1.4
                0x1000763c       0x98 CMakeFiles/max7219.dir/C_/Program_Files/Raspberry_Pi/Pico_SDK_v1.5.1/pico-sdk/src/common/pico_time/time.c.obj
                                0x108 (size before relaxing)
 .rodata.alarm_pool_get_default.str1.4
                0x100076d4       0x21 CMakeFiles/max7219.dir/C_/Program_Files/Raspberry_Pi/Pico_SDK_v1.5.1/pico-sdk/src/common/pico_time/time.c.obj
 *fill*         0x100076f5        0x3 
 .rodata.alarm_pool_cancel_alarm.str1.4
                0x100076f8       0x27 CMakeFiles/max7219.dir/C_/Program_Files/Raspberry_Pi/Pico_SDK_v1.5.1/pico-sdk/src/common/pico_time/time.c.obj
 *fill*         0x1000771f        0x1 
 .rodata.sleep_until.str1.4
                0x10007720       0x4d CMakeFiles/max7219.dir/C_/Program_Files/Raspberry_Pi/Pico_SDK_v1.5.1/pico-sdk/src/common/pico_time/time.c.obj
 *fill*         0x1000776d        0x3 
 .rodata.__func__.1
                0x10007770       0x18 CMakeFiles/max7219.dir/C_/Program_Files/Raspberry_Pi/Pico_SDK_v1.5.1/pico-sdk/src/common/pico_time/time.c.obj
 .rodata.__func__.10
                0x10007788       0x15 CMakeFiles/max7219.dir/C_/Program_Files/Raspberry_Pi/Pico_SDK_v1.5.1/pico-sdk/src/common/pico_time/time.c.obj
 *fill*         0x1000779d        0x3 
 .rodata.__func__.11
                0x100077a0       0x1a CMakeFiles/max7219.dir/C_/Program_Files/Raspberry_Pi/Pico_SDK_v1.5.1/pico-sdk/src/common/pico_time/time.c.obj
 *fill*         0x100077ba        0x2 
 .rodata.__func__.12
                0x100077bc        0xa CMakeFiles/max7219.dir/C_/Program_Files/Raspberry_Pi/Pico_SDK_v1.5.1/pico-sdk/src/common/pico_time/time.c.obj
 *fill*         0x100077c6        0x2 
 .rodata.__func__.3
                0x100077c8       0x17 CMakeFiles/max7219.dir/C_/Program_Files/Raspberry_Pi/Pico_SDK_v1.5.1/pico-sdk/src/common/pico_time/time.c.obj
 *fill*         0x100077df        0x1 
 .rodata.__func__.4
                0x100077e0       0x12 CMakeFiles/max7219.dir/C_/Program_Files/Raspberry_Pi/Pico_SDK_v1.5.1/pico-sdk/src/common/pico_time/time.c.obj
 *fill*         0x100077f2        0x2 
 .rodata.__func__.5
                0x100077f4        0xd CMakeFiles/max7219.dir/C_/Program_Files/Raspberry_Pi/Pico_SDK_v1.5.1/pico-sdk/src/common/pico_time/time.c.obj
 *fill*         0x10007801        0x3 
 .rodata.__func__.6
                0x10007804       0x12 CMakeFiles/max7219.dir/C_/Program_Files/Raspberry_Pi/Pico_SDK_v1.5.1/pico-sdk/src/common/pico_time/time.c.obj
 *fill*         0x10007816        0x2 
 .rodata.__func__.7
                0x10007818        0xf CMakeFiles/max7219.dir/C_/Program_Files/Raspberry_Pi/Pico_SDK_v1.5.1/pico-sdk/src/common/pico_time/time.c.obj
 *fill*         0x10007827        0x1 
 .rodata.__func__.8
                0x10007828        0xc CMakeFiles/max7219.dir/C_/Program_Files/Raspberry_Pi/Pico_SDK_v1.5.1/pico-sdk/src/common/pico_time/time.c.obj
 .rodata.__func__.9
                0x10007834       0x15 CMakeFiles/max7219.dir/C_/Program_Files/Raspberry_Pi/Pico_SDK_v1.5.1/pico-sdk/src/common/pico_time/time.c.obj
 *fill*         0x10007849        0x3 
 .rodata.hardware_alarm_claim.str1.4
                0x1000784c       0x22 CMakeFiles/max7219.dir/C_/Program_Files/Raspberry_Pi/Pico_SDK_v1.5.1/pico-sdk/src/rp2_common/hardware_timer/timer.c.obj
 *fill*         0x1000786e        0x2 
 .rodata.hardware_alarm_set_target.str1.4
                0x10007870       0x81 CMakeFiles/max7219.dir/C_/Program_Files/Raspberry_Pi/Pico_SDK_v1.5.1/pico-sdk/src/rp2_common/hardware_timer/timer.c.obj
 *fill*         0x100078f1        0x3 
 .rodata.__func__.0
                0x100078f4       0x1a CMakeFiles/max7219.dir/C_/Program_Files/Raspberry_Pi/Pico_SDK_v1.5.1/pico-sdk/src/rp2_common/hardware_timer/timer.c.obj
 .rodata.ph_add_child_node.str1.4
                0x1000790e       0xa2 CMakeFiles/max7219.dir/C_/Program_Files/Raspberry_Pi/Pico_SDK_v1.5.1/pico-sdk/src/common/pico_util/pheap.c.obj
 *fill*         0x1000790e        0x2 
 .rodata.ph_remove_any_head.str1.4
                0x10007910       0xa8 CMakeFiles/max7219.dir/C_/Program_Files/Raspberry_Pi/Pico_SDK_v1.5.1/pico-sdk/src/common/pico_util/pheap.c.obj
                                 0xbc (size before relaxing)
 .rodata.ph_remove_and_free_node.str1.4
                0x100079b8       0x1e CMakeFiles/max7219.dir/C_/Program_Files/Raspberry_Pi/Pico_SDK_v1.5.1/pico-sdk/src/common/pico_util/pheap.c.obj
                                 0x26 (size before relaxing)
 *fill*         0x100079d6        0x2 
 .rodata.__func__.0
                0x100079d8       0x18 CMakeFiles/max7219.dir/C_/Program_Files/Raspberry_Pi/Pico_SDK_v1.5.1/pico-sdk/src/common/pico_util/pheap.c.obj
 .rodata.__func__.1
                0x100079f0       0x13 CMakeFiles/max7219.dir/C_/Program_Files/Raspberry_Pi/Pico_SDK_v1.5.1/pico-sdk/src/common/pico_util/pheap.c.obj
 *fill*         0x10007a03        0x1 
 .rodata.__func__.2
                0x10007a04       0x12 CMakeFiles/max7219.dir/C_/Program_Files/Raspberry_Pi/Pico_SDK_v1.5.1/pico-sdk/src/common/pico_util/pheap.c.obj
 *fill*         0x10007a16        0x2 
 .rodata.__func__.3
                0x10007a18        0xc CMakeFiles/max7219.dir/C_/Program_Files/Raspberry_Pi/Pico_SDK_v1.5.1/pico-sdk/src/common/pico_util/pheap.c.obj
 .rodata.clock_configure.str1.4
                0x10007a24       0x73 CMakeFiles/max7219.dir/C_/Program_Files/Raspberry_Pi/Pico_SDK_v1.5.1/pico-sdk/src/rp2_common/hardware_clocks/clocks.c.obj
 *fill*         0x10007a97        0x1 
 .rodata.__func__.1
                0x10007a98       0x10 CMakeFiles/max7219.dir/C_/Program_Files/Raspberry_Pi/Pico_SDK_v1.5.1/pico-sdk/src/rp2_common/hardware_clocks/clocks.c.obj
 .rodata.pll_init.str1.4
                0x10007aa8      0x140 CMakeFiles/max7219.dir/C_/Program_Files/Raspberry_Pi/Pico_SDK_v1.5.1/pico-sdk/src/rp2_common/hardware_pll/pll.c.obj
 .rodata.__func__.0
                0x10007be8        0x9 CMakeFiles/max7219.dir/C_/Program_Files/Raspberry_Pi/Pico_SDK_v1.5.1/pico-sdk/src/rp2_common/hardware_pll/pll.c.obj
 *fill*         0x10007bf1        0x3 
 .rodata.__assert_func.str1.4
                0x10007bf4       0x3f CMakeFiles/max7219.dir/C_/Program_Files/Raspberry_Pi/Pico_SDK_v1.5.1/pico-sdk/src/rp2_common/pico_runtime/runtime.c.obj
                                 0x43 (size before relaxing)
 *fill*         0x10007c33        0x1 
 .rodata.runtime_init.str1.4
                0x10007c34       0x7d CMakeFiles/max7219.dir/C_/Program_Files/Raspberry_Pi/Pico_SDK_v1.5.1/pico-sdk/src/rp2_common/pico_runtime/runtime.c.obj
 *fill*         0x10007cb1        0x3 
 .rodata.panic.str1.4
                0x10007cb4       0x12 CMakeFiles/max7219.dir/C_/Program_Files/Raspberry_Pi/Pico_SDK_v1.5.1/pico-sdk/src/rp2_common/pico_runtime/runtime.c.obj
 *fill*         0x10007cc6        0x2 
 .rodata.__func__.2
                0x10007cc8        0xd CMakeFiles/max7219.dir/C_/Program_Files/Raspberry_Pi/Pico_SDK_v1.5.1/pico-sdk/src/rp2_common/pico_runtime/runtime.c.obj
 *fill*         0x10007cd5        0x3 
 .rodata._ftoa.str1.4
                0x10007cd8       0x15 CMakeFiles/max7219.dir/C_/Program_Files/Raspberry_Pi/Pico_SDK_v1.5.1/pico-sdk/src/rp2_common/pico_printf/printf.c.obj
 *fill*         0x10007ced        0x3 
 .rodata._vsnprintf
                0x10007cf0      0x1e0 CMakeFiles/max7219.dir/C_/Program_Files/Raspberry_Pi/Pico_SDK_v1.5.1/pico-sdk/src/rp2_common/pico_printf/printf.c.obj
 .rodata.pow10.0
                0x10007ed0       0x50 CMakeFiles/max7219.dir/C_/Program_Files/Raspberry_Pi/Pico_SDK_v1.5.1/pico-sdk/src/rp2_common/pico_printf/printf.c.obj
 .rodata.__aeabi_double_init.str1.4
                0x10007f20       0xb8 CMakeFiles/max7219.dir/C_/Program_Files/Raspberry_Pi/Pico_SDK_v1.5.1/pico-sdk/src/rp2_common/pico_double/double_init_rom.c.obj
 .rodata.__func__.0
                0x10007fd8       0x14 CMakeFiles/max7219.dir/C_/Program_Files/Raspberry_Pi/Pico_SDK_v1.5.1/pico-sdk/src/rp2_common/pico_double/double_init_rom.c.obj
 .rodata.__aeabi_float_init.str1.4
                0x10007fec       0x96 CMakeFiles/max7219.dir/C_/Program_Files/Raspberry_Pi/Pico_SDK_v1.5.1/pico-sdk/src/rp2_common/pico_float/float_init_rom.c.obj
                                 0x9a (size before relaxing)
 *fill*         0x10008082        0x2 
 .rodata.__func__.0
                0x10008084       0x13 CMakeFiles/max7219.dir/C_/Program_Files/Raspberry_Pi/Pico_SDK_v1.5.1/pico-sdk/src/rp2_common/pico_float/float_init_rom.c.obj
 *fill*         0x10008097        0x1 
 .rodata.str1.4
                0x10008098       0x78 CMakeFiles/max7219.dir/C_/Program_Files/Raspberry_Pi/Pico_SDK_v1.5.1/pico-sdk/src/rp2_common/pico_standard_link/binary_info.c.obj
 .rodata.__bi_44
                0x10008110        0xc CMakeFiles/max7219.dir/C_/Program_Files/Raspberry_Pi/Pico_SDK_v1.5.1/pico-sdk/src/rp2_common/pico_standard_link/binary_info.c.obj
 .rodata.__bi_69
                0x1000811c        0xc CMakeFiles/max7219.dir/C_/Program_Files/Raspberry_Pi/Pico_SDK_v1.5.1/pico-sdk/src/rp2_common/pico_standard_link/binary_info.c.obj
 .rodata.__bi_75
                0x10008128        0xc CMakeFiles/max7219.dir/C_/Program_Files/Raspberry_Pi/Pico_SDK_v1.5.1/pico-sdk/src/rp2_common/pico_standard_link/binary_info.c.obj
 .rodata.__bi_81
                0x10008134        0xc CMakeFiles/max7219.dir/C_/Program_Files/Raspberry_Pi/Pico_SDK_v1.5.1/pico-sdk/src/rp2_common/pico_standard_link/binary_info.c.obj
 .rodata.stdout_serialize_begin.str1.4
                0x10008140       0x6e CMakeFiles/max7219.dir/C_/Program_Files/Raspberry_Pi/Pico_SDK_v1.5.1/pico-sdk/src/rp2_common/pico_stdio/stdio.c.obj
 .rodata.__func__.3
                0x10008140       0x15 CMakeFiles/max7219.dir/C_/Program_Files/Raspberry_Pi/Pico_SDK_v1.5.1/pico-sdk/src/rp2_common/pico_stdio/stdio.c.obj
 *fill*         0x10008155        0x3 
 .rodata.crlf_str.2
                0x10008158        0x2 CMakeFiles/max7219.dir/C_/Program_Files/Raspberry_Pi/Pico_SDK_v1.5.1/pico-sdk/src/rp2_common/pico_stdio/stdio.c.obj
 *fill*         0x1000815a        0x2 
 .rodata._resetd_driver
                0x1000815c       0x18 CMakeFiles/max7219.dir/C_/Program_Files/Raspberry_Pi/Pico_SDK_v1.5.1/pico-sdk/src/rp2_common/pico_stdio_usb/reset_interface.c.obj
 .rodata.low_priority_worker_irq.str1.4
                0x10008174       0x6e CMakeFiles/max7219.dir/C_/Program_Files/Raspberry_Pi/Pico_SDK_v1.5.1/pico-sdk/src/rp2_common/pico_stdio_usb/stdio_usb.c.obj
 .rodata.stdio_usb_init.str1.4
                0x10008174       0x61 CMakeFiles/max7219.dir/C_/Program_Files/Raspberry_Pi/Pico_SDK_v1.5.1/pico-sdk/src/rp2_common/pico_stdio_usb/stdio_usb.c.obj
                                 0x69 (size before relaxing)
 *fill*         0x100081d5        0x3 
 .rodata.str1.4
                0x100081d8       0x13 CMakeFiles/max7219.dir/C_/Program_Files/Raspberry_Pi/Pico_SDK_v1.5.1/pico-sdk/src/rp2_common/pico_stdio_usb/stdio_usb.c.obj
 *fill*         0x100081eb        0x1 
 .rodata.__bi_182.0
                0x100081ec        0xc CMakeFiles/max7219.dir/C_/Program_Files/Raspberry_Pi/Pico_SDK_v1.5.1/pico-sdk/src/rp2_common/pico_stdio_usb/stdio_usb.c.obj
 .rodata.__func__.1
                0x100081f8        0xf CMakeFiles/max7219.dir/C_/Program_Files/Raspberry_Pi/Pico_SDK_v1.5.1/pico-sdk/src/rp2_common/pico_stdio_usb/stdio_usb.c.obj
 *fill*         0x10008207        0x1 
 .rodata.__func__.3
                0x10008208       0x15 CMakeFiles/max7219.dir/C_/Program_Files/Raspberry_Pi/Pico_SDK_v1.5.1/pico-sdk/src/rp2_common/pico_stdio_usb/stdio_usb.c.obj
 *fill*         0x1000821d        0x3 
 .rodata.str1.4
                0x10008220       0x2a CMakeFiles/max7219.dir/C_/Program_Files/Raspberry_Pi/Pico_SDK_v1.5.1/pico-sdk/src/rp2_common/pico_stdio_usb/stdio_usb_descriptors.c.obj
 *fill*         0x1000824a        0x2 
 .rodata.usbd_desc_cfg
                0x1000824c       0x54 CMakeFiles/max7219.dir/C_/Program_Files/Raspberry_Pi/Pico_SDK_v1.5.1/pico-sdk/src/rp2_common/pico_stdio_usb/stdio_usb_descriptors.c.obj
 .rodata.usbd_desc_device
                0x100082a0       0x12 CMakeFiles/max7219.dir/C_/Program_Files/Raspberry_Pi/Pico_SDK_v1.5.1/pico-sdk/src/rp2_common/pico_stdio_usb/stdio_usb_descriptors.c.obj
 *fill*         0x100082b2        0x2 
 .rodata.usbd_desc_str
                0x100082b4       0x18 CMakeFiles/max7219.dir/C_/Program_Files/Raspberry_Pi/Pico_SDK_v1.5.1/pico-sdk/src/rp2_common/pico_stdio_usb/stdio_usb_descriptors.c.obj
 .rodata.pico_get_unique_board_id_string.str1.4
                0x100082cc       0x69 CMakeFiles/max7219.dir/C_/Program_Files/Raspberry_Pi/Pico_SDK_v1.5.1/pico-sdk/src/rp2_common/pico_unique_id/unique_id.c.obj
 *fill*         0x10008335        0x3 
 .rodata.__func__.0
                0x10008338       0x20 CMakeFiles/max7219.dir/C_/Program_Files/Raspberry_Pi/Pico_SDK_v1.5.1/pico-sdk/src/rp2_common/pico_unique_id/unique_id.c.obj
 .rodata.str1.4
                0x10008358      0x176 CMakeFiles/max7219.dir/C_/Program_Files/Raspberry_Pi/Pico_SDK_v1.5.1/pico-sdk/src/rp2_common/hardware_flash/flash.c.obj
 *fill*         0x100084ce        0x2 
 .rodata.__func__.0
                0x100084d0        0xd CMakeFiles/max7219.dir/C_/Program_Files/Raspberry_Pi/Pico_SDK_v1.5.1/pico-sdk/src/rp2_common/hardware_flash/flash.c.obj
 *fill*         0x100084dd        0x3 
 .rodata._hw_endpoint_alloc.str1.4
                0x100084e0       0xd1 CMakeFiles/max7219.dir/C_/Program_Files/Raspberry_Pi/Pico_SDK_v1.5.1/pico-sdk/lib/tinyusb/src/portable/raspberrypi/rp2040/dcd_rp2040.c.obj
 *fill*         0x100085b1        0x3 
 .rodata.str1.4
                0x100085b4       0x14 CMakeFiles/max7219.dir/C_/Program_Files/Raspberry_Pi/Pico_SDK_v1.5.1/pico-sdk/lib/tinyusb/src/portable/raspberrypi/rp2040/dcd_rp2040.c.obj
 .rodata.dcd_int_enable.str1.4
                0x100085c8        0xc CMakeFiles/max7219.dir/C_/Program_Files/Raspberry_Pi/Pico_SDK_v1.5.1/pico-sdk/lib/tinyusb/src/portable/raspberrypi/rp2040/dcd_rp2040.c.obj
 .rodata.__func__.0
                0x100085d4        0xe CMakeFiles/max7219.dir/C_/Program_Files/Raspberry_Pi/Pico_SDK_v1.5.1/pico-sdk/lib/tinyusb/src/portable/raspberrypi/rp2040/dcd_rp2040.c.obj
 *fill*         0x100085e2        0x2 
 .rodata.__func__.1
                0x100085e4        0xe CMakeFiles/max7219.dir/C_/Program_Files/Raspberry_Pi/Pico_SDK_v1.5.1/pico-sdk/lib/tinyusb/src/portable/raspberrypi/rp2040/dcd_rp2040.c.obj
 *fill*         0x100085f2        0x2 
 .rodata.__func__.3
                0x100085f4       0x10 CMakeFiles/max7219.dir/C_/Program_Files/Raspberry_Pi/Pico_SDK_v1.5.1/pico-sdk/lib/tinyusb/src/portable/raspberrypi/rp2040/dcd_rp2040.c.obj
 .rodata.__func__.5
                0x10008604        0xf CMakeFiles/max7219.dir/C_/Program_Files/Raspberry_Pi/Pico_SDK_v1.5.1/pico-sdk/lib/tinyusb/src/portable/raspberrypi/rp2040/dcd_rp2040.c.obj
 *fill*         0x10008613        0x1 
 .rodata.__func__.6
                0x10008614       0x13 CMakeFiles/max7219.dir/C_/Program_Files/Raspberry_Pi/Pico_SDK_v1.5.1/pico-sdk/lib/tinyusb/src/portable/raspberrypi/rp2040/dcd_rp2040.c.obj
 *fill*         0x10008627        0x1 
 .rodata.__func__.7
                0x10008628        0x9 CMakeFiles/max7219.dir/C_/Program_Files/Raspberry_Pi/Pico_SDK_v1.5.1/pico-sdk/lib/tinyusb/src/portable/raspberrypi/rp2040/dcd_rp2040.c.obj
 *fill*         0x10008631        0x3 
 .rodata.str1.4
                0x10008634      0x103 CMakeFiles/max7219.dir/C_/Program_Files/Raspberry_Pi/Pico_SDK_v1.5.1/pico-sdk/lib/tinyusb/src/portable/raspberrypi/rp2040/rp2040_usb.c.obj
 *fill*         0x10008737        0x1 
 .rodata.__func__.0
                0x10008738        0xf CMakeFiles/max7219.dir/C_/Program_Files/Raspberry_Pi/Pico_SDK_v1.5.1/pico-sdk/lib/tinyusb/src/portable/raspberrypi/rp2040/rp2040_usb.c.obj
 *fill*         0x10008747        0x1 
 .rodata.process_get_descriptor
                0x10008748       0x40 CMakeFiles/max7219.dir/C_/Program_Files/Raspberry_Pi/Pico_SDK_v1.5.1/pico-sdk/lib/tinyusb/src/device/usbd.c.obj
 .rodata.process_control_request
                0x10008788       0x28 CMakeFiles/max7219.dir/C_/Program_Files/Raspberry_Pi/Pico_SDK_v1.5.1/pico-sdk/lib/tinyusb/src/device/usbd.c.obj
 .rodata.tud_task_ext
                0x100087b0       0x24 CMakeFiles/max7219.dir/C_/Program_Files/Raspberry_Pi/Pico_SDK_v1.5.1/pico-sdk/lib/tinyusb/src/device/usbd.c.obj
 .rodata._usbd_driver
                0x100087d4       0x18 CMakeFiles/max7219.dir/C_/Program_Files/Raspberry_Pi/Pico_SDK_v1.5.1/pico-sdk/lib/tinyusb/src/device/usbd.c.obj
                0x100087ec                . = ALIGN (0x4)
 *(SORT_BY_ALIGNMENT(SORT_BY_NAME(.flashdata*)))
                0x100087ec                . = ALIGN (0x4)

.ARM.extab
 *(.ARM.extab* .gnu.linkonce.armextab.*)
                0x100087ec                __exidx_start = .

.ARM.exidx
 *(.ARM.exidx* .gnu.linkonce.armexidx.*)
                0x100087ec                __exidx_end = .
                0x100087ec                . = ALIGN (0x4)
                0x100087ec                __binary_info_start = .

.binary_info    0x100087ec       0x24
 *(.binary_info.keep.*)
 .binary_info.keep.__bi_ptr22
                0x100087ec        0x4 CMakeFiles/max7219.dir/C_/Program_Files/Raspberry_Pi/Pico_SDK_v1.5.1/pico-sdk/src/rp2_common/pico_standard_link/binary_info.c.obj
 .binary_info.keep.__bi_ptr30
                0x100087f0        0x4 CMakeFiles/max7219.dir/C_/Program_Files/Raspberry_Pi/Pico_SDK_v1.5.1/pico-sdk/src/rp2_common/pico_standard_link/binary_info.c.obj
 .binary_info.keep.__bi_ptr38
                0x100087f4        0x4 CMakeFiles/max7219.dir/C_/Program_Files/Raspberry_Pi/Pico_SDK_v1.5.1/pico-sdk/src/rp2_common/pico_standard_link/binary_info.c.obj
 .binary_info.keep.__bi_ptr44
                0x100087f8        0x4 CMakeFiles/max7219.dir/C_/Program_Files/Raspberry_Pi/Pico_SDK_v1.5.1/pico-sdk/src/rp2_common/pico_standard_link/binary_info.c.obj
 .binary_info.keep.__bi_ptr50
                0x100087fc        0x4 CMakeFiles/max7219.dir/C_/Program_Files/Raspberry_Pi/Pico_SDK_v1.5.1/pico-sdk/src/rp2_common/pico_standard_link/binary_info.c.obj
 .binary_info.keep.__bi_ptr69
                0x10008800        0x4 CMakeFiles/max7219.dir/C_/Program_Files/Raspberry_Pi/Pico_SDK_v1.5.1/pico-sdk/src/rp2_common/pico_standard_link/binary_info.c.obj
 .binary_info.keep.__bi_ptr75
                0x10008804        0x4 CMakeFiles/max7219.dir/C_/Program_Files/Raspberry_Pi/Pico_SDK_v1.5.1/pico-sdk/src/rp2_common/pico_standard_link/binary_info.c.obj
 .binary_info.keep.__bi_ptr81
                0x10008808        0x4 CMakeFiles/max7219.dir/C_/Program_Files/Raspberry_Pi/Pico_SDK_v1.5.1/pico-sdk/src/rp2_common/pico_standard_link/binary_info.c.obj
 *(.binary_info.*)
 .binary_info.__bi_ptr182
                0x1000880c        0x4 CMakeFiles/max7219.dir/C_/Program_Files/Raspberry_Pi/Pico_SDK_v1.5.1/pico-sdk/src/rp2_common/pico_stdio_usb/stdio_usb.c.obj
                0x10008810                __binary_info_end = .

.rel.dyn        0x10008810        0x0
 .rel.iplt      0x10008810        0x0 c:/progra~2/gnuarm~1/102021~1.10/bin/../lib/gcc/arm-none-eabi/10.3.1/thumb/v6-m/nofp/crtbegin.o
                0x10008810                . = ALIGN (0x4)

.ram_vector_table
                0x20000000       0xc0
 *(.ram_vector_table)
 .ram_vector_table
                0x20000000       0xc0 CMakeFiles/max7219.dir/C_/Program_Files/Raspberry_Pi/Pico_SDK_v1.5.1/pico-sdk/src/rp2_common/pico_runtime/runtime.c.obj
                0x20000000                ram_vector_table

.data           0x200000c0      0xc30 load address 0x10008810
                0x200000c0                __data_start__ = .
 *(vtable)
 *(.time_critical*)
 .time_critical.mutex_try_enter
                0x200000c0       0x46 CMakeFiles/max7219.dir/C_/Program_Files/Raspberry_Pi/Pico_SDK_v1.5.1/pico-sdk/src/common/pico_sync/mutex.c.obj
                0x200000c0                mutex_try_enter
 *fill*         0x20000106        0x2 
 .time_critical.mutex_enter_block_until
                0x20000108       0x8c CMakeFiles/max7219.dir/C_/Program_Files/Raspberry_Pi/Pico_SDK_v1.5.1/pico-sdk/src/common/pico_sync/mutex.c.obj
                0x20000108                mutex_enter_block_until
 .time_critical.mutex_try_enter_block_until
                0x20000194       0x34 CMakeFiles/max7219.dir/C_/Program_Files/Raspberry_Pi/Pico_SDK_v1.5.1/pico-sdk/src/common/pico_sync/mutex.c.obj
                0x20000194                mutex_try_enter_block_until
 .time_critical.mutex_enter_timeout_ms
                0x200001c8       0x68 CMakeFiles/max7219.dir/C_/Program_Files/Raspberry_Pi/Pico_SDK_v1.5.1/pico-sdk/src/common/pico_sync/mutex.c.obj
                0x200001c8                mutex_enter_timeout_ms
 .time_critical.mutex_exit
                0x20000230       0x4c CMakeFiles/max7219.dir/C_/Program_Files/Raspberry_Pi/Pico_SDK_v1.5.1/pico-sdk/src/common/pico_sync/mutex.c.obj
                0x20000230                mutex_exit
 .time_critical.flash_init_boot2_copyout
                0x2000027c       0x30 CMakeFiles/max7219.dir/C_/Program_Files/Raspberry_Pi/Pico_SDK_v1.5.1/pico-sdk/src/rp2_common/hardware_flash/flash.c.obj
 .time_critical.flash_enable_xip_via_boot2
                0x200002ac       0x10 CMakeFiles/max7219.dir/C_/Program_Files/Raspberry_Pi/Pico_SDK_v1.5.1/pico-sdk/src/rp2_common/hardware_flash/flash.c.obj
 .time_critical.flash_cs_force
                0x200002bc       0x28 CMakeFiles/max7219.dir/C_/Program_Files/Raspberry_Pi/Pico_SDK_v1.5.1/pico-sdk/src/rp2_common/hardware_flash/flash.c.obj
 .time_critical.flash_do_cmd
                0x200002e4       0xd8 CMakeFiles/max7219.dir/C_/Program_Files/Raspberry_Pi/Pico_SDK_v1.5.1/pico-sdk/src/rp2_common/hardware_flash/flash.c.obj
                0x200002e4                flash_do_cmd
 .time_critical.reset_non_control_endpoints
                0x200003bc       0x40 CMakeFiles/max7219.dir/C_/Program_Files/Raspberry_Pi/Pico_SDK_v1.5.1/pico-sdk/lib/tinyusb/src/portable/raspberrypi/rp2040/dcd_rp2040.c.obj
 .time_critical.hw_handle_buff_status
                0x200003fc       0xa4 CMakeFiles/max7219.dir/C_/Program_Files/Raspberry_Pi/Pico_SDK_v1.5.1/pico-sdk/lib/tinyusb/src/portable/raspberrypi/rp2040/dcd_rp2040.c.obj
 .time_critical.dcd_rp2040_irq
                0x200004a0      0x1cc CMakeFiles/max7219.dir/C_/Program_Files/Raspberry_Pi/Pico_SDK_v1.5.1/pico-sdk/lib/tinyusb/src/portable/raspberrypi/rp2040/dcd_rp2040.c.obj
 .time_critical.e15_is_bulkin_ep
                0x2000066c       0x2c CMakeFiles/max7219.dir/C_/Program_Files/Raspberry_Pi/Pico_SDK_v1.5.1/pico-sdk/lib/tinyusb/src/portable/raspberrypi/rp2040/rp2040_usb.c.obj
 .time_critical.e15_is_critical_frame_period
                0x20000698       0x30 CMakeFiles/max7219.dir/C_/Program_Files/Raspberry_Pi/Pico_SDK_v1.5.1/pico-sdk/lib/tinyusb/src/portable/raspberrypi/rp2040/rp2040_usb.c.obj
 .time_critical.prepare_ep_buffer
                0x200006c8       0x70 CMakeFiles/max7219.dir/C_/Program_Files/Raspberry_Pi/Pico_SDK_v1.5.1/pico-sdk/lib/tinyusb/src/portable/raspberrypi/rp2040/rp2040_usb.c.obj
 .time_critical.sync_ep_buffer
                0x20000738       0x80 CMakeFiles/max7219.dir/C_/Program_Files/Raspberry_Pi/Pico_SDK_v1.5.1/pico-sdk/lib/tinyusb/src/portable/raspberrypi/rp2040/rp2040_usb.c.obj
 .time_critical._hw_endpoint_xfer_sync
                0x200007b8       0x28 CMakeFiles/max7219.dir/C_/Program_Files/Raspberry_Pi/Pico_SDK_v1.5.1/pico-sdk/lib/tinyusb/src/portable/raspberrypi/rp2040/rp2040_usb.c.obj
 .time_critical.hw_endpoint_reset_transfer
                0x200007e0        0xc CMakeFiles/max7219.dir/C_/Program_Files/Raspberry_Pi/Pico_SDK_v1.5.1/pico-sdk/lib/tinyusb/src/portable/raspberrypi/rp2040/rp2040_usb.c.obj
                0x200007e0                hw_endpoint_reset_transfer
 .time_critical._hw_endpoint_buffer_control_update32
                0x200007ec       0x58 CMakeFiles/max7219.dir/C_/Program_Files/Raspberry_Pi/Pico_SDK_v1.5.1/pico-sdk/lib/tinyusb/src/portable/raspberrypi/rp2040/rp2040_usb.c.obj
                0x200007ec                _hw_endpoint_buffer_control_update32
 .time_critical.hw_endpoint_start_next_buffer
                0x20000844       0x88 CMakeFiles/max7219.dir/C_/Program_Files/Raspberry_Pi/Pico_SDK_v1.5.1/pico-sdk/lib/tinyusb/src/portable/raspberrypi/rp2040/rp2040_usb.c.obj
                0x20000844                hw_endpoint_start_next_buffer
 .time_critical.hw_endpoint_xfer_continue
                0x200008cc       0x50 CMakeFiles/max7219.dir/C_/Program_Files/Raspberry_Pi/Pico_SDK_v1.5.1/pico-sdk/lib/tinyusb/src/portable/raspberrypi/rp2040/rp2040_usb.c.obj
                0x200008cc                hw_endpoint_xfer_continue
 .time_critical.tinyusb
                0x2000091c      0x200 CMakeFiles/max7219.dir/C_/Program_Files/Raspberry_Pi/Pico_SDK_v1.5.1/pico-sdk/lib/tinyusb/src/device/usbd.c.obj
                0x2000091c                dcd_event_handler
 .time_critical.spi_write_blocking
                0x20000b1c       0x3a CMakeFiles/max7219.dir/C_/Program_Files/Raspberry_Pi/Pico_SDK_v1.5.1/pico-sdk/src/rp2_common/hardware_spi/spi.c.obj
                0x20000b1c                spi_write_blocking
 *(.text*)
 *fill*         0x20000b56        0x2 
 .text          0x20000b58        0x4 c:/progra~2/gnuarm~1/102021~1.10/bin/../lib/gcc/arm-none-eabi/10.3.1/thumb/v6-m/nofp\libgcc.a(_dvmd_tls.o)
                0x20000b58                __aeabi_idiv0
                0x20000b58                __aeabi_ldiv0
 *fill*         0x20000b5c        0x4 
 .text.__stub   0x20000b60       0x90 linker stubs
                0x20000bf0                . = ALIGN (0x4)
 *(.rodata*)
                0x20000bf0                . = ALIGN (0x4)
 *(.data*)
 .data.striped_spin_lock_num
                0x20000bf0        0x1 CMakeFiles/max7219.dir/C_/Program_Files/Raspberry_Pi/Pico_SDK_v1.5.1/pico-sdk/src/rp2_common/hardware_sync/sync.c.obj
 *fill*         0x20000bf1        0x3 