Archive member included to satisfy reference by file (symbol)

scan_kbd\libscan_kbd.a(scan_kbd.c.obj)
                              CMakeFiles/kbd_scan.dir/main.c.obj (KBD_Init)
c:/progra~2/gnuarm~1/102021~1.10/bin/../lib/gcc/arm-none-eabi/10.3.1/thumb/v6-m/nofp\libgcc.a(_dvmd_tls.o)
                              CMakeFiles/kbd_scan.dir/C_/Program_Files/Raspberry_Pi/Pico_SDK_v1.5.1/pico-sdk/src/rp2_common/pico_divider/divider.S.obj (__aeabi_idiv0)
c:/progra~2/gnuarm~1/102021~1.10/bin/../lib/gcc/arm-none-eabi/10.3.1/../../../../arm-none-eabi/lib/thumb/v6-m/nofp\libg.a(lib_a-calloc.o)
                              CMakeFiles/kbd_scan.dir/C_/Program_Files/Raspberry_Pi/Pico_SDK_v1.5.1/pico-sdk/src/rp2_common/pico_malloc/pico_malloc.c.obj (calloc)
c:/progra~2/gnuarm~1/102021~1.10/bin/../lib/gcc/arm-none-eabi/10.3.1/../../../../arm-none-eabi/lib/thumb/v6-m/nofp\libg.a(lib_a-callocr.o)
                              c:/progra~2/gnuarm~1/102021~1.10/bin/../lib/gcc/arm-none-eabi/10.3.1/../../../../arm-none-eabi/lib/thumb/v6-m/nofp\libg.a(lib_a-calloc.o) (_calloc_r)
c:/progra~2/gnuarm~1/102021~1.10/bin/../lib/gcc/arm-none-eabi/10.3.1/../../../../arm-none-eabi/lib/thumb/v6-m/nofp\libg.a(lib_a-errno.o)
                              c:/progra~2/gnuarm~1/102021~1.10/bin/../lib/gcc/arm-none-eabi/10.3.1/../../../../arm-none-eabi/lib/thumb/v6-m/nofp\libg.a(lib_a-callocr.o) (__errno)
c:/progra~2/gnuarm~1/102021~1.10/bin/../lib/gcc/arm-none-eabi/10.3.1/../../../../arm-none-eabi/lib/thumb/v6-m/nofp\libg.a(lib_a-impure.o)
                              c:/progra~2/gnuarm~1/102021~1.10/bin/../lib/gcc/arm-none-eabi/10.3.1/../../../../arm-none-eabi/lib/thumb/v6-m/nofp\libg.a(lib_a-calloc.o) (_impure_ptr)
c:/progra~2/gnuarm~1/102021~1.10/bin/../lib/gcc/arm-none-eabi/10.3.1/../../../../arm-none-eabi/lib/thumb/v6-m/nofp\libg.a(lib_a-init.o)
                              c:/progra~2/gnuarm~1/102021~1.10/bin/../lib/gcc/arm-none-eabi/10.3.1/../../../../arm-none-eabi/lib/thumb/v6-m/nofp/crt0.o (__libc_init_array)
c:/progra~2/gnuarm~1/102021~1.10/bin/../lib/gcc/arm-none-eabi/10.3.1/../../../../arm-none-eabi/lib/thumb/v6-m/nofp\libg.a(lib_a-malloc.o)
                              CMakeFiles/kbd_scan.dir/C_/Program_Files/Raspberry_Pi/Pico_SDK_v1.5.1/pico-sdk/src/rp2_common/pico_malloc/pico_malloc.c.obj (malloc)
c:/progra~2/gnuarm~1/102021~1.10/bin/../lib/gcc/arm-none-eabi/10.3.1/../../../../arm-none-eabi/lib/thumb/v6-m/nofp\libg.a(lib_a-mallocr.o)
                              c:/progra~2/gnuarm~1/102021~1.10/bin/../lib/gcc/arm-none-eabi/10.3.1/../../../../arm-none-eabi/lib/thumb/v6-m/nofp\libg.a(lib_a-callocr.o) (_malloc_r)
c:/progra~2/gnuarm~1/102021~1.10/bin/../lib/gcc/arm-none-eabi/10.3.1/../../../../arm-none-eabi/lib/thumb/v6-m/nofp\libg.a(lib_a-mlock.o)
                              c:/progra~2/gnuarm~1/102021~1.10/bin/../lib/gcc/arm-none-eabi/10.3.1/../../../../arm-none-eabi/lib/thumb/v6-m/nofp\libg.a(lib_a-mallocr.o) (__malloc_lock)
c:/progra~2/gnuarm~1/102021~1.10/bin/../lib/gcc/arm-none-eabi/10.3.1/../../../../arm-none-eabi/lib/thumb/v6-m/nofp\libg.a(lib_a-realloc.o)
                              CMakeFiles/kbd_scan.dir/C_/Program_Files/Raspberry_Pi/Pico_SDK_v1.5.1/pico-sdk/src/rp2_common/pico_malloc/pico_malloc.c.obj (realloc)
c:/progra~2/gnuarm~1/102021~1.10/bin/../lib/gcc/arm-none-eabi/10.3.1/../../../../arm-none-eabi/lib/thumb/v6-m/nofp\libg.a(lib_a-reallocr.o)
                              c:/progra~2/gnuarm~1/102021~1.10/bin/../lib/gcc/arm-none-eabi/10.3.1/../../../../arm-none-eabi/lib/thumb/v6-m/nofp\libg.a(lib_a-realloc.o) (_realloc_r)
c:/progra~2/gnuarm~1/102021~1.10/bin/../lib/gcc/arm-none-eabi/10.3.1/../../../../arm-none-eabi/lib/thumb/v6-m/nofp\libg.a(lib_a-sbrkr.o)
                              c:/progra~2/gnuarm~1/102021~1.10/bin/../lib/gcc/arm-none-eabi/10.3.1/../../../../arm-none-eabi/lib/thumb/v6-m/nofp\libg.a(lib_a-mallocr.o) (_sbrk_r)
c:/progra~2/gnuarm~1/102021~1.10/bin/../lib/gcc/arm-none-eabi/10.3.1/../../../../arm-none-eabi/lib/thumb/v6-m/nofp\libg.a(lib_a-strlen-stub.o)
                              CMakeFiles/kbd_scan.dir/C_/Program_Files/Raspberry_Pi/Pico_SDK_v1.5.1/pico-sdk/src/rp2_common/pico_stdio/stdio.c.obj (strlen)
c:/progra~2/gnuarm~1/102021~1.10/bin/../lib/gcc/arm-none-eabi/10.3.1/../../../../arm-none-eabi/lib/thumb/v6-m/nofp\libg.a(lib_a-freer.o)
                              c:/progra~2/gnuarm~1/102021~1.10/bin/../lib/gcc/arm-none-eabi/10.3.1/../../../../arm-none-eabi/lib/thumb/v6-m/nofp\libg.a(lib_a-malloc.o) (_free_r)
c:/progra~2/gnuarm~1/102021~1.10/bin/../lib/gcc/arm-none-eabi/10.3.1/../../../../arm-none-eabi/lib/thumb/v6-m/nofp\libg.a(lib_a-lock.o)
                              c:/progra~2/gnuarm~1/102021~1.10/bin/../lib/gcc/arm-none-eabi/10.3.1/../../../../arm-none-eabi/lib/thumb/v6-m/nofp\libg.a(lib_a-mlock.o) (__retarget_lock_acquire_recursive)
c:/progra~2/gnuarm~1/102021~1.10/bin/../lib/gcc/arm-none-eabi/10.3.1/../../../../arm-none-eabi/lib/thumb/v6-m/nofp\libg.a(lib_a-memmove.o)
[...]
Memory Configuration

Name             Origin             Length             Attributes
FLASH            0x10000000         0x00200000         xr
RAM              0x20000000         0x00040000         xrw
SCRATCH_X        0x20040000         0x00001000         xrw
SCRATCH_Y        0x20041000         0x00001000         xrw
*default*        0x00000000         0xffffffff

Linker script and memory map

LOAD c:/progra~2/gnuarm~1/102021~1.10/bin/../lib/gcc/arm-none-eabi/10.3.1/thumb/v6-m/nofp/crti.o
LOAD c:/progra~2/gnuarm~1/102021~1.10/bin/../lib/gcc/arm-none-eabi/10.3.1/thumb/v6-m/nofp/crtbegin.o
LOAD c:/progra~2/gnuarm~1/102021~1.10/bin/../lib/gcc/arm-none-eabi/10.3.1/../../../../arm-none-eabi/lib/thumb/v6-m/nofp/crt0.o

.flash_begin    0x10000000        0x0
                0x10000000                __flash_binary_start = .

.boot2          0x10000000      0x100
                0x10000000                __boot2_start__ = .
 *(.boot2)
 .boot2         0x10000000      0x100 C:\Users\admin\AppData\Local\Temp\ccUW085p.o
                0x10000100                __boot2_end__ = .
                0x00000001                ASSERT (((__boot2_end__ - __boot2_start__) == 0x100), ERROR: Pico second stage bootloader must be 256 bytes in size)

.text           0x10000100     0x7870
                0x10000100                __logical_binary_start = .
 *(.vectors)
 .vectors       0x10000100       0xd4 CMakeFiles/kbd_scan.dir/C_/Program_Files/Raspberry_Pi/Pico_SDK_v1.5.1/pico-sdk/src/rp2_common/pico_standard_link/crt0.S.obj
                0x10000100                __VECTOR_TABLE
                0x10000100                __vectors
                0x100001c0                isr_invalid
                0x100001c0                __default_isrs_start
                0x100001c2                isr_nmi
                0x100001c4                isr_hardfault
                0x100001c6                isr_svcall
                0x100001c8                isr_pendsv
                0x100001ca                isr_systick
                0x100001cc                isr_irq23
                0x100001cc                isr_irq18
                0x100001cc                isr_irq11
                0x100001cc                isr_irq28
                0x100001cc                isr_irq19
                0x100001cc                isr_irq0
                0x100001cc                isr_irq6
                0x100001cc                isr_irq5
                0x100001cc                isr_irq12
                0x100001cc                isr_irq22
                0x100001cc                isr_irq31
                0x100001cc                isr_irq17
                0x100001cc                isr_irq27
                0x100001cc                isr_irq30
                0x100001cc                isr_irq2
                0x100001cc                isr_irq10
                0x100001cc                isr_irq8
                0x100001cc                isr_irq24
                0x100001cc                isr_irq1
                0x100001cc                isr_irq7
                0x100001cc                isr_irq21
                0x100001cc                isr_irq20
                0x100001cc                isr_irq15
                0x100001cc                isr_irq25
                0x100001cc                isr_irq13
                0x100001cc                __unhandled_user_irq
                0x100001cc                isr_irq4
                0x100001cc                isr_irq16
                0x100001cc                isr_irq29
                0x100001cc                isr_irq26
                0x100001cc                __default_isrs_end
                0x100001cc                isr_irq3
                0x100001cc                isr_irq14
                0x100001cc                isr_irq9
                0x100001d2                unhandled_user_irq_num_in_r0
 *(.binary_info_header)
 .binary_info_header
                0x100001d4       0x14 CMakeFiles/kbd_scan.dir/C_/Program_Files/Raspberry_Pi/Pico_SDK_v1.5.1/pico-sdk/src/rp2_common/pico_standard_link/crt0.S.obj
                0x100001e8                __binary_info_header_end = .
 *(.reset)
 .reset         0x100001e8       0xa0 CMakeFiles/kbd_scan.dir/C_/Program_Files/Raspberry_Pi/Pico_SDK_v1.5.1/pico-sdk/src/rp2_common/pico_standard_link/crt0.S.obj
                0x100001e8                _entry_point
 .reset         0x10000288       0x30 CMakeFiles/kbd_scan.dir/C_/Program_Files/Raspberry_Pi/Pico_SDK_v1.5.1/pico-sdk/src/rp2_common/pico_standard_link/binary_info.c.obj
 *(.init)
 .init          0x100002b8        0x4 c:/progra~2/gnuarm~1/102021~1.10/bin/../lib/gcc/arm-none-eabi/10.3.1/thumb/v6-m/nofp/crti.o
                0x100002b8                _init
 *(EXCLUDE_FILE(*libm.a: *libc.a:*lib_a-mem*.o *libgcc.a:) .text*)
 .text          0x100002bc       0x48 c:/progra~2/gnuarm~1/102021~1.10/bin/../lib/gcc/arm-none-eabi/10.3.1/thumb/v6-m/nofp/crtbegin.o
 .text.main     0x10000304       0xb0 CMakeFiles/kbd_scan.dir/main.c.obj
                0x10000304                main
 .text.gpio_set_function
                0x100003b4       0x30 CMakeFiles/kbd_scan.dir/C_/Program_Files/Raspberry_Pi/Pico_SDK_v1.5.1/pico-sdk/src/rp2_common/hardware_gpio/gpio.c.obj
                0x100003b4                gpio_set_function
 .text.gpio_set_pulls
                0x100003e4       0x34 CMakeFiles/kbd_scan.dir/C_/Program_Files/Raspberry_Pi/Pico_SDK_v1.5.1/pico-sdk/src/rp2_common/hardware_gpio/gpio.c.obj
                0x100003e4                gpio_set_pulls
 .text.gpio_set_irq_callback
                0x10000418       0x48 CMakeFiles/kbd_scan.dir/C_/Program_Files/Raspberry_Pi/Pico_SDK_v1.5.1/pico-sdk/src/rp2_common/hardware_gpio/gpio.c.obj
                0x10000418                gpio_set_irq_callback
 .text.gpio_acknowledge_irq
                0x10000460       0x18 CMakeFiles/kbd_scan.dir/C_/Program_Files/Raspberry_Pi/Pico_SDK_v1.5.1/pico-sdk/src/rp2_common/hardware_gpio/gpio.c.obj
                0x10000460                gpio_acknowledge_irq
 .text._gpio_set_irq_enabled
                0x10000478       0x34 CMakeFiles/kbd_scan.dir/C_/Program_Files/Raspberry_Pi/Pico_SDK_v1.5.1/pico-sdk/src/rp2_common/hardware_gpio/gpio.c.obj
 .text.gpio_set_irq_enabled
                0x100004ac       0x20 CMakeFiles/kbd_scan.dir/C_/Program_Files/Raspberry_Pi/Pico_SDK_v1.5.1/pico-sdk/src/rp2_common/hardware_gpio/gpio.c.obj
                0x100004ac                gpio_set_irq_enabled
 .text.gpio_set_irq_enabled_with_callback
                0x100004cc       0x20 CMakeFiles/kbd_scan.dir/C_/Program_Files/Raspberry_Pi/Pico_SDK_v1.5.1/pico-sdk/src/rp2_common/hardware_gpio/gpio.c.obj
                0x100004cc                gpio_set_irq_enabled_with_callback
 .text.gpio_default_irq_handler
                0x100004ec       0x98 CMakeFiles/kbd_scan.dir/C_/Program_Files/Raspberry_Pi/Pico_SDK_v1.5.1/pico-sdk/src/rp2_common/hardware_gpio/gpio.c.obj
 .text.gpio_init
                0x10000584       0x16 CMakeFiles/kbd_scan.dir/C_/Program_Files/Raspberry_Pi/Pico_SDK_v1.5.1/pico-sdk/src/rp2_common/hardware_gpio/gpio.c.obj
                0x10000584                gpio_init
 *fill*         0x1000059a        0x2 
 .text.running_on_fpga
                0x1000059c       0x14 CMakeFiles/kbd_scan.dir/C_/Program_Files/Raspberry_Pi/Pico_SDK_v1.5.1/pico-sdk/src/rp2_common/pico_platform/platform.c.obj
                0x1000059c                running_on_fpga
 .text.hw_claim_lock
                0x100005b0       0x18 CMakeFiles/kbd_scan.dir/C_/Program_Files/Raspberry_Pi/Pico_SDK_v1.5.1/pico-sdk/src/rp2_common/hardware_claim/claim.c.obj
                0x100005b0                hw_claim_lock
 .text.hw_claim_unlock
                0x100005c8       0x14 CMakeFiles/kbd_scan.dir/C_/Program_Files/Raspberry_Pi/Pico_SDK_v1.5.1/pico-sdk/src/rp2_common/hardware_claim/claim.c.obj
                0x100005c8                hw_claim_unlock
 .text.hw_claim_or_assert
                0x100005dc       0x32 CMakeFiles/kbd_scan.dir/C_/Program_Files/Raspberry_Pi/Pico_SDK_v1.5.1/pico-sdk/src/rp2_common/hardware_claim/claim.c.obj
                0x100005dc                hw_claim_or_assert
 .text.hw_claim_unused_from_range
                0x1000060e       0x50 CMakeFiles/kbd_scan.dir/C_/Program_Files/Raspberry_Pi/Pico_SDK_v1.5.1/pico-sdk/src/rp2_common/hardware_claim/claim.c.obj
                0x1000060e                hw_claim_unused_from_range
 *fill*         0x1000065e        0x2 
 .text.spin_locks_reset
                0x10000660       0x20 CMakeFiles/kbd_scan.dir/C_/Program_Files/Raspberry_Pi/Pico_SDK_v1.5.1/pico-sdk/src/rp2_common/hardware_sync/sync.c.obj
                0x10000660                spin_locks_reset
 .text.next_striped_spin_lock_num
                0x10000680       0x1c CMakeFiles/kbd_scan.dir/C_/Program_Files/Raspberry_Pi/Pico_SDK_v1.5.1/pico-sdk/src/rp2_common/hardware_sync/sync.c.obj
                0x10000680                next_striped_spin_lock_num
 .text.spin_lock_claim_unused
                0x1000069c       0x20 CMakeFiles/kbd_scan.dir/C_/Program_Files/Raspberry_Pi/Pico_SDK_v1.5.1/pico-sdk/src/rp2_common/hardware_sync/sync.c.obj
                0x1000069c                spin_lock_claim_unused
 .text.set_raw_irq_handler_and_unlock
                0x100006bc       0x28 CMakeFiles/kbd_scan.dir/C_/Program_Files/Raspberry_Pi/Pico_SDK_v1.5.1/pico-sdk/src/rp2_common/hardware_irq/irq.c.obj
 .text.make_branch
                0x100006e4       0x48 CMakeFiles/kbd_scan.dir/C_/Program_Files/Raspberry_Pi/Pico_SDK_v1.5.1/pico-sdk/src/rp2_common/hardware_irq/irq.c.obj
 .text.insert_branch_and_link
                0x1000072c       0x40 CMakeFiles/kbd_scan.dir/C_/Program_Files/Raspberry_Pi/Pico_SDK_v1.5.1/pico-sdk/src/rp2_common/hardware_irq/irq.c.obj
 .text.irq_is_enabled
                0x1000076c       0x18 CMakeFiles/kbd_scan.dir/C_/Program_Files/Raspberry_Pi/Pico_SDK_v1.5.1/pico-sdk/src/rp2_common/hardware_irq/irq.c.obj
                0x1000076c                irq_is_enabled
 .text.irq_set_mask_enabled
                0x10000784       0x20 CMakeFiles/kbd_scan.dir/C_/Program_Files/Raspberry_Pi/Pico_SDK_v1.5.1/pico-sdk/src/rp2_common/hardware_irq/irq.c.obj
                0x10000784                irq_set_mask_enabled
 .text.irq_set_enabled
                0x100007a4        0xe CMakeFiles/kbd_scan.dir/C_/Program_Files/Raspberry_Pi/Pico_SDK_v1.5.1/pico-sdk/src/rp2_common/hardware_irq/irq.c.obj
                0x100007a4                irq_set_enabled
 *fill*         0x100007b2        0x2 
 .text.irq_set_pending
                0x100007b4       0x10 CMakeFiles/kbd_scan.dir/C_/Program_Files/Raspberry_Pi/Pico_SDK_v1.5.1/pico-sdk/src/rp2_common/hardware_irq/irq.c.obj
                0x100007b4                irq_set_pending
 .text.irq_get_vtable_handler
                0x100007c4       0x10 CMakeFiles/kbd_scan.dir/C_/Program_Files/Raspberry_Pi/Pico_SDK_v1.5.1/pico-sdk/src/rp2_common/hardware_irq/irq.c.obj
                0x100007c4                irq_get_vtable_handler
 .text.irq_has_shared_handler
                0x100007d4       0x24 CMakeFiles/kbd_scan.dir/C_/Program_Files/Raspberry_Pi/Pico_SDK_v1.5.1/pico-sdk/src/rp2_common/hardware_irq/irq.c.obj
                0x100007d4                irq_has_shared_handler
 .text.irq_set_exclusive_handler
                0x100007f8       0x54 CMakeFiles/kbd_scan.dir/C_/Program_Files/Raspberry_Pi/Pico_SDK_v1.5.1/pico-sdk/src/rp2_common/hardware_irq/irq.c.obj
                0x100007f8                irq_set_exclusive_handler
 .text.irq_add_shared_handler
                0x1000084c      0x234 CMakeFiles/kbd_scan.dir/C_/Program_Files/Raspberry_Pi/Pico_SDK_v1.5.1/pico-sdk/src/rp2_common/hardware_irq/irq.c.obj
                0x1000084c                irq_add_shared_handler
 .text.irq_remove_handler
                0x10000a80      0x1ac CMakeFiles/kbd_scan.dir/C_/Program_Files/Raspberry_Pi/Pico_SDK_v1.5.1/pico-sdk/src/rp2_common/hardware_irq/irq.c.obj
                0x10000a80                irq_remove_handler
 .text.irq_add_tail_to_free_list
                0x10000c2c       0xf0 CMakeFiles/kbd_scan.dir/C_/Program_Files/Raspberry_Pi/Pico_SDK_v1.5.1/pico-sdk/src/rp2_common/hardware_irq/irq.c.obj
                0x10000c2c                irq_add_tail_to_free_list
 .text.irq_init_priorities
                0x10000d1c       0x1c CMakeFiles/kbd_scan.dir/C_/Program_Files/Raspberry_Pi/Pico_SDK_v1.5.1/pico-sdk/src/rp2_common/hardware_irq/irq.c.obj
                0x10000d1c                irq_init_priorities
 .text.user_irq_claim_unused
                0x10000d38       0x28 CMakeFiles/kbd_scan.dir/C_/Program_Files/Raspberry_Pi/Pico_SDK_v1.5.1/pico-sdk/src/rp2_common/hardware_irq/irq.c.obj
                0x10000d38                user_irq_claim_unused
 .text.lock_init
                0x10000d60       0x10 CMakeFiles/kbd_scan.dir/C_/Program_Files/Raspberry_Pi/Pico_SDK_v1.5.1/pico-sdk/src/common/pico_sync/lock_core.c.obj
                0x10000d60                lock_init
 .text.mutex_init
                0x10000d70       0x1a CMakeFiles/kbd_scan.dir/C_/Program_Files/Raspberry_Pi/Pico_SDK_v1.5.1/pico-sdk/src/common/pico_sync/mutex.c.obj
                0x10000d70                mutex_init
 .text.recursive_mutex_init
                0x10000d8a       0x1e CMakeFiles/kbd_scan.dir/C_/Program_Files/Raspberry_Pi/Pico_SDK_v1.5.1/pico-sdk/src/common/pico_sync/mutex.c.obj
                0x10000d8a                recursive_mutex_init
 .text.critical_section_init_with_lock_num
                0x10000da8       0x14 CMakeFiles/kbd_scan.dir/C_/Program_Files/Raspberry_Pi/Pico_SDK_v1.5.1/pico-sdk/src/common/pico_sync/critical_section.c.obj
                0x10000da8                critical_section_init_with_lock_num
 .text.critical_section_init
                0x10000dbc       0x14 CMakeFiles/kbd_scan.dir/C_/Program_Files/Raspberry_Pi/Pico_SDK_v1.5.1/pico-sdk/src/common/pico_sync/critical_section.c.obj
                0x10000dbc                critical_section_init
 .text.alarm_pool_post_alloc_init
                0x10000dd0       0x40 CMakeFiles/kbd_scan.dir/C_/Program_Files/Raspberry_Pi/Pico_SDK_v1.5.1/pico-sdk/src/common/pico_time/time.c.obj
 .text.sleep_until_callback
                0x10000e10       0x30 CMakeFiles/kbd_scan.dir/C_/Program_Files/Raspberry_Pi/Pico_SDK_v1.5.1/pico-sdk/src/common/pico_time/time.c.obj
 .text.timer_pool_entry_comparator
                0x10000e40       0x7c CMakeFiles/kbd_scan.dir/C_/Program_Files/Raspberry_Pi/Pico_SDK_v1.5.1/pico-sdk/src/common/pico_time/time.c.obj
                0x10000e40                timer_pool_entry_comparator
 .text.ph_add_child_node
                0x10000ebc       0xa4 CMakeFiles/kbd_scan.dir/C_/Program_Files/Raspberry_Pi/Pico_SDK_v1.5.1/pico-sdk/src/common/pico_time/time.c.obj
 .text.ph_merge_nodes
                0x10000f60       0x3e CMakeFiles/kbd_scan.dir/C_/Program_Files/Raspberry_Pi/Pico_SDK_v1.5.1/pico-sdk/src/common/pico_time/time.c.obj
 *fill*         0x10000f9e        0x2 
 .text.add_alarm_under_lock
                0x10000fa0      0x174 CMakeFiles/kbd_scan.dir/C_/Program_Files/Raspberry_Pi/Pico_SDK_v1.5.1/pico-sdk/src/common/pico_time/time.c.obj
 .text.alarm_pool_alarm_callback
                0x10001114      0x33c CMakeFiles/kbd_scan.dir/C_/Program_Files/Raspberry_Pi/Pico_SDK_v1.5.1/pico-sdk/src/common/pico_time/time.c.obj
 .text.alarm_pool_init_default
                0x10001450       0x40 CMakeFiles/kbd_scan.dir/C_/Program_Files/Raspberry_Pi/Pico_SDK_v1.5.1/pico-sdk/src/common/pico_time/time.c.obj
                0x10001450                alarm_pool_init_default
 .text.alarm_pool_get_default
                0x10001490       0x2c CMakeFiles/kbd_scan.dir/C_/Program_Files/Raspberry_Pi/Pico_SDK_v1.5.1/pico-sdk/src/common/pico_time/time.c.obj
                0x10001490                alarm_pool_get_default
 .text.alarm_pool_add_alarm_at
                0x100014bc      0x168 CMakeFiles/kbd_scan.dir/C_/Program_Files/Raspberry_Pi/Pico_SDK_v1.5.1/pico-sdk/src/common/pico_time/time.c.obj
                0x100014bc                alarm_pool_add_alarm_at
 .text.alarm_pool_cancel_alarm
                0x10001624       0xf8 CMakeFiles/kbd_scan.dir/C_/Program_Files/Raspberry_Pi/Pico_SDK_v1.5.1/pico-sdk/src/common/pico_time/time.c.obj
                0x10001624                alarm_pool_cancel_alarm
 .text.alarm_pool_core_num
                0x1000171c        0x4 CMakeFiles/kbd_scan.dir/C_/Program_Files/Raspberry_Pi/Pico_SDK_v1.5.1/pico-sdk/src/common/pico_time/time.c.obj
                0x1000171c                alarm_pool_core_num
 .text.sleep_until
                0x10001720       0xfc CMakeFiles/kbd_scan.dir/C_/Program_Files/Raspberry_Pi/Pico_SDK_v1.5.1/pico-sdk/src/common/pico_time/time.c.obj
                0x10001720                sleep_until
 .text.sleep_us
                0x1000181c       0x58 CMakeFiles/kbd_scan.dir/C_/Program_Files/Raspberry_Pi/Pico_SDK_v1.5.1/pico-sdk/src/common/pico_time/time.c.obj
                0x1000181c                sleep_us
 .text.sleep_ms
                0x10001874       0x14 CMakeFiles/kbd_scan.dir/C_/Program_Files/Raspberry_Pi/Pico_SDK_v1.5.1/pico-sdk/src/common/pico_time/time.c.obj
                0x10001874                sleep_ms
 .text.best_effort_wfe_or_timeout
                0x10001888       0xac CMakeFiles/kbd_scan.dir/C_/Program_Files/Raspberry_Pi/Pico_SDK_v1.5.1/pico-sdk/src/common/pico_time/time.c.obj
                0x10001888                best_effort_wfe_or_timeout
 .text.hardware_alarm_irq_handler
                0x10001934       0x90 CMakeFiles/kbd_scan.dir/C_/Program_Files/Raspberry_Pi/Pico_SDK_v1.5.1/pico-sdk/src/rp2_common/hardware_timer/timer.c.obj
 .text.hardware_alarm_claim
                0x100019c4       0x18 CMakeFiles/kbd_scan.dir/C_/Program_Files/Raspberry_Pi/Pico_SDK_v1.5.1/pico-sdk/src/rp2_common/hardware_timer/timer.c.obj
                0x100019c4                hardware_alarm_claim
 .text.time_us_64
                0x100019dc       0x18 CMakeFiles/kbd_scan.dir/C_/Program_Files/Raspberry_Pi/Pico_SDK_v1.5.1/pico-sdk/src/rp2_common/hardware_timer/timer.c.obj
                0x100019dc                time_us_64
 .text.busy_wait_until
                0x100019f4       0x28 CMakeFiles/kbd_scan.dir/C_/Program_Files/Raspberry_Pi/Pico_SDK_v1.5.1/pico-sdk/src/rp2_common/hardware_timer/timer.c.obj
                0x100019f4                busy_wait_until
 .text.hardware_alarm_set_callback
                0x10001a1c       0x90 CMakeFiles/kbd_scan.dir/C_/Program_Files/Raspberry_Pi/Pico_SDK_v1.5.1/pico-sdk/src/rp2_common/hardware_timer/timer.c.obj
                0x10001a1c                hardware_alarm_set_callback
 .text.hardware_alarm_set_target
                0x10001aac       0xe8 CMakeFiles/kbd_scan.dir/C_/Program_Files/Raspberry_Pi/Pico_SDK_v1.5.1/pico-sdk/src/rp2_common/hardware_timer/timer.c.obj
                0x10001aac                hardware_alarm_set_target
 .text.hardware_alarm_cancel
                0x10001b94       0x40 CMakeFiles/kbd_scan.dir/C_/Program_Files/Raspberry_Pi/Pico_SDK_v1.5.1/pico-sdk/src/rp2_common/hardware_timer/timer.c.obj
                0x10001b94                hardware_alarm_cancel
 .text.ph_add_child_node
                0x10001bd4       0xa4 CMakeFiles/kbd_scan.dir/C_/Program_Files/Raspberry_Pi/Pico_SDK_v1.5.1/pico-sdk/src/common/pico_util/pheap.c.obj
 .text.ph_merge_nodes
                0x10001c78       0x3e CMakeFiles/kbd_scan.dir/C_/Program_Files/Raspberry_Pi/Pico_SDK_v1.5.1/pico-sdk/src/common/pico_util/pheap.c.obj
 *fill*         0x10001cb6        0x2 
 .text.ph_clear
                0x10001cb8       0x70 CMakeFiles/kbd_scan.dir/C_/Program_Files/Raspberry_Pi/Pico_SDK_v1.5.1/pico-sdk/src/common/pico_util/pheap.c.obj
                0x10001cb8                ph_clear
 .text.ph_post_alloc_init
                0x10001d28        0xe CMakeFiles/kbd_scan.dir/C_/Program_Files/Raspberry_Pi/Pico_SDK_v1.5.1/pico-sdk/src/common/pico_util/pheap.c.obj
                0x10001d28                ph_post_alloc_init
 *fill*         0x10001d36        0x2 
 .text.ph_merge_two_pass
                0x10001d38       0xa8 CMakeFiles/kbd_scan.dir/C_/Program_Files/Raspberry_Pi/Pico_SDK_v1.5.1/pico-sdk/src/common/pico_util/pheap.c.obj
                0x10001d38                ph_merge_two_pass
 .text.ph_remove_any_head
                0x10001de0      0x128 CMakeFiles/kbd_scan.dir/C_/Program_Files/Raspberry_Pi/Pico_SDK_v1.5.1/pico-sdk/src/common/pico_util/pheap.c.obj
 .text.ph_remove_head
                0x10001f08       0x14 CMakeFiles/kbd_scan.dir/C_/Program_Files/Raspberry_Pi/Pico_SDK_v1.5.1/pico-sdk/src/common/pico_util/pheap.c.obj
                0x10001f08                ph_remove_head
 .text.ph_remove_and_free_node
                0x10001f1c       0xf8 CMakeFiles/kbd_scan.dir/C_/Program_Files/Raspberry_Pi/Pico_SDK_v1.5.1/pico-sdk/src/common/pico_util/pheap.c.obj
                0x10001f1c                ph_remove_and_free_node
 .text.clock_configure
                0x10002014      0x108 CMakeFiles/kbd_scan.dir/C_/Program_Files/Raspberry_Pi/Pico_SDK_v1.5.1/pico-sdk/src/rp2_common/hardware_clocks/clocks.c.obj
                0x10002014                clock_configure
 .text.clocks_init
                0x1000211c      0x100 CMakeFiles/kbd_scan.dir/C_/Program_Files/Raspberry_Pi/Pico_SDK_v1.5.1/pico-sdk/src/rp2_common/hardware_clocks/clocks.c.obj
                0x1000211c                clocks_init
 .text.clock_get_hz
                0x1000221c        0xc CMakeFiles/kbd_scan.dir/C_/Program_Files/Raspberry_Pi/Pico_SDK_v1.5.1/pico-sdk/src/rp2_common/hardware_clocks/clocks.c.obj
                0x1000221c                clock_get_hz
 .text.pll_init
                0x10002228      0x120 CMakeFiles/kbd_scan.dir/C_/Program_Files/Raspberry_Pi/Pico_SDK_v1.5.1/pico-sdk/src/rp2_common/hardware_pll/pll.c.obj
                0x10002228                pll_init
 .text.watchdog_start_tick
                0x10002348       0x10 CMakeFiles/kbd_scan.dir/C_/Program_Files/Raspberry_Pi/Pico_SDK_v1.5.1/pico-sdk/src/rp2_common/hardware_watchdog/watchdog.c.obj
                0x10002348                watchdog_start_tick
 .text.watchdog_update
                0x10002358       0x14 CMakeFiles/kbd_scan.dir/C_/Program_Files/Raspberry_Pi/Pico_SDK_v1.5.1/pico-sdk/src/rp2_common/hardware_watchdog/watchdog.c.obj
                0x10002358                watchdog_update
 .text._watchdog_enable
                0x1000236c       0x78 CMakeFiles/kbd_scan.dir/C_/Program_Files/Raspberry_Pi/Pico_SDK_v1.5.1/pico-sdk/src/rp2_common/hardware_watchdog/watchdog.c.obj
                0x1000236c                _watchdog_enable
 .text.watchdog_reboot
                0x100023e4       0x48 CMakeFiles/kbd_scan.dir/C_/Program_Files/Raspberry_Pi/Pico_SDK_v1.5.1/pico-sdk/src/rp2_common/hardware_watchdog/watchdog.c.obj
                0x100023e4                watchdog_reboot
 .text.xosc_init
                0x1000242c       0x28 CMakeFiles/kbd_scan.dir/C_/Program_Files/Raspberry_Pi/Pico_SDK_v1.5.1/pico-sdk/src/rp2_common/hardware_xosc/xosc.c.obj
                0x1000242c                xosc_init
 .text._exit    0x10002454        0x4 CMakeFiles/kbd_scan.dir/C_/Program_Files/Raspberry_Pi/Pico_SDK_v1.5.1/pico-sdk/src/rp2_common/pico_runtime/runtime.c.obj
                0x10002454                _exit
 .text.exit     0x10002458        0x6 CMakeFiles/kbd_scan.dir/C_/Program_Files/Raspberry_Pi/Pico_SDK_v1.5.1/pico-sdk/src/rp2_common/pico_runtime/runtime.c.obj
                0x10002458                exit
 *fill*         0x1000245e        0x2 
 .text.__assert_func
                0x10002460       0x3c CMakeFiles/kbd_scan.dir/C_/Program_Files/Raspberry_Pi/Pico_SDK_v1.5.1/pico-sdk/src/rp2_common/pico_runtime/runtime.c.obj
                0x10002460                __assert_func
 .text.runtime_init
                0x1000249c       0xf8 CMakeFiles/kbd_scan.dir/C_/Program_Files/Raspberry_Pi/Pico_SDK_v1.5.1/pico-sdk/src/rp2_common/pico_runtime/runtime.c.obj
                0x1000249c                runtime_init
 .text.panic    0x10002594       0x30 CMakeFiles/kbd_scan.dir/C_/Program_Files/Raspberry_Pi/Pico_SDK_v1.5.1/pico-sdk/src/rp2_common/pico_runtime/runtime.c.obj
                0x10002594                panic
 .text._out_null
                0x100025c4        0x2 CMakeFiles/kbd_scan.dir/C_/Program_Files/Raspberry_Pi/Pico_SDK_v1.5.1/pico-sdk/src/rp2_common/pico_printf/printf.c.obj
 .text._out_fct
                0x100025c6        0xe CMakeFiles/kbd_scan.dir/C_/Program_Files/Raspberry_Pi/Pico_SDK_v1.5.1/pico-sdk/src/rp2_common/pico_printf/printf.c.obj
 .text._atoi    0x100025d4       0x24 CMakeFiles/kbd_scan.dir/C_/Program_Files/Raspberry_Pi/Pico_SDK_v1.5.1/pico-sdk/src/rp2_common/pico_printf/printf.c.obj
 .text._out_rev
                0x100025f8       0xae CMakeFiles/kbd_scan.dir/C_/Program_Files/Raspberry_Pi/Pico_SDK_v1.5.1/pico-sdk/src/rp2_common/pico_printf/printf.c.obj
 .text._ntoa_format
                0x100026a6      0x112 CMakeFiles/kbd_scan.dir/C_/Program_Files/Raspberry_Pi/Pico_SDK_v1.5.1/pico-sdk/src/rp2_common/pico_printf/printf.c.obj
 .text._ntoa_long
                0x100027b8       0xbc CMakeFiles/kbd_scan.dir/C_/Program_Files/Raspberry_Pi/Pico_SDK_v1.5.1/pico-sdk/src/rp2_common/pico_printf/printf.c.obj
 .text._ntoa_long_long
                0x10002874       0xe2 CMakeFiles/kbd_scan.dir/C_/Program_Files/Raspberry_Pi/Pico_SDK_v1.5.1/pico-sdk/src/rp2_common/pico_printf/printf.c.obj
 *fill*         0x10002956        0x2 
 .text._etoa    0x10002958      0x414 CMakeFiles/kbd_scan.dir/C_/Program_Files/Raspberry_Pi/Pico_SDK_v1.5.1/pico-sdk/src/rp2_common/pico_printf/printf.c.obj
 .text._ftoa    0x10002d6c      0x354 CMakeFiles/kbd_scan.dir/C_/Program_Files/Raspberry_Pi/Pico_SDK_v1.5.1/pico-sdk/src/rp2_common/pico_printf/printf.c.obj
 .text._vsnprintf
                0x100030c0      0x624 CMakeFiles/kbd_scan.dir/C_/Program_Files/Raspberry_Pi/Pico_SDK_v1.5.1/pico-sdk/src/rp2_common/pico_printf/printf.c.obj
 .text.vfctprintf
                0x100036e4       0x20 CMakeFiles/kbd_scan.dir/C_/Program_Files/Raspberry_Pi/Pico_SDK_v1.5.1/pico-sdk/src/rp2_common/pico_printf/printf.c.obj
                0x100036e4                vfctprintf
 .text          0x10003704       0x10 CMakeFiles/kbd_scan.dir/C_/Program_Files/Raspberry_Pi/Pico_SDK_v1.5.1/pico-sdk/src/rp2_common/pico_bit_ops/bit_ops_aeabi.S.obj
 .text.rom_func_lookup
                0x10003714       0x10 CMakeFiles/kbd_scan.dir/C_/Program_Files/Raspberry_Pi/Pico_SDK_v1.5.1/pico-sdk/src/rp2_common/pico_bootrom/bootrom.c.obj
                0x10003714                rom_func_lookup
 .text.rom_data_lookup
                0x10003724       0x10 CMakeFiles/kbd_scan.dir/C_/Program_Files/Raspberry_Pi/Pico_SDK_v1.5.1/pico-sdk/src/rp2_common/pico_bootrom/bootrom.c.obj
                0x10003724                rom_data_lookup
 .text.rom_funcs_lookup
                0x10003734       0x36 CMakeFiles/kbd_scan.dir/C_/Program_Files/Raspberry_Pi/Pico_SDK_v1.5.1/pico-sdk/src/rp2_common/pico_bootrom/bootrom.c.obj
                0x10003734                rom_funcs_lookup
 *fill*         0x1000376a        0x2 
 .text.__wrap___aeabi_idiv
                0x1000376c       0x50 CMakeFiles/kbd_scan.dir/C_/Program_Files/Raspberry_Pi/Pico_SDK_v1.5.1/pico-sdk/src/rp2_common/pico_divider/divider.S.obj
                0x1000376c                __wrap___aeabi_idivmod
                0x1000376c                divmod_s32s32
                0x1000376c                div_s32s32
                0x1000376c                __wrap___aeabi_idiv
                0x10003774                divmod_s32s32_unsafe
                0x100037a0                divmod_s32s32_savestate
 .text.__wrap___aeabi_uidiv
                0x100037bc       0x4c CMakeFiles/kbd_scan.dir/C_/Program_Files/Raspberry_Pi/Pico_SDK_v1.5.1/pico-sdk/src/rp2_common/pico_divider/divider.S.obj
                0x100037bc                __wrap___aeabi_uidiv
                0x100037bc                __wrap___aeabi_uidivmod
                0x100037bc                div_u32u32
                0x100037bc                divmod_u32u32
                0x100037c4                divmod_u32u32_unsafe
                0x100037ec                divmod_u32u32_savestate
 .text.__wrap___aeabi_ldiv
                0x10003808      0x424 CMakeFiles/kbd_scan.dir/C_/Program_Files/Raspberry_Pi/Pico_SDK_v1.5.1/pico-sdk/src/rp2_common/pico_divider/divider.S.obj
                0x10003808                div_s64s64
                0x10003808                divmod_s64s64
                0x10003808                __wrap___aeabi_ldivmod
                0x10003838                divmod_u64u64
                0x10003838                div_u64u64
                0x10003838                __wrap___aeabi_uldivmod
                0x10003848                divmod_u64u64_savestate
                0x10003868                divmod_s64s64_unsafe
                0x100038f0                divmod_u64u64_unsafe
 .text.__wrap___aeabi_darithmetic
                0x10003c2c       0x80 CMakeFiles/kbd_scan.dir/C_/Program_Files/Raspberry_Pi/Pico_SDK_v1.5.1/pico-sdk/src/rp2_common/pico_double/double_aeabi.S.obj
                0x10003c2c                __wrap___aeabi_drsub
                0x10003c32                __wrap___aeabi_dsub
                0x10003c44                __wrap___aeabi_dadd
                0x10003c56                __wrap___aeabi_ddiv
                0x10003c92                __wrap___aeabi_dmul
 .text.__wrap___aeabi_cdcmple
                0x10003cac       0x6c CMakeFiles/kbd_scan.dir/C_/Program_Files/Raspberry_Pi/Pico_SDK_v1.5.1/pico-sdk/src/rp2_common/pico_double/double_aeabi.S.obj
                0x10003cac                __wrap___aeabi_cdrcmple
                0x10003cbc                __wrap___aeabi_cdcmpeq
                0x10003cbc                __wrap___aeabi_cdcmple
 .text.__wrap___aeabi_dcmplt
                0x10003d18        0xc CMakeFiles/kbd_scan.dir/C_/Program_Files/Raspberry_Pi/Pico_SDK_v1.5.1/pico-sdk/src/rp2_common/pico_double/double_aeabi.S.obj
                0x10003d18                __wrap___aeabi_dcmplt
 .text.__wrap___aeabi_dcmple
                0x10003d24       0x10 CMakeFiles/kbd_scan.dir/C_/Program_Files/Raspberry_Pi/Pico_SDK_v1.5.1/pico-sdk/src/rp2_common/pico_double/double_aeabi.S.obj
                0x10003d24                __wrap___aeabi_dcmple
 .text.__wrap___aeabi_dcmpge
                0x10003d34       0x10 CMakeFiles/kbd_scan.dir/C_/Program_Files/Raspberry_Pi/Pico_SDK_v1.5.1/pico-sdk/src/rp2_common/pico_double/double_aeabi.S.obj
                0x10003d34                __wrap___aeabi_dcmpge
 .text.__wrap___aeabi_dcmpgt
                0x10003d44        0xa CMakeFiles/kbd_scan.dir/C_/Program_Files/Raspberry_Pi/Pico_SDK_v1.5.1/pico-sdk/src/rp2_common/pico_double/double_aeabi.S.obj
                0x10003d44                __wrap___aeabi_dcmpgt
 .text.__wrap___aeabi_dcmpun
                0x10003d4e       0x1c CMakeFiles/kbd_scan.dir/C_/Program_Files/Raspberry_Pi/Pico_SDK_v1.5.1/pico-sdk/src/rp2_common/pico_double/double_aeabi.S.obj
                0x10003d4e                __wrap___aeabi_dcmpun
 *fill*         0x10003d6a        0x2 
 .text.__wrap___aeabi_i2d
                0x10003d6c       0x38 CMakeFiles/kbd_scan.dir/C_/Program_Files/Raspberry_Pi/Pico_SDK_v1.5.1/pico-sdk/src/rp2_common/pico_double/double_aeabi.S.obj
                0x10003d6c                __wrap___aeabi_ui2d
                0x10003d74                __wrap___aeabi_i2d
 .text.__wrap___aeabi_d2iz
                0x10003da4       0x48 CMakeFiles/kbd_scan.dir/C_/Program_Files/Raspberry_Pi/Pico_SDK_v1.5.1/pico-sdk/src/rp2_common/pico_double/double_aeabi.S.obj
                0x10003da4                double2int_z
                0x10003da4                __wrap___aeabi_d2iz
 .text.__wrap___aeabi_d2uiz
                0x10003dec       0x18 CMakeFiles/kbd_scan.dir/C_/Program_Files/Raspberry_Pi/Pico_SDK_v1.5.1/pico-sdk/src/rp2_common/pico_double/double_aeabi.S.obj
                0x10003dec                __wrap___aeabi_d2uiz
                0x10003dec                double2uint
 .text.__aeabi_double_init
                0x10003e04       0xc8 CMakeFiles/kbd_scan.dir/C_/Program_Files/Raspberry_Pi/Pico_SDK_v1.5.1/pico-sdk/src/rp2_common/pico_double/double_init_rom.c.obj
                0x10003e04                __aeabi_double_init
 .text.double_table_shim_on_use_helper
                0x10003ecc       0x34 CMakeFiles/kbd_scan.dir/C_/Program_Files/Raspberry_Pi/Pico_SDK_v1.5.1/pico-sdk/src/rp2_common/pico_double/double_v1_rom_shim.S.obj
                0x10003ecc                double_table_shim_on_use_helper
 .text.__wrap___aeabi_dsub
                0x10003f00       0x10 CMakeFiles/kbd_scan.dir/C_/Program_Files/Raspberry_Pi/Pico_SDK_v1.5.1/pico-sdk/src/rp2_common/pico_double/double_v1_rom_shim.S.obj
                0x10003f00                drsub_shim
                0x10003f06                dsub_shim
 .text.dadd_shim
                0x10003f10      0x15c CMakeFiles/kbd_scan.dir/C_/Program_Files/Raspberry_Pi/Pico_SDK_v1.5.1/pico-sdk/src/rp2_common/pico_double/double_v1_rom_shim.S.obj
                0x10003f10                dadd_shim
 .text.dmul_shim
                0x1000406c      0x15c CMakeFiles/kbd_scan.dir/C_/Program_Files/Raspberry_Pi/Pico_SDK_v1.5.1/pico-sdk/src/rp2_common/pico_double/double_v1_rom_shim.S.obj
                0x1000406c                dmul_shim
 .text.ddiv_shim
                0x100041c8      0x1b0 CMakeFiles/kbd_scan.dir/C_/Program_Files/Raspberry_Pi/Pico_SDK_v1.5.1/pico-sdk/src/rp2_common/pico_double/double_v1_rom_shim.S.obj
                0x100041c8                ddiv_shim
 .text.double2uint_shim
                0x10004378        0xe CMakeFiles/kbd_scan.dir/C_/Program_Files/Raspberry_Pi/Pico_SDK_v1.5.1/pico-sdk/src/rp2_common/pico_double/double_v1_rom_shim.S.obj
                0x10004378                double2uint_shim
                0x1000437a                double2ufix_shim
 *fill*         0x10004386        0x2 
 .text.double2uint64_shim
                0x10004388       0x70 CMakeFiles/kbd_scan.dir/C_/Program_Files/Raspberry_Pi/Pico_SDK_v1.5.1/pico-sdk/src/rp2_common/pico_double/double_v1_rom_shim.S.obj
                0x10004388                double2uint64_shim
                0x1000438a                double2ufix64_shim
                0x100043aa                d2fix_a
 .text.dunpacks
                0x100043f8       0x3c CMakeFiles/kbd_scan.dir/C_/Program_Files/Raspberry_Pi/Pico_SDK_v1.5.1/pico-sdk/src/rp2_common/pico_double/double_v1_rom_shim.S.obj
                0x100043f8                dunpacks
 .text.__aeabi_lmul
                0x10004434       0x32 CMakeFiles/kbd_scan.dir/C_/Program_Files/Raspberry_Pi/Pico_SDK_v1.5.1/pico-sdk/src/rp2_common/pico_int64_ops/pico_int64_ops_aeabi.S.obj
                0x10004434                __wrap___aeabi_lmul
 *fill*         0x10004466        0x2 
 .text.__aeabi_float_init
                0x10004468       0xfc CMakeFiles/kbd_scan.dir/C_/Program_Files/Raspberry_Pi/Pico_SDK_v1.5.1/pico-sdk/src/rp2_common/pico_float/float_init_rom.c.obj
                0x10004468                __aeabi_float_init
 .text.float_table_shim_on_use_helper
                0x10004564       0x34 CMakeFiles/kbd_scan.dir/C_/Program_Files/Raspberry_Pi/Pico_SDK_v1.5.1/pico-sdk/src/rp2_common/pico_float/float_v1_rom_shim.S.obj
                0x10004564                float_table_shim_on_use_helper
 .text          0x10004598       0x10 CMakeFiles/kbd_scan.dir/C_/Program_Files/Raspberry_Pi/Pico_SDK_v1.5.1/pico-sdk/src/rp2_common/pico_mem_ops/mem_ops_aeabi.S.obj
                0x10004598                __aeabi_mem_init
 .text.memset   0x100045a8        0xc CMakeFiles/kbd_scan.dir/C_/Program_Files/Raspberry_Pi/Pico_SDK_v1.5.1/pico-sdk/src/rp2_common/pico_mem_ops/mem_ops_aeabi.S.obj
                0x100045a8                __wrap_memset
 .text.memcpy   0x100045b4        0xc CMakeFiles/kbd_scan.dir/C_/Program_Files/Raspberry_Pi/Pico_SDK_v1.5.1/pico-sdk/src/rp2_common/pico_mem_ops/mem_ops_aeabi.S.obj
                0x100045b4                __wrap_memcpy
                0x100045b4                __wrap___aeabi_memcpy
 .text.stdio_out_chars_no_crlf
                0x100045c0        0xe CMakeFiles/kbd_scan.dir/C_/Program_Files/Raspberry_Pi/Pico_SDK_v1.5.1/pico-sdk/src/rp2_common/pico_stdio/stdio.c.obj
 *fill*         0x100045ce        0x2 
 .text.stdio_out_chars_crlf
                0x100045d0       0x80 CMakeFiles/kbd_scan.dir/C_/Program_Files/Raspberry_Pi/Pico_SDK_v1.5.1/pico-sdk/src/rp2_common/pico_stdio/stdio.c.obj
 .text.stdio_stack_buffer_flush
                0x10004650       0x44 CMakeFiles/kbd_scan.dir/C_/Program_Files/Raspberry_Pi/Pico_SDK_v1.5.1/pico-sdk/src/rp2_common/pico_stdio/stdio.c.obj
 .text.stdio_buffered_printer
                0x10004694       0x20 CMakeFiles/kbd_scan.dir/C_/Program_Files/Raspberry_Pi/Pico_SDK_v1.5.1/pico-sdk/src/rp2_common/pico_stdio/stdio.c.obj
 .text.stdout_serialize_begin
                0x100046b4       0x5c CMakeFiles/kbd_scan.dir/C_/Program_Files/Raspberry_Pi/Pico_SDK_v1.5.1/pico-sdk/src/rp2_common/pico_stdio/stdio.c.obj
                0x100046b4                stdout_serialize_begin
 .text.stdout_serialize_end
                0x10004710       0x10 CMakeFiles/kbd_scan.dir/C_/Program_Files/Raspberry_Pi/Pico_SDK_v1.5.1/pico-sdk/src/rp2_common/pico_stdio/stdio.c.obj
                0x10004710                stdout_serialize_end
 .text.stdio_put_string
                0x10004720       0x98 CMakeFiles/kbd_scan.dir/C_/Program_Files/Raspberry_Pi/Pico_SDK_v1.5.1/pico-sdk/src/rp2_common/pico_stdio/stdio.c.obj
 .text.stdio_set_driver_enabled
                0x100047b8       0x2c CMakeFiles/kbd_scan.dir/C_/Program_Files/Raspberry_Pi/Pico_SDK_v1.5.1/pico-sdk/src/rp2_common/pico_stdio/stdio.c.obj
                0x100047b8                stdio_set_driver_enabled
 .text.stdio_flush
                0x100047e4       0x20 CMakeFiles/kbd_scan.dir/C_/Program_Files/Raspberry_Pi/Pico_SDK_v1.5.1/pico-sdk/src/rp2_common/pico_stdio/stdio.c.obj
                0x100047e4                stdio_flush
 .text.__wrap_puts
                0x10004804       0x1e CMakeFiles/kbd_scan.dir/C_/Program_Files/Raspberry_Pi/Pico_SDK_v1.5.1/pico-sdk/src/rp2_common/pico_stdio/stdio.c.obj
                0x10004804                __wrap_puts
 *fill*         0x10004822        0x2 
 .text.__wrap_vprintf
                0x10004824       0x40 CMakeFiles/kbd_scan.dir/C_/Program_Files/Raspberry_Pi/Pico_SDK_v1.5.1/pico-sdk/src/rp2_common/pico_stdio/stdio.c.obj
                0x10004824                __wrap_vprintf
 .text.__wrap_printf
                0x10004864       0x18 CMakeFiles/kbd_scan.dir/C_/Program_Files/Raspberry_Pi/Pico_SDK_v1.5.1/pico-sdk/src/rp2_common/pico_stdio/stdio.c.obj
                0x10004864                __wrap_printf
 .text.stdio_init_all
                0x1000487c        0x8 CMakeFiles/kbd_scan.dir/C_/Program_Files/Raspberry_Pi/Pico_SDK_v1.5.1/pico-sdk/src/rp2_common/pico_stdio/stdio.c.obj
                0x1000487c                stdio_init_all
 .text.resetd_init
                0x10004884        0x2 CMakeFiles/kbd_scan.dir/C_/Program_Files/Raspberry_Pi/Pico_SDK_v1.5.1/pico-sdk/src/rp2_common/pico_stdio_usb/reset_interface.c.obj
 *fill*         0x10004886        0x2 
 .text.resetd_reset
                0x10004888        0xc CMakeFiles/kbd_scan.dir/C_/Program_Files/Raspberry_Pi/Pico_SDK_v1.5.1/pico-sdk/src/rp2_common/pico_stdio_usb/reset_interface.c.obj
 .text.resetd_open
                0x10004894       0x34 CMakeFiles/kbd_scan.dir/C_/Program_Files/Raspberry_Pi/Pico_SDK_v1.5.1/pico-sdk/src/rp2_common/pico_stdio_usb/reset_interface.c.obj
 .text.resetd_xfer_cb
                0x100048c8        0x4 CMakeFiles/kbd_scan.dir/C_/Program_Files/Raspberry_Pi/Pico_SDK_v1.5.1/pico-sdk/src/rp2_common/pico_stdio_usb/reset_interface.c.obj
 .text.reset_usb_boot
                0x100048cc       0x18 CMakeFiles/kbd_scan.dir/C_/Program_Files/Raspberry_Pi/Pico_SDK_v1.5.1/pico-sdk/src/rp2_common/pico_stdio_usb/reset_interface.c.obj
 .text.resetd_control_xfer_cb
                0x100048e4       0x5c CMakeFiles/kbd_scan.dir/C_/Program_Files/Raspberry_Pi/Pico_SDK_v1.5.1/pico-sdk/src/rp2_common/pico_stdio_usb/reset_interface.c.obj
 .text.usbd_app_driver_get_cb
                0x10004940        0xc CMakeFiles/kbd_scan.dir/C_/Program_Files/Raspberry_Pi/Pico_SDK_v1.5.1/pico-sdk/src/rp2_common/pico_stdio_usb/reset_interface.c.obj
                0x10004940                usbd_app_driver_get_cb
 .text.tud_cdc_line_coding_cb
                0x1000494c       0x28 CMakeFiles/kbd_scan.dir/C_/Program_Files/Raspberry_Pi/Pico_SDK_v1.5.1/pico-sdk/src/rp2_common/pico_stdio_usb/reset_interface.c.obj
                0x1000494c                tud_cdc_line_coding_cb
 .text.stdio_usb_set_chars_available_callback
                0x10004974       0x14 CMakeFiles/kbd_scan.dir/C_/Program_Files/Raspberry_Pi/Pico_SDK_v1.5.1/pico-sdk/src/rp2_common/pico_stdio_usb/stdio_usb.c.obj
                0x10004974                stdio_usb_set_chars_available_callback
 .text.usb_irq  0x10004988       0x10 CMakeFiles/kbd_scan.dir/C_/Program_Files/Raspberry_Pi/Pico_SDK_v1.5.1/pico-sdk/src/rp2_common/pico_stdio_usb/stdio_usb.c.obj
 .text.timer_task
                0x10004998       0x5c CMakeFiles/kbd_scan.dir/C_/Program_Files/Raspberry_Pi/Pico_SDK_v1.5.1/pico-sdk/src/rp2_common/pico_stdio_usb/stdio_usb.c.obj
 .text.low_priority_worker_irq
                0x100049f4       0xdc CMakeFiles/kbd_scan.dir/C_/Program_Files/Raspberry_Pi/Pico_SDK_v1.5.1/pico-sdk/src/rp2_common/pico_stdio_usb/stdio_usb.c.obj
 .text.tud_cdc_rx_cb
                0x10004ad0       0x20 CMakeFiles/kbd_scan.dir/C_/Program_Files/Raspberry_Pi/Pico_SDK_v1.5.1/pico-sdk/src/rp2_common/pico_stdio_usb/stdio_usb.c.obj
                0x10004ad0                tud_cdc_rx_cb
 .text.stdio_usb_init
                0x10004af0      0x11c CMakeFiles/kbd_scan.dir/C_/Program_Files/Raspberry_Pi/Pico_SDK_v1.5.1/pico-sdk/src/rp2_common/pico_stdio_usb/stdio_usb.c.obj
                0x10004af0                stdio_usb_init
 .text.stdio_usb_connected
                0x10004c0c        0xa CMakeFiles/kbd_scan.dir/C_/Program_Files/Raspberry_Pi/Pico_SDK_v1.5.1/pico-sdk/src/rp2_common/pico_stdio_usb/stdio_usb.c.obj
                0x10004c0c                stdio_usb_connected
 *fill*         0x10004c16        0x2 
 .text.stdio_usb_in_chars
                0x10004c18       0xc4 CMakeFiles/kbd_scan.dir/C_/Program_Files/Raspberry_Pi/Pico_SDK_v1.5.1/pico-sdk/src/rp2_common/pico_stdio_usb/stdio_usb.c.obj
                0x10004c18                stdio_usb_in_chars
 .text.stdio_usb_out_chars
                0x10004cdc      0x114 CMakeFiles/kbd_scan.dir/C_/Program_Files/Raspberry_Pi/Pico_SDK_v1.5.1/pico-sdk/src/rp2_common/pico_stdio_usb/stdio_usb.c.obj
 .text.tud_descriptor_device_cb
                0x10004df0        0x8 CMakeFiles/kbd_scan.dir/C_/Program_Files/Raspberry_Pi/Pico_SDK_v1.5.1/pico-sdk/src/rp2_common/pico_stdio_usb/stdio_usb_descriptors.c.obj
                0x10004df0                tud_descriptor_device_cb
 .text.tud_descriptor_configuration_cb
                0x10004df8        0x8 CMakeFiles/kbd_scan.dir/C_/Program_Files/Raspberry_Pi/Pico_SDK_v1.5.1/pico-sdk/src/rp2_common/pico_stdio_usb/stdio_usb_descriptors.c.obj
                0x10004df8                tud_descriptor_configuration_cb
 .text.tud_descriptor_string_cb
                0x10004e00       0x6c CMakeFiles/kbd_scan.dir/C_/Program_Files/Raspberry_Pi/Pico_SDK_v1.5.1/pico-sdk/src/rp2_common/pico_stdio_usb/stdio_usb_descriptors.c.obj
                0x10004e00                tud_descriptor_string_cb
 .text._retrieve_unique_id_on_boot
                0x10004e6c       0x10 CMakeFiles/kbd_scan.dir/C_/Program_Files/Raspberry_Pi/Pico_SDK_v1.5.1/pico-sdk/src/rp2_common/pico_unique_id/unique_id.c.obj
 .text.pico_get_unique_board_id_string
                0x10004e7c       0x60 CMakeFiles/kbd_scan.dir/C_/Program_Files/Raspberry_Pi/Pico_SDK_v1.5.1/pico-sdk/src/rp2_common/pico_unique_id/unique_id.c.obj
                0x10004e7c                pico_get_unique_board_id_string
 .text.flash_get_unique_id
                0x10004edc       0x46 CMakeFiles/kbd_scan.dir/C_/Program_Files/Raspberry_Pi/Pico_SDK_v1.5.1/pico-sdk/src/rp2_common/hardware_flash/flash.c.obj
                0x10004edc                flash_get_unique_id
 *fill*         0x10004f22        0x2 
 .text.hw_endpoint_get_by_addr
                0x10004f24       0x18 CMakeFiles/kbd_scan.dir/C_/Program_Files/Raspberry_Pi/Pico_SDK_v1.5.1/pico-sdk/lib/tinyusb/src/portable/raspberrypi/rp2040/dcd_rp2040.c.obj
 .text._hw_endpoint_alloc
                0x10004f3c       0x70 CMakeFiles/kbd_scan.dir/C_/Program_Files/Raspberry_Pi/Pico_SDK_v1.5.1/pico-sdk/lib/tinyusb/src/portable/raspberrypi/rp2040/dcd_rp2040.c.obj
 .text.hw_endpoint_init
                0x10004fac       0x88 CMakeFiles/kbd_scan.dir/C_/Program_Files/Raspberry_Pi/Pico_SDK_v1.5.1/pico-sdk/lib/tinyusb/src/portable/raspberrypi/rp2040/dcd_rp2040.c.obj
 .text.hw_endpoint_xfer
                0x10005034       0x14 CMakeFiles/kbd_scan.dir/C_/Program_Files/Raspberry_Pi/Pico_SDK_v1.5.1/pico-sdk/lib/tinyusb/src/portable/raspberrypi/rp2040/dcd_rp2040.c.obj
 .text.dcd_int_enable
                0x10005048       0x2c CMakeFiles/kbd_scan.dir/C_/Program_Files/Raspberry_Pi/Pico_SDK_v1.5.1/pico-sdk/lib/tinyusb/src/portable/raspberrypi/rp2040/dcd_rp2040.c.obj
                0x10005048                dcd_int_enable
 .text.dcd_set_address
                0x10005074       0x2c CMakeFiles/kbd_scan.dir/C_/Program_Files/Raspberry_Pi/Pico_SDK_v1.5.1/pico-sdk/lib/tinyusb/src/portable/raspberrypi/rp2040/dcd_rp2040.c.obj
                0x10005074                dcd_set_address
 .text.dcd_connect
                0x100050a0       0x10 CMakeFiles/kbd_scan.dir/C_/Program_Files/Raspberry_Pi/Pico_SDK_v1.5.1/pico-sdk/lib/tinyusb/src/portable/raspberrypi/rp2040/dcd_rp2040.c.obj
                0x100050a0                dcd_connect
 .text.dcd_init
                0x100050b0       0x80 CMakeFiles/kbd_scan.dir/C_/Program_Files/Raspberry_Pi/Pico_SDK_v1.5.1/pico-sdk/lib/tinyusb/src/portable/raspberrypi/rp2040/dcd_rp2040.c.obj
                0x100050b0                dcd_init
 .text.dcd_edpt0_status_complete
                0x10005130       0x1c CMakeFiles/kbd_scan.dir/C_/Program_Files/Raspberry_Pi/Pico_SDK_v1.5.1/pico-sdk/lib/tinyusb/src/portable/raspberrypi/rp2040/dcd_rp2040.c.obj
                0x10005130                dcd_edpt0_status_complete
 .text.dcd_edpt_open
                0x1000514c       0x40 CMakeFiles/kbd_scan.dir/C_/Program_Files/Raspberry_Pi/Pico_SDK_v1.5.1/pico-sdk/lib/tinyusb/src/portable/raspberrypi/rp2040/dcd_rp2040.c.obj
                0x1000514c                dcd_edpt_open
 .text.dcd_edpt_close_all
                0x1000518c        0x8 CMakeFiles/kbd_scan.dir/C_/Program_Files/Raspberry_Pi/Pico_SDK_v1.5.1/pico-sdk/lib/tinyusb/src/portable/raspberrypi/rp2040/dcd_rp2040.c.obj
                0x1000518c                dcd_edpt_close_all
 .text.dcd_edpt_xfer
                0x10005194       0x34 CMakeFiles/kbd_scan.dir/C_/Program_Files/Raspberry_Pi/Pico_SDK_v1.5.1/pico-sdk/lib/tinyusb/src/portable/raspberrypi/rp2040/dcd_rp2040.c.obj
                0x10005194                dcd_edpt_xfer
 .text.dcd_edpt_stall
                0x100051c8       0x2c CMakeFiles/kbd_scan.dir/C_/Program_Files/Raspberry_Pi/Pico_SDK_v1.5.1/pico-sdk/lib/tinyusb/src/portable/raspberrypi/rp2040/dcd_rp2040.c.obj
                0x100051c8                dcd_edpt_stall
 .text.dcd_edpt_clear_stall
                0x100051f4       0x20 CMakeFiles/kbd_scan.dir/C_/Program_Files/Raspberry_Pi/Pico_SDK_v1.5.1/pico-sdk/lib/tinyusb/src/portable/raspberrypi/rp2040/dcd_rp2040.c.obj
                0x100051f4                dcd_edpt_clear_stall
 .text.rp2040_usb_init
                0x10005214       0x4c CMakeFiles/kbd_scan.dir/C_/Program_Files/Raspberry_Pi/Pico_SDK_v1.5.1/pico-sdk/lib/tinyusb/src/portable/raspberrypi/rp2040/rp2040_usb.c.obj
                0x10005214                rp2040_usb_init
 .text.hw_endpoint_xfer_start
                0x10005260       0x50 CMakeFiles/kbd_scan.dir/C_/Program_Files/Raspberry_Pi/Pico_SDK_v1.5.1/pico-sdk/lib/tinyusb/src/portable/raspberrypi/rp2040/rp2040_usb.c.obj
                0x10005260                hw_endpoint_xfer_start
 .text.configuration_reset
                0x100052b0       0x84 CMakeFiles/kbd_scan.dir/C_/Program_Files/Raspberry_Pi/Pico_SDK_v1.5.1/pico-sdk/lib/tinyusb/src/device/usbd.c.obj
 .text.usbd_reset
                0x10005334        0xc CMakeFiles/kbd_scan.dir/C_/Program_Files/Raspberry_Pi/Pico_SDK_v1.5.1/pico-sdk/lib/tinyusb/src/device/usbd.c.obj
 .text.invoke_class_control
                0x10005340       0x1a CMakeFiles/kbd_scan.dir/C_/Program_Files/Raspberry_Pi/Pico_SDK_v1.5.1/pico-sdk/lib/tinyusb/src/device/usbd.c.obj
 *fill*         0x1000535a        0x2 
 .text.process_set_config
                0x1000535c      0x178 CMakeFiles/kbd_scan.dir/C_/Program_Files/Raspberry_Pi/Pico_SDK_v1.5.1/pico-sdk/lib/tinyusb/src/device/usbd.c.obj
 .text.process_get_descriptor
                0x100054d4       0xdc CMakeFiles/kbd_scan.dir/C_/Program_Files/Raspberry_Pi/Pico_SDK_v1.5.1/pico-sdk/lib/tinyusb/src/device/usbd.c.obj
 .text.tud_mounted
                0x100055b0       0x10 CMakeFiles/kbd_scan.dir/C_/Program_Files/Raspberry_Pi/Pico_SDK_v1.5.1/pico-sdk/lib/tinyusb/src/device/usbd.c.obj
                0x100055b0                tud_mounted
 .text.tud_suspended
                0x100055c0       0x10 CMakeFiles/kbd_scan.dir/C_/Program_Files/Raspberry_Pi/Pico_SDK_v1.5.1/pico-sdk/lib/tinyusb/src/device/usbd.c.obj
                0x100055c0                tud_suspended
 .text.tud_inited
                0x100055d0       0x14 CMakeFiles/kbd_scan.dir/C_/Program_Files/Raspberry_Pi/Pico_SDK_v1.5.1/pico-sdk/lib/tinyusb/src/device/usbd.c.obj
                0x100055d0                tud_inited
 .text.tud_init
                0x100055e4       0xcc CMakeFiles/kbd_scan.dir/C_/Program_Files/Raspberry_Pi/Pico_SDK_v1.5.1/pico-sdk/lib/tinyusb/src/device/usbd.c.obj
                0x100055e4                tud_init
 .text.usbd_defer_func
                0x100056b0       0x2a CMakeFiles/kbd_scan.dir/C_/Program_Files/Raspberry_Pi/Pico_SDK_v1.5.1/pico-sdk/lib/tinyusb/src/device/usbd.c.obj
                0x100056b0                usbd_defer_func
 *fill*         0x100056da        0x2 
 .text.usbd_edpt_open
                0x100056dc       0x34 CMakeFiles/kbd_scan.dir/C_/Program_Files/Raspberry_Pi/Pico_SDK_v1.5.1/pico-sdk/lib/tinyusb/src/device/usbd.c.obj
                0x100056dc                usbd_edpt_open
 .text.usbd_open_edpt_pair
                0x10005710       0x62 CMakeFiles/kbd_scan.dir/C_/Program_Files/Raspberry_Pi/Pico_SDK_v1.5.1/pico-sdk/lib/tinyusb/src/device/usbd.c.obj
                0x10005710                usbd_open_edpt_pair
 *fill*         0x10005772        0x2 
 .text.usbd_edpt_claim
                0x10005774       0x28 CMakeFiles/kbd_scan.dir/C_/Program_Files/Raspberry_Pi/Pico_SDK_v1.5.1/pico-sdk/lib/tinyusb/src/device/usbd.c.obj
                0x10005774                usbd_edpt_claim
 .text.usbd_edpt_release
                0x1000579c       0x28 CMakeFiles/kbd_scan.dir/C_/Program_Files/Raspberry_Pi/Pico_SDK_v1.5.1/pico-sdk/lib/tinyusb/src/device/usbd.c.obj
                0x1000579c                usbd_edpt_release
 .text.usbd_edpt_xfer
                0x100057c4       0x78 CMakeFiles/kbd_scan.dir/C_/Program_Files/Raspberry_Pi/Pico_SDK_v1.5.1/pico-sdk/lib/tinyusb/src/device/usbd.c.obj
                0x100057c4                usbd_edpt_xfer
 .text.usbd_edpt_stall
                0x1000583c       0x48 CMakeFiles/kbd_scan.dir/C_/Program_Files/Raspberry_Pi/Pico_SDK_v1.5.1/pico-sdk/lib/tinyusb/src/device/usbd.c.obj
                0x1000583c                usbd_edpt_stall
 .text.usbd_edpt_clear_stall
                0x10005884       0x48 CMakeFiles/kbd_scan.dir/C_/Program_Files/Raspberry_Pi/Pico_SDK_v1.5.1/pico-sdk/lib/tinyusb/src/device/usbd.c.obj
                0x10005884                usbd_edpt_clear_stall
 .text.usbd_edpt_stalled
                0x100058cc       0x1c CMakeFiles/kbd_scan.dir/C_/Program_Files/Raspberry_Pi/Pico_SDK_v1.5.1/pico-sdk/lib/tinyusb/src/device/usbd.c.obj
                0x100058cc                usbd_edpt_stalled
 .text.process_control_request
                0x100058e8      0x37c CMakeFiles/kbd_scan.dir/C_/Program_Files/Raspberry_Pi/Pico_SDK_v1.5.1/pico-sdk/lib/tinyusb/src/device/usbd.c.obj
 .text.tud_task_ext
                0x10005c64      0x1b8 CMakeFiles/kbd_scan.dir/C_/Program_Files/Raspberry_Pi/Pico_SDK_v1.5.1/pico-sdk/lib/tinyusb/src/device/usbd.c.obj
                0x10005c64                tud_task_ext
 .text._data_stage_xact
                0x10005e1c       0x58 CMakeFiles/kbd_scan.dir/C_/Program_Files/Raspberry_Pi/Pico_SDK_v1.5.1/pico-sdk/lib/tinyusb/src/device/usbd_control.c.obj
 .text.tud_control_status
                0x10005e74       0x38 CMakeFiles/kbd_scan.dir/C_/Program_Files/Raspberry_Pi/Pico_SDK_v1.5.1/pico-sdk/lib/tinyusb/src/device/usbd_control.c.obj
                0x10005e74                tud_control_status
 .text.tud_control_xfer
                0x10005eac       0x74 CMakeFiles/kbd_scan.dir/C_/Program_Files/Raspberry_Pi/Pico_SDK_v1.5.1/pico-sdk/lib/tinyusb/src/device/usbd_control.c.obj
                0x10005eac                tud_control_xfer
 .text.usbd_control_reset
                0x10005f20       0x14 CMakeFiles/kbd_scan.dir/C_/Program_Files/Raspberry_Pi/Pico_SDK_v1.5.1/pico-sdk/lib/tinyusb/src/device/usbd_control.c.obj
                0x10005f20                usbd_control_reset
 .text.usbd_control_set_complete_callback
                0x10005f34        0xc CMakeFiles/kbd_scan.dir/C_/Program_Files/Raspberry_Pi/Pico_SDK_v1.5.1/pico-sdk/lib/tinyusb/src/device/usbd_control.c.obj
                0x10005f34                usbd_control_set_complete_callback
 .text.usbd_control_set_request
                0x10005f40       0x1c CMakeFiles/kbd_scan.dir/C_/Program_Files/Raspberry_Pi/Pico_SDK_v1.5.1/pico-sdk/lib/tinyusb/src/device/usbd_control.c.obj
                0x10005f40                usbd_control_set_request
 .text.usbd_control_xfer_cb
                0x10005f5c       0xcc CMakeFiles/kbd_scan.dir/C_/Program_Files/Raspberry_Pi/Pico_SDK_v1.5.1/pico-sdk/lib/tinyusb/src/device/usbd_control.c.obj
                0x10005f5c                usbd_control_xfer_cb
 .text._prep_out_transaction
                0x10006028       0x4a CMakeFiles/kbd_scan.dir/C_/Program_Files/Raspberry_Pi/Pico_SDK_v1.5.1/pico-sdk/lib/tinyusb/src/class/cdc/cdc_device.c.obj
 *fill*         0x10006072        0x2 
 .text.tud_cdc_n_connected
                0x10006074       0x44 CMakeFiles/kbd_scan.dir/C_/Program_Files/Raspberry_Pi/Pico_SDK_v1.5.1/pico-sdk/lib/tinyusb/src/class/cdc/cdc_device.c.obj
                0x10006074                tud_cdc_n_connected
 .text.tud_cdc_n_available
                0x100060b8       0x18 CMakeFiles/kbd_scan.dir/C_/Program_Files/Raspberry_Pi/Pico_SDK_v1.5.1/pico-sdk/lib/tinyusb/src/class/cdc/cdc_device.c.obj
                0x100060b8                tud_cdc_n_available
 .text.tud_cdc_n_read
                0x100060d0       0x28 CMakeFiles/kbd_scan.dir/C_/Program_Files/Raspberry_Pi/Pico_SDK_v1.5.1/pico-sdk/lib/tinyusb/src/class/cdc/cdc_device.c.obj
                0x100060d0                tud_cdc_n_read
 .text.tud_cdc_n_write_flush
                0x100060f8       0xb8 CMakeFiles/kbd_scan.dir/C_/Program_Files/Raspberry_Pi/Pico_SDK_v1.5.1/pico-sdk/lib/tinyusb/src/class/cdc/cdc_device.c.obj
                0x100060f8                tud_cdc_n_write_flush
 .text.tud_cdc_n_write
                0x100061b0       0x38 CMakeFiles/kbd_scan.dir/C_/Program_Files/Raspberry_Pi/Pico_SDK_v1.5.1/pico-sdk/lib/tinyusb/src/class/cdc/cdc_device.c.obj
                0x100061b0                tud_cdc_n_write
 .text.tud_cdc_n_write_available
                0x100061e8       0x1c CMakeFiles/kbd_scan.dir/C_/Program_Files/Raspberry_Pi/Pico_SDK_v1.5.1/pico-sdk/lib/tinyusb/src/class/cdc/cdc_device.c.obj
                0x100061e8                tud_cdc_n_write_available
 .text.cdcd_init
                0x10006204       0xbc CMakeFiles/kbd_scan.dir/C_/Program_Files/Raspberry_Pi/Pico_SDK_v1.5.1/pico-sdk/lib/tinyusb/src/class/cdc/cdc_device.c.obj
                0x10006204                cdcd_init
 .text.cdcd_reset
                0x100062c0       0x44 CMakeFiles/kbd_scan.dir/C_/Program_Files/Raspberry_Pi/Pico_SDK_v1.5.1/pico-sdk/lib/tinyusb/src/class/cdc/cdc_device.c.obj
                0x100062c0                cdcd_reset
 .text.cdcd_open
                0x10006304       0xcc CMakeFiles/kbd_scan.dir/C_/Program_Files/Raspberry_Pi/Pico_SDK_v1.5.1/pico-sdk/lib/tinyusb/src/class/cdc/cdc_device.c.obj
                0x10006304                cdcd_open
 .text.cdcd_control_xfer_cb
                0x100063d0      0x134 CMakeFiles/kbd_scan.dir/C_/Program_Files/Raspberry_Pi/Pico_SDK_v1.5.1/pico-sdk/lib/tinyusb/src/class/cdc/cdc_device.c.obj
                0x100063d0                cdcd_control_xfer_cb
 .text.cdcd_xfer_cb
                0x10006504      0x130 CMakeFiles/kbd_scan.dir/C_/Program_Files/Raspberry_Pi/Pico_SDK_v1.5.1/pico-sdk/lib/tinyusb/src/class/cdc/cdc_device.c.obj
                0x10006504                cdcd_xfer_cb
 .text.tusb_init
                0x10006634        0xa CMakeFiles/kbd_scan.dir/C_/Program_Files/Raspberry_Pi/Pico_SDK_v1.5.1/pico-sdk/lib/tinyusb/src/tusb.c.obj
                0x10006634                tusb_init
 .text.tusb_inited
                0x1000663e        0xe CMakeFiles/kbd_scan.dir/C_/Program_Files/Raspberry_Pi/Pico_SDK_v1.5.1/pico-sdk/lib/tinyusb/src/tusb.c.obj
                0x1000663e                tusb_inited
 .text.tu_edpt_claim
                0x1000664c       0x50 CMakeFiles/kbd_scan.dir/C_/Program_Files/Raspberry_Pi/Pico_SDK_v1.5.1/pico-sdk/lib/tinyusb/src/tusb.c.obj
                0x1000664c                tu_edpt_claim
 .text.tu_edpt_release
                0x1000669c       0x3c CMakeFiles/kbd_scan.dir/C_/Program_Files/Raspberry_Pi/Pico_SDK_v1.5.1/pico-sdk/lib/tinyusb/src/tusb.c.obj
                0x1000669c                tu_edpt_release
 .text.tu_edpt_validate
                0x100066d8       0x78 CMakeFiles/kbd_scan.dir/C_/Program_Files/Raspberry_Pi/Pico_SDK_v1.5.1/pico-sdk/lib/tinyusb/src/tusb.c.obj
                0x100066d8                tu_edpt_validate
 .text.tu_edpt_bind_driver
                0x10006750       0x26 CMakeFiles/kbd_scan.dir/C_/Program_Files/Raspberry_Pi/Pico_SDK_v1.5.1/pico-sdk/lib/tinyusb/src/tusb.c.obj
                0x10006750                tu_edpt_bind_driver
 .text.advance_index
                0x10006776       0x1a CMakeFiles/kbd_scan.dir/C_/Program_Files/Raspberry_Pi/Pico_SDK_v1.5.1/pico-sdk/lib/tinyusb/src/common/tusb_fifo.c.obj
 .text._tu_fifo_peek
                0x10006790       0x56 CMakeFiles/kbd_scan.dir/C_/Program_Files/Raspberry_Pi/Pico_SDK_v1.5.1/pico-sdk/lib/tinyusb/src/common/tusb_fifo.c.obj
 .text._ff_pull_const_addr
                0x100067e6       0x4c CMakeFiles/kbd_scan.dir/C_/Program_Files/Raspberry_Pi/Pico_SDK_v1.5.1/pico-sdk/lib/tinyusb/src/common/tusb_fifo.c.obj
 .text._ff_pull_n
                0x10006832      0x110 CMakeFiles/kbd_scan.dir/C_/Program_Files/Raspberry_Pi/Pico_SDK_v1.5.1/pico-sdk/lib/tinyusb/src/common/tusb_fifo.c.obj
 .text._tu_fifo_peek_n
                0x10006942       0x6a CMakeFiles/kbd_scan.dir/C_/Program_Files/Raspberry_Pi/Pico_SDK_v1.5.1/pico-sdk/lib/tinyusb/src/common/tusb_fifo.c.obj
 .text._tu_fifo_read_n
                0x100069ac       0x4e CMakeFiles/kbd_scan.dir/C_/Program_Files/Raspberry_Pi/Pico_SDK_v1.5.1/pico-sdk/lib/tinyusb/src/common/tusb_fifo.c.obj
 .text._ff_push_const_addr
                0x100069fa       0x40 CMakeFiles/kbd_scan.dir/C_/Program_Files/Raspberry_Pi/Pico_SDK_v1.5.1/pico-sdk/lib/tinyusb/src/common/tusb_fifo.c.obj
 .text._ff_push_n
                0x10006a3a      0x10c CMakeFiles/kbd_scan.dir/C_/Program_Files/Raspberry_Pi/Pico_SDK_v1.5.1/pico-sdk/lib/tinyusb/src/common/tusb_fifo.c.obj
 .text._tu_fifo_write_n
                0x10006b46       0xf0 CMakeFiles/kbd_scan.dir/C_/Program_Files/Raspberry_Pi/Pico_SDK_v1.5.1/pico-sdk/lib/tinyusb/src/common/tusb_fifo.c.obj
 .text.tu_fifo_config
                0x10006c36       0x7c CMakeFiles/kbd_scan.dir/C_/Program_Files/Raspberry_Pi/Pico_SDK_v1.5.1/pico-sdk/lib/tinyusb/src/common/tusb_fifo.c.obj
                0x10006c36                tu_fifo_config
 .text.tu_fifo_count
                0x10006cb2       0x2a CMakeFiles/kbd_scan.dir/C_/Program_Files/Raspberry_Pi/Pico_SDK_v1.5.1/pico-sdk/lib/tinyusb/src/common/tusb_fifo.c.obj
                0x10006cb2                tu_fifo_count
 .text.tu_fifo_empty
                0x10006cdc       0x10 CMakeFiles/kbd_scan.dir/C_/Program_Files/Raspberry_Pi/Pico_SDK_v1.5.1/pico-sdk/lib/tinyusb/src/common/tusb_fifo.c.obj
                0x10006cdc                tu_fifo_empty
 .text.tu_fifo_full
                0x10006cec       0x28 CMakeFiles/kbd_scan.dir/C_/Program_Files/Raspberry_Pi/Pico_SDK_v1.5.1/pico-sdk/lib/tinyusb/src/common/tusb_fifo.c.obj
                0x10006cec                tu_fifo_full
 .text.tu_fifo_remaining
                0x10006d14       0x2c CMakeFiles/kbd_scan.dir/C_/Program_Files/Raspberry_Pi/Pico_SDK_v1.5.1/pico-sdk/lib/tinyusb/src/common/tusb_fifo.c.obj
                0x10006d14                tu_fifo_remaining
 .text.tu_fifo_read
                0x10006d40       0x42 CMakeFiles/kbd_scan.dir/C_/Program_Files/Raspberry_Pi/Pico_SDK_v1.5.1/pico-sdk/lib/tinyusb/src/common/tusb_fifo.c.obj
                0x10006d40                tu_fifo_read
 .text.tu_fifo_read_n
                0x10006d82        0xa CMakeFiles/kbd_scan.dir/C_/Program_Files/Raspberry_Pi/Pico_SDK_v1.5.1/pico-sdk/lib/tinyusb/src/common/tusb_fifo.c.obj
                0x10006d82                tu_fifo_read_n
 .text.tu_fifo_write
                0x10006d8c       0x64 CMakeFiles/kbd_scan.dir/C_/Program_Files/Raspberry_Pi/Pico_SDK_v1.5.1/pico-sdk/lib/tinyusb/src/common/tusb_fifo.c.obj
                0x10006d8c                tu_fifo_write
 .text.tu_fifo_write_n
                0x10006df0        0xa CMakeFiles/kbd_scan.dir/C_/Program_Files/Raspberry_Pi/Pico_SDK_v1.5.1/pico-sdk/lib/tinyusb/src/common/tusb_fifo.c.obj
                0x10006df0                tu_fifo_write_n
 .text.tu_fifo_clear
                0x10006dfa       0x3e CMakeFiles/kbd_scan.dir/C_/Program_Files/Raspberry_Pi/Pico_SDK_v1.5.1/pico-sdk/lib/tinyusb/src/common/tusb_fifo.c.obj
                0x10006dfa                tu_fifo_clear
 .text.tu_fifo_set_overwritable
                0x10006e38       0x46 CMakeFiles/kbd_scan.dir/C_/Program_Files/Raspberry_Pi/Pico_SDK_v1.5.1/pico-sdk/lib/tinyusb/src/common/tusb_fifo.c.obj
                0x10006e38                tu_fifo_set_overwritable
 .text.i2c_write_blocking_internal
                0x10006e7e      0x140 CMakeFiles/kbd_scan.dir/C_/Program_Files/Raspberry_Pi/Pico_SDK_v1.5.1/pico-sdk/src/rp2_common/hardware_i2c/i2c.c.obj
 .text.i2c_read_blocking_internal
                0x10006fbe       0xe6 CMakeFiles/kbd_scan.dir/C_/Program_Files/Raspberry_Pi/Pico_SDK_v1.5.1/pico-sdk/src/rp2_common/hardware_i2c/i2c.c.obj
 .text.i2c_set_baudrate
                0x100070a4       0xf0 CMakeFiles/kbd_scan.dir/C_/Program_Files/Raspberry_Pi/Pico_SDK_v1.5.1/pico-sdk/src/rp2_common/hardware_i2c/i2c.c.obj
                0x100070a4                i2c_set_baudrate
 .text.i2c_init
                0x10007194       0x58 CMakeFiles/kbd_scan.dir/C_/Program_Files/Raspberry_Pi/Pico_SDK_v1.5.1/pico-sdk/src/rp2_common/hardware_i2c/i2c.c.obj
                0x10007194                i2c_init
 .text.i2c_write_blocking
                0x100071ec       0x18 CMakeFiles/kbd_scan.dir/C_/Program_Files/Raspberry_Pi/Pico_SDK_v1.5.1/pico-sdk/src/rp2_common/hardware_i2c/i2c.c.obj
                0x100071ec                i2c_write_blocking
 .text.i2c_read_blocking
                0x10007204       0x18 CMakeFiles/kbd_scan.dir/C_/Program_Files/Raspberry_Pi/Pico_SDK_v1.5.1/pico-sdk/src/rp2_common/hardware_i2c/i2c.c.obj
                0x10007204                i2c_read_blocking
 .text.KBD_flush
                0x1000721c       0xfc scan_kbd\libscan_kbd.a(scan_kbd.c.obj)
                0x1000721c                KBD_flush
 .text.KBD_Init
                0x10007318      0x258 scan_kbd\libscan_kbd.a(scan_kbd.c.obj)
                0x10007318                KBD_Init
 .text.KBD_ReadKeypad
                0x10007570       0x40 scan_kbd\libscan_kbd.a(scan_kbd.c.obj)
                0x10007570                KBD_ReadKeypad
 .text.keypad_interrupt
                0x100075b0      0x27c scan_kbd\libscan_kbd.a(scan_kbd.c.obj)
                0x100075b0                keypad_interrupt
 .text.strlen   0x1000782c       0x5c c:/progra~2/gnuarm~1/102021~1.10/bin/../lib/gcc/arm-none-eabi/10.3.1/../../../../arm-none-eabi/lib/thumb/v6-m/nofp\libg.a(lib_a-strlen-stub.o)
                0x1000782c                strlen
 *(.fini)
 .fini          0x10007888        0x4 c:/progra~2/gnuarm~1/102021~1.10/bin/../lib/gcc/arm-none-eabi/10.3.1/thumb/v6-m/nofp/crti.o
                0x10007888                _fini
 *fill*         0x1000788c        0x4 
 .fini.__stub   0x10007890       0xe0 linker stubs
 *crtbegin.o(.ctors)
 *crtbegin?.o(.ctors)
 *(EXCLUDE_FILE(*crtend.o *crtend?.o) .ctors)
 *(SORT_BY_NAME(.ctors.*))
 *(.ctors)
 *crtbegin.o(.dtors)
 *crtbegin?.o(.dtors)
 *(EXCLUDE_FILE(*crtend.o *crtend?.o) .dtors)
 *(SORT_BY_NAME(.dtors.*))
 *(.dtors)
 *(.eh_frame*)
 .eh_frame      0x10007970        0x0 c:/progra~2/gnuarm~1/102021~1.10/bin/../lib/gcc/arm-none-eabi/10.3.1/thumb/v6-m/nofp/crtbegin.o
                0x10007970                . = ALIGN (0x4)

.glue_7         0x10007970        0x0
 .glue_7        0x10007970        0x0 linker stubs

.glue_7t        0x10007970        0x0
 .glue_7t       0x10007970        0x0 linker stubs

.vfp11_veneer   0x10007970        0x0
 .vfp11_veneer  0x10007970        0x0 linker stubs

.v4_bx          0x10007970        0x0
 .v4_bx         0x10007970        0x0 linker stubs

.iplt           0x10007970        0x0
 .iplt          0x10007970        0x0 c:/progra~2/gnuarm~1/102021~1.10/bin/../lib/gcc/arm-none-eabi/10.3.1/thumb/v6-m/nofp/crtbegin.o

.rodata         0x10007970     0x18b8
 *(EXCLUDE_FILE(*libm.a: *libc.a:*lib_a-mem*.o *libgcc.a:) .rodata*)
 .rodata.main.str1.4
                0x10007970       0x60 CMakeFiles/kbd_scan.dir/main.c.obj
 .rodata.spin_lock_claim_unused.str1.4
                0x100079d0       0x1b CMakeFiles/kbd_scan.dir/C_/Program_Files/Raspberry_Pi/Pico_SDK_v1.5.1/pico-sdk/src/rp2_common/hardware_sync/sync.c.obj
 *fill*         0x100079eb        0x1 
 .rodata.make_branch.str1.4
                0x100079ec       0x89 CMakeFiles/kbd_scan.dir/C_/Program_Files/Raspberry_Pi/Pico_SDK_v1.5.1/pico-sdk/src/rp2_common/hardware_irq/irq.c.obj
 *fill*         0x10007a75        0x3 
 .rodata.insert_branch_and_link.str1.4
                0x10007a78       0x10 CMakeFiles/kbd_scan.dir/C_/Program_Files/Raspberry_Pi/Pico_SDK_v1.5.1/pico-sdk/src/rp2_common/hardware_irq/irq.c.obj
 .rodata.irq_set_exclusive_handler.str1.4
                0x10007a88       0x36 CMakeFiles/kbd_scan.dir/C_/Program_Files/Raspberry_Pi/Pico_SDK_v1.5.1/pico-sdk/src/rp2_common/hardware_irq/irq.c.obj
 *fill*         0x10007abe        0x2 
 .rodata.irq_add_shared_handler.str1.4
                0x10007ac0       0xd9 CMakeFiles/kbd_scan.dir/C_/Program_Files/Raspberry_Pi/Pico_SDK_v1.5.1/pico-sdk/src/rp2_common/hardware_irq/irq.c.obj
 *fill*         0x10007b99        0x3 
 .rodata.irq_remove_handler.str1.4
                0x10007b9c       0x3a CMakeFiles/kbd_scan.dir/C_/Program_Files/Raspberry_Pi/Pico_SDK_v1.5.1/pico-sdk/src/rp2_common/hardware_irq/irq.c.obj
 *fill*         0x10007bd6        0x2 
 .rodata.irq_add_tail_to_free_list.str1.4
                0x10007bd8       0x3a CMakeFiles/kbd_scan.dir/C_/Program_Files/Raspberry_Pi/Pico_SDK_v1.5.1/pico-sdk/src/rp2_common/hardware_irq/irq.c.obj
 *fill*         0x10007c12        0x2 
 .rodata.user_irq_claim_unused.str1.4
                0x10007c14       0x1b CMakeFiles/kbd_scan.dir/C_/Program_Files/Raspberry_Pi/Pico_SDK_v1.5.1/pico-sdk/src/rp2_common/hardware_irq/irq.c.obj
 *fill*         0x10007c2f        0x1 
 .rodata.__func__.0
                0x10007c30       0x1a CMakeFiles/kbd_scan.dir/C_/Program_Files/Raspberry_Pi/Pico_SDK_v1.5.1/pico-sdk/src/rp2_common/hardware_irq/irq.c.obj
 *fill*         0x10007c4a        0x2 
 .rodata.__func__.1
                0x10007c4c       0x17 CMakeFiles/kbd_scan.dir/C_/Program_Files/Raspberry_Pi/Pico_SDK_v1.5.1/pico-sdk/src/rp2_common/hardware_irq/irq.c.obj
 *fill*         0x10007c63        0x1 
 .rodata.__func__.2
                0x10007c64       0x13 CMakeFiles/kbd_scan.dir/C_/Program_Files/Raspberry_Pi/Pico_SDK_v1.5.1/pico-sdk/src/rp2_common/hardware_irq/irq.c.obj
 *fill*         0x10007c77        0x1 
 .rodata.__func__.3
                0x10007c78        0xc CMakeFiles/kbd_scan.dir/C_/Program_Files/Raspberry_Pi/Pico_SDK_v1.5.1/pico-sdk/src/rp2_common/hardware_irq/irq.c.obj
 .rodata.__func__.4
                0x10007c84        0xf CMakeFiles/kbd_scan.dir/C_/Program_Files/Raspberry_Pi/Pico_SDK_v1.5.1/pico-sdk/src/rp2_common/hardware_irq/irq.c.obj
 *fill*         0x10007c93        0x1 
 .rodata.__func__.5
                0x10007c94       0x17 CMakeFiles/kbd_scan.dir/C_/Program_Files/Raspberry_Pi/Pico_SDK_v1.5.1/pico-sdk/src/rp2_common/hardware_irq/irq.c.obj
 *fill*         0x10007cab        0x1 
 .rodata.__func__.6
                0x10007cac       0x1a CMakeFiles/kbd_scan.dir/C_/Program_Files/Raspberry_Pi/Pico_SDK_v1.5.1/pico-sdk/src/rp2_common/hardware_irq/irq.c.obj
 *fill*         0x10007cc6        0x2 
 .rodata.str1.4
                0x10007cc8      0x115 CMakeFiles/kbd_scan.dir/C_/Program_Files/Raspberry_Pi/Pico_SDK_v1.5.1/pico-sdk/src/common/pico_sync/mutex.c.obj
 *fill*         0x10007ddd        0x3 
 .rodata.__func__.1
                0x10007de0        0xb CMakeFiles/kbd_scan.dir/C_/Program_Files/Raspberry_Pi/Pico_SDK_v1.5.1/pico-sdk/src/common/pico_sync/mutex.c.obj
 *fill*         0x10007deb        0x1 
 .rodata.__func__.3
                0x10007dec       0x18 CMakeFiles/kbd_scan.dir/C_/Program_Files/Raspberry_Pi/Pico_SDK_v1.5.1/pico-sdk/src/common/pico_sync/mutex.c.obj
 .rodata.__func__.4
                0x10007e04       0x15 CMakeFiles/kbd_scan.dir/C_/Program_Files/Raspberry_Pi/Pico_SDK_v1.5.1/pico-sdk/src/common/pico_sync/mutex.c.obj
 *fill*         0x10007e19        0x3 
 .rodata.repeating_timer_callback.str1.4
                0x10007e1c       0x67 CMakeFiles/kbd_scan.dir/C_/Program_Files/Raspberry_Pi/Pico_SDK_v1.5.1/pico-sdk/src/common/pico_time/time.c.obj
 *fill*         0x10007e83        0x1 
 .rodata.timer_pool_entry_comparator.str1.4
                0x10007e84       0x22 CMakeFiles/kbd_scan.dir/C_/Program_Files/Raspberry_Pi/Pico_SDK_v1.5.1/pico-sdk/src/common/pico_time/time.c.obj
 *fill*         0x10007ea6        0x2 
 .rodata.ph_add_child_node.str1.4
                0x10007ea8       0xa2 CMakeFiles/kbd_scan.dir/C_/Program_Files/Raspberry_Pi/Pico_SDK_v1.5.1/pico-sdk/src/common/pico_time/time.c.obj
 *fill*         0x10007f4a        0x2 
 .rodata.add_alarm_under_lock.str1.4
                0x10007f4c       0x28 CMakeFiles/kbd_scan.dir/C_/Program_Files/Raspberry_Pi/Pico_SDK_v1.5.1/pico-sdk/src/common/pico_time/time.c.obj
                                 0x2b (size before relaxing)
 .rodata.alarm_pool_alarm_callback.str1.4
                0x10007f74       0x98 CMakeFiles/kbd_scan.dir/C_/Program_Files/Raspberry_Pi/Pico_SDK_v1.5.1/pico-sdk/src/common/pico_time/time.c.obj
                                0x108 (size before relaxing)
 .rodata.alarm_pool_get_default.str1.4
                0x1000800c       0x21 CMakeFiles/kbd_scan.dir/C_/Program_Files/Raspberry_Pi/Pico_SDK_v1.5.1/pico-sdk/src/common/pico_time/time.c.obj
 *fill*         0x1000802d        0x3 
 .rodata.alarm_pool_cancel_alarm.str1.4
                0x10008030       0x27 CMakeFiles/kbd_scan.dir/C_/Program_Files/Raspberry_Pi/Pico_SDK_v1.5.1/pico-sdk/src/common/pico_time/time.c.obj
 *fill*         0x10008057        0x1 
 .rodata.sleep_until.str1.4
                0x10008058       0x4d CMakeFiles/kbd_scan.dir/C_/Program_Files/Raspberry_Pi/Pico_SDK_v1.5.1/pico-sdk/src/common/pico_time/time.c.obj
 *fill*         0x100080a5        0x3 
 .rodata.__func__.1
                0x100080a8       0x18 CMakeFiles/kbd_scan.dir/C_/Program_Files/Raspberry_Pi/Pico_SDK_v1.5.1/pico-sdk/src/common/pico_time/time.c.obj
 .rodata.__func__.10
                0x100080c0       0x15 CMakeFiles/kbd_scan.dir/C_/Program_Files/Raspberry_Pi/Pico_SDK_v1.5.1/pico-sdk/src/common/pico_time/time.c.obj
 *fill*         0x100080d5        0x3 
 .rodata.__func__.11
                0x100080d8       0x1a CMakeFiles/kbd_scan.dir/C_/Program_Files/Raspberry_Pi/Pico_SDK_v1.5.1/pico-sdk/src/common/pico_time/time.c.obj
 *fill*         0x100080f2        0x2 
 .rodata.__func__.12
                0x100080f4        0xa CMakeFiles/kbd_scan.dir/C_/Program_Files/Raspberry_Pi/Pico_SDK_v1.5.1/pico-sdk/src/common/pico_time/time.c.obj
 *fill*         0x100080fe        0x2 
 .rodata.__func__.3
                0x10008100       0x17 CMakeFiles/kbd_scan.dir/C_/Program_Files/Raspberry_Pi/Pico_SDK_v1.5.1/pico-sdk/src/common/pico_time/time.c.obj
 *fill*         0x10008117        0x1 
 .rodata.__func__.4
                0x10008118       0x12 CMakeFiles/kbd_scan.dir/C_/Program_Files/Raspberry_Pi/Pico_SDK_v1.5.1/pico-sdk/src/common/pico_time/time.c.obj
 *fill*         0x1000812a        0x2 
 .rodata.__func__.5
                0x1000812c        0xd CMakeFiles/kbd_scan.dir/C_/Program_Files/Raspberry_Pi/Pico_SDK_v1.5.1/pico-sdk/src/common/pico_time/time.c.obj
 *fill*         0x10008139        0x3 
 .rodata.__func__.6
                0x1000813c       0x12 CMakeFiles/kbd_scan.dir/C_/Program_Files/Raspberry_Pi/Pico_SDK_v1.5.1/pico-sdk/src/common/pico_time/time.c.obj
 *fill*         0x1000814e        0x2 
 .rodata.__func__.7
                0x10008150        0xf CMakeFiles/kbd_scan.dir/C_/Program_Files/Raspberry_Pi/Pico_SDK_v1.5.1/pico-sdk/src/common/pico_time/time.c.obj
 *fill*         0x1000815f        0x1 
 .rodata.__func__.8
                0x10008160        0xc CMakeFiles/kbd_scan.dir/C_/Program_Files/Raspberry_Pi/Pico_SDK_v1.5.1/pico-sdk/src/common/pico_time/time.c.obj
 .rodata.__func__.9
                0x1000816c       0x15 CMakeFiles/kbd_scan.dir/C_/Program_Files/Raspberry_Pi/Pico_SDK_v1.5.1/pico-sdk/src/common/pico_time/time.c.obj
 *fill*         0x10008181        0x3 
 .rodata.hardware_alarm_claim.str1.4
                0x10008184       0x22 CMakeFiles/kbd_scan.dir/C_/Program_Files/Raspberry_Pi/Pico_SDK_v1.5.1/pico-sdk/src/rp2_common/hardware_timer/timer.c.obj
 *fill*         0x100081a6        0x2 
 .rodata.hardware_alarm_set_target.str1.4
                0x100081a8       0x81 CMakeFiles/kbd_scan.dir/C_/Program_Files/Raspberry_Pi/Pico_SDK_v1.5.1/pico-sdk/src/rp2_common/hardware_timer/timer.c.obj
 *fill*         0x10008229        0x3 
 .rodata.__func__.0
                0x1000822c       0x1a CMakeFiles/kbd_scan.dir/C_/Program_Files/Raspberry_Pi/Pico_SDK_v1.5.1/pico-sdk/src/rp2_common/hardware_timer/timer.c.obj
 .rodata.ph_add_child_node.str1.4
                0x10008246       0xa2 CMakeFiles/kbd_scan.dir/C_/Program_Files/Raspberry_Pi/Pico_SDK_v1.5.1/pico-sdk/src/common/pico_util/pheap.c.obj
 *fill*         0x10008246        0x2 
 .rodata.ph_remove_any_head.str1.4
                0x10008248       0xa8 CMakeFiles/kbd_scan.dir/C_/Program_Files/Raspberry_Pi/Pico_SDK_v1.5.1/pico-sdk/src/common/pico_util/pheap.c.obj
                                 0xbc (size before relaxing)
 .rodata.ph_remove_and_free_node.str1.4
                0x100082f0       0x1e CMakeFiles/kbd_scan.dir/C_/Program_Files/Raspberry_Pi/Pico_SDK_v1.5.1/pico-sdk/src/common/pico_util/pheap.c.obj
                                 0x26 (size before relaxing)
 *fill*         0x1000830e        0x2 
 .rodata.__func__.0
                0x10008310       0x18 CMakeFiles/kbd_scan.dir/C_/Program_Files/Raspberry_Pi/Pico_SDK_v1.5.1/pico-sdk/src/common/pico_util/pheap.c.obj
 .rodata.__func__.1
                0x10008328       0x13 CMakeFiles/kbd_scan.dir/C_/Program_Files/Raspberry_Pi/Pico_SDK_v1.5.1/pico-sdk/src/common/pico_util/pheap.c.obj
 *fill*         0x1000833b        0x1 
 .rodata.__func__.2
                0x1000833c       0x12 CMakeFiles/kbd_scan.dir/C_/Program_Files/Raspberry_Pi/Pico_SDK_v1.5.1/pico-sdk/src/common/pico_util/pheap.c.obj
 *fill*         0x1000834e        0x2 
 .rodata.__func__.3
                0x10008350        0xc CMakeFiles/kbd_scan.dir/C_/Program_Files/Raspberry_Pi/Pico_SDK_v1.5.1/pico-sdk/src/common/pico_util/pheap.c.obj
 .rodata.clock_configure.str1.4
                0x1000835c       0x73 CMakeFiles/kbd_scan.dir/C_/Program_Files/Raspberry_Pi/Pico_SDK_v1.5.1/pico-sdk/src/rp2_common/hardware_clocks/clocks.c.obj
 *fill*         0x100083cf        0x1 
 .rodata.__func__.1
                0x100083d0       0x10 CMakeFiles/kbd_scan.dir/C_/Program_Files/Raspberry_Pi/Pico_SDK_v1.5.1/pico-sdk/src/rp2_common/hardware_clocks/clocks.c.obj
 .rodata.pll_init.str1.4
                0x100083e0      0x140 CMakeFiles/kbd_scan.dir/C_/Program_Files/Raspberry_Pi/Pico_SDK_v1.5.1/pico-sdk/src/rp2_common/hardware_pll/pll.c.obj
 .rodata.__func__.0
                0x10008520        0x9 CMakeFiles/kbd_scan.dir/C_/Program_Files/Raspberry_Pi/Pico_SDK_v1.5.1/pico-sdk/src/rp2_common/hardware_pll/pll.c.obj
 *fill*         0x10008529        0x3 
 .rodata.__assert_func.str1.4
                0x1000852c       0x3f CMakeFiles/kbd_scan.dir/C_/Program_Files/Raspberry_Pi/Pico_SDK_v1.5.1/pico-sdk/src/rp2_common/pico_runtime/runtime.c.obj
                                 0x43 (size before relaxing)
 *fill*         0x1000856b        0x1 
 .rodata.runtime_init.str1.4
                0x1000856c       0x7d CMakeFiles/kbd_scan.dir/C_/Program_Files/Raspberry_Pi/Pico_SDK_v1.5.1/pico-sdk/src/rp2_common/pico_runtime/runtime.c.obj
 *fill*         0x100085e9        0x3 
 .rodata.panic.str1.4
                0x100085ec       0x12 CMakeFiles/kbd_scan.dir/C_/Program_Files/Raspberry_Pi/Pico_SDK_v1.5.1/pico-sdk/src/rp2_common/pico_runtime/runtime.c.obj
 *fill*         0x100085fe        0x2 
 .rodata.__func__.2
                0x10008600        0xd CMakeFiles/kbd_scan.dir/C_/Program_Files/Raspberry_Pi/Pico_SDK_v1.5.1/pico-sdk/src/rp2_common/pico_runtime/runtime.c.obj
 *fill*         0x1000860d        0x3 
 .rodata._ftoa.str1.4
                0x10008610       0x15 CMakeFiles/kbd_scan.dir/C_/Program_Files/Raspberry_Pi/Pico_SDK_v1.5.1/pico-sdk/src/rp2_common/pico_printf/printf.c.obj
 *fill*         0x10008625        0x3 
 .rodata._vsnprintf
                0x10008628      0x1e0 CMakeFiles/kbd_scan.dir/C_/Program_Files/Raspberry_Pi/Pico_SDK_v1.5.1/pico-sdk/src/rp2_common/pico_printf/printf.c.obj
 .rodata.pow10.0
                0x10008808       0x50 CMakeFiles/kbd_scan.dir/C_/Program_Files/Raspberry_Pi/Pico_SDK_v1.5.1/pico-sdk/src/rp2_common/pico_printf/printf.c.obj
 .rodata.__aeabi_double_init.str1.4
                0x10008858       0xb8 CMakeFiles/kbd_scan.dir/C_/Program_Files/Raspberry_Pi/Pico_SDK_v1.5.1/pico-sdk/src/rp2_common/pico_double/double_init_rom.c.obj
 .rodata.__func__.0
                0x10008910       0x14 CMakeFiles/kbd_scan.dir/C_/Program_Files/Raspberry_Pi/Pico_SDK_v1.5.1/pico-sdk/src/rp2_common/pico_double/double_init_rom.c.obj
 .rodata.__aeabi_float_init.str1.4
                0x10008924       0x96 CMakeFiles/kbd_scan.dir/C_/Program_Files/Raspberry_Pi/Pico_SDK_v1.5.1/pico-sdk/src/rp2_common/pico_float/float_init_rom.c.obj
                                 0x9a (size before relaxing)
 *fill*         0x100089ba        0x2 
 .rodata.__func__.0
                0x100089bc       0x13 CMakeFiles/kbd_scan.dir/C_/Program_Files/Raspberry_Pi/Pico_SDK_v1.5.1/pico-sdk/src/rp2_common/pico_float/float_init_rom.c.obj
 *fill*         0x100089cf        0x1 
 .rodata.str1.4
                0x100089d0       0x7c CMakeFiles/kbd_scan.dir/C_/Program_Files/Raspberry_Pi/Pico_SDK_v1.5.1/pico-sdk/src/rp2_common/pico_standard_link/binary_info.c.obj
 .rodata.__bi_44
                0x10008a4c        0xc CMakeFiles/kbd_scan.dir/C_/Program_Files/Raspberry_Pi/Pico_SDK_v1.5.1/pico-sdk/src/rp2_common/pico_standard_link/binary_info.c.obj
 .rodata.__bi_69
                0x10008a58        0xc CMakeFiles/kbd_scan.dir/C_/Program_Files/Raspberry_Pi/Pico_SDK_v1.5.1/pico-sdk/src/rp2_common/pico_standard_link/binary_info.c.obj
 .rodata.__bi_75
                0x10008a64        0xc CMakeFiles/kbd_scan.dir/C_/Program_Files/Raspberry_Pi/Pico_SDK_v1.5.1/pico-sdk/src/rp2_common/pico_standard_link/binary_info.c.obj
 .rodata.__bi_81
                0x10008a70        0xc CMakeFiles/kbd_scan.dir/C_/Program_Files/Raspberry_Pi/Pico_SDK_v1.5.1/pico-sdk/src/rp2_common/pico_standard_link/binary_info.c.obj
 .rodata.stdout_serialize_begin.str1.4
                0x10008a7c       0x6e CMakeFiles/kbd_scan.dir/C_/Program_Files/Raspberry_Pi/Pico_SDK_v1.5.1/pico-sdk/src/rp2_common/pico_stdio/stdio.c.obj
 .rodata.__func__.3
                0x10008a7c       0x15 CMakeFiles/kbd_scan.dir/C_/Program_Files/Raspberry_Pi/Pico_SDK_v1.5.1/pico-sdk/src/rp2_common/pico_stdio/stdio.c.obj
 *fill*         0x10008a91        0x3 
 .rodata.crlf_str.2
                0x10008a94        0x2 CMakeFiles/kbd_scan.dir/C_/Program_Files/Raspberry_Pi/Pico_SDK_v1.5.1/pico-sdk/src/rp2_common/pico_stdio/stdio.c.obj
 *fill*         0x10008a96        0x2 
 .rodata._resetd_driver
                0x10008a98       0x18 CMakeFiles/kbd_scan.dir/C_/Program_Files/Raspberry_Pi/Pico_SDK_v1.5.1/pico-sdk/src/rp2_common/pico_stdio_usb/reset_interface.c.obj
 .rodata.low_priority_worker_irq.str1.4
                0x10008ab0       0x6e CMakeFiles/kbd_scan.dir/C_/Program_Files/Raspberry_Pi/Pico_SDK_v1.5.1/pico-sdk/src/rp2_common/pico_stdio_usb/stdio_usb.c.obj
 .rodata.stdio_usb_init.str1.4
                0x10008ab0       0x61 CMakeFiles/kbd_scan.dir/C_/Program_Files/Raspberry_Pi/Pico_SDK_v1.5.1/pico-sdk/src/rp2_common/pico_stdio_usb/stdio_usb.c.obj
                                 0x69 (size before relaxing)
 *fill*         0x10008b11        0x3 
 .rodata.str1.4
                0x10008b14       0x13 CMakeFiles/kbd_scan.dir/C_/Program_Files/Raspberry_Pi/Pico_SDK_v1.5.1/pico-sdk/src/rp2_common/pico_stdio_usb/stdio_usb.c.obj
 *fill*         0x10008b27        0x1 
 .rodata.__bi_182.0
                0x10008b28        0xc CMakeFiles/kbd_scan.dir/C_/Program_Files/Raspberry_Pi/Pico_SDK_v1.5.1/pico-sdk/src/rp2_common/pico_stdio_usb/stdio_usb.c.obj
 .rodata.__func__.1
                0x10008b34        0xf CMakeFiles/kbd_scan.dir/C_/Program_Files/Raspberry_Pi/Pico_SDK_v1.5.1/pico-sdk/src/rp2_common/pico_stdio_usb/stdio_usb.c.obj
 *fill*         0x10008b43        0x1 
 .rodata.__func__.3
                0x10008b44       0x15 CMakeFiles/kbd_scan.dir/C_/Program_Files/Raspberry_Pi/Pico_SDK_v1.5.1/pico-sdk/src/rp2_common/pico_stdio_usb/stdio_usb.c.obj
 *fill*         0x10008b59        0x3 
 .rodata.str1.4
                0x10008b5c       0x2a CMakeFiles/kbd_scan.dir/C_/Program_Files/Raspberry_Pi/Pico_SDK_v1.5.1/pico-sdk/src/rp2_common/pico_stdio_usb/stdio_usb_descriptors.c.obj
 *fill*         0x10008b86        0x2 
 .rodata.usbd_desc_cfg
                0x10008b88       0x54 CMakeFiles/kbd_scan.dir/C_/Program_Files/Raspberry_Pi/Pico_SDK_v1.5.1/pico-sdk/src/rp2_common/pico_stdio_usb/stdio_usb_descriptors.c.obj
 .rodata.usbd_desc_device
                0x10008bdc       0x12 CMakeFiles/kbd_scan.dir/C_/Program_Files/Raspberry_Pi/Pico_SDK_v1.5.1/pico-sdk/src/rp2_common/pico_stdio_usb/stdio_usb_descriptors.c.obj
 *fill*         0x10008bee        0x2 
 .rodata.usbd_desc_str
                0x10008bf0       0x18 CMakeFiles/kbd_scan.dir/C_/Program_Files/Raspberry_Pi/Pico_SDK_v1.5.1/pico-sdk/src/rp2_common/pico_stdio_usb/stdio_usb_descriptors.c.obj
 .rodata.pico_get_unique_board_id_string.str1.4
                0x10008c08       0x69 CMakeFiles/kbd_scan.dir/C_/Program_Files/Raspberry_Pi/Pico_SDK_v1.5.1/pico-sdk/src/rp2_common/pico_unique_id/unique_id.c.obj
 *fill*         0x10008c71        0x3 
 .rodata.__func__.0
                0x10008c74       0x20 CMakeFiles/kbd_scan.dir/C_/Program_Files/Raspberry_Pi/Pico_SDK_v1.5.1/pico-sdk/src/rp2_common/pico_unique_id/unique_id.c.obj
 .rodata.str1.4
                0x10008c94      0x176 CMakeFiles/kbd_scan.dir/C_/Program_Files/Raspberry_Pi/Pico_SDK_v1.5.1/pico-sdk/src/rp2_common/hardware_flash/flash.c.obj
 *fill*         0x10008e0a        0x2 
 .rodata.__func__.0
                0x10008e0c        0xd CMakeFiles/kbd_scan.dir/C_/Program_Files/Raspberry_Pi/Pico_SDK_v1.5.1/pico-sdk/src/rp2_common/hardware_flash/flash.c.obj
 *fill*         0x10008e19        0x3 
 .rodata._hw_endpoint_alloc.str1.4
                0x10008e1c       0xd1 CMakeFiles/kbd_scan.dir/C_/Program_Files/Raspberry_Pi/Pico_SDK_v1.5.1/pico-sdk/lib/tinyusb/src/portable/raspberrypi/rp2040/dcd_rp2040.c.obj
 *fill*         0x10008eed        0x3 
 .rodata.str1.4
                0x10008ef0       0x14 CMakeFiles/kbd_scan.dir/C_/Program_Files/Raspberry_Pi/Pico_SDK_v1.5.1/pico-sdk/lib/tinyusb/src/portable/raspberrypi/rp2040/dcd_rp2040.c.obj
 .rodata.dcd_int_enable.str1.4
                0x10008f04        0xc CMakeFiles/kbd_scan.dir/C_/Program_Files/Raspberry_Pi/Pico_SDK_v1.5.1/pico-sdk/lib/tinyusb/src/portable/raspberrypi/rp2040/dcd_rp2040.c.obj
 .rodata.__func__.0
                0x10008f10        0xe CMakeFiles/kbd_scan.dir/C_/Program_Files/Raspberry_Pi/Pico_SDK_v1.5.1/pico-sdk/lib/tinyusb/src/portable/raspberrypi/rp2040/dcd_rp2040.c.obj
 *fill*         0x10008f1e        0x2 
 .rodata.__func__.1
                0x10008f20        0xe CMakeFiles/kbd_scan.dir/C_/Program_Files/Raspberry_Pi/Pico_SDK_v1.5.1/pico-sdk/lib/tinyusb/src/portable/raspberrypi/rp2040/dcd_rp2040.c.obj
 *fill*         0x10008f2e        0x2 
 .rodata.__func__.3
                0x10008f30       0x10 CMakeFiles/kbd_scan.dir/C_/Program_Files/Raspberry_Pi/Pico_SDK_v1.5.1/pico-sdk/lib/tinyusb/src/portable/raspberrypi/rp2040/dcd_rp2040.c.obj
 .rodata.__func__.5
                0x10008f40        0xf CMakeFiles/kbd_scan.dir/C_/Program_Files/Raspberry_Pi/Pico_SDK_v1.5.1/pico-sdk/lib/tinyusb/src/portable/raspberrypi/rp2040/dcd_rp2040.c.obj
 *fill*         0x10008f4f        0x1 
 .rodata.__func__.6
                0x10008f50       0x13 CMakeFiles/kbd_scan.dir/C_/Program_Files/Raspberry_Pi/Pico_SDK_v1.5.1/pico-sdk/lib/tinyusb/src/portable/raspberrypi/rp2040/dcd_rp2040.c.obj
 *fill*         0x10008f63        0x1 
 .rodata.__func__.7
                0x10008f64        0x9 CMakeFiles/kbd_scan.dir/C_/Program_Files/Raspberry_Pi/Pico_SDK_v1.5.1/pico-sdk/lib/tinyusb/src/portable/raspberrypi/rp2040/dcd_rp2040.c.obj
 *fill*         0x10008f6d        0x3 
 .rodata.str1.4
                0x10008f70      0x103 CMakeFiles/kbd_scan.dir/C_/Program_Files/Raspberry_Pi/Pico_SDK_v1.5.1/pico-sdk/lib/tinyusb/src/portable/raspberrypi/rp2040/rp2040_usb.c.obj
 *fill*         0x10009073        0x1 
 .rodata.__func__.0
                0x10009074        0xf CMakeFiles/kbd_scan.dir/C_/Program_Files/Raspberry_Pi/Pico_SDK_v1.5.1/pico-sdk/lib/tinyusb/src/portable/raspberrypi/rp2040/rp2040_usb.c.obj
 *fill*         0x10009083        0x1 
 .rodata.process_get_descriptor
                0x10009084       0x40 CMakeFiles/kbd_scan.dir/C_/Program_Files/Raspberry_Pi/Pico_SDK_v1.5.1/pico-sdk/lib/tinyusb/src/device/usbd.c.obj
 .rodata.process_control_request
                0x100090c4       0x28 CMakeFiles/kbd_scan.dir/C_/Program_Files/Raspberry_Pi/Pico_SDK_v1.5.1/pico-sdk/lib/tinyusb/src/device/usbd.c.obj
 .rodata.tud_task_ext
                0x100090ec       0x24 CMakeFiles/kbd_scan.dir/C_/Program_Files/Raspberry_Pi/Pico_SDK_v1.5.1/pico-sdk/lib/tinyusb/src/device/usbd.c.obj
 .rodata._usbd_driver
                0x10009110       0x18 CMakeFiles/kbd_scan.dir/C_/Program_Files/Raspberry_Pi/Pico_SDK_v1.5.1/pico-sdk/lib/tinyusb/src/device/usbd.c.obj
 .rodata.i2c_set_baudrate.str1.4
                0x10009128       0x79 CMakeFiles/kbd_scan.dir/C_/Program_Files/Raspberry_Pi/Pico_SDK_v1.5.1/pico-sdk/src/rp2_common/hardware_i2c/i2c.c.obj
 *fill*         0x100091a1        0x3 
 .rodata.__func__.0
                0x100091a4       0x11 CMakeFiles/kbd_scan.dir/C_/Program_Files/Raspberry_Pi/Pico_SDK_v1.5.1/pico-sdk/src/rp2_common/hardware_i2c/i2c.c.obj
 *fill*         0x100091b5        0x3 
 .rodata.keypad_interrupt.str1.4
                0x100091b8       0x57 scan_kbd\libscan_kbd.a(scan_kbd.c.obj)
                                 0xc7 (size before relaxing)
 *fill*         0x1000920f        0x1 
 .rodata.__func__.0
                0x10009210       0x15 scan_kbd\libscan_kbd.a(scan_kbd.c.obj)
                0x10009228                . = ALIGN (0x4)
 *fill*         0x10009225        0x3 
 *(SORT_BY_ALIGNMENT(SORT_BY_NAME(.flashdata*)))
                0x10009228                . = ALIGN (0x4)

.ARM.extab
 *(.ARM.extab* .gnu.linkonce.armextab.*)
                0x10009228                __exidx_start = .

.ARM.exidx
 *(.ARM.exidx* .gnu.linkonce.armexidx.*)
                0x10009228                __exidx_end = .
                0x10009228                . = ALIGN (0x4)
                0x10009228                __binary_info_start = .

.binary_info    0x10009228       0x24
 *(.binary_info.keep.*)
 .binary_info.keep.__bi_ptr22
                0x10009228        0x4 CMakeFiles/kbd_scan.dir/C_/Program_Files/Raspberry_Pi/Pico_SDK_v1.5.1/pico-sdk/src/rp2_common/pico_standard_link/binary_info.c.obj
 .binary_info.keep.__bi_ptr30
                0x1000922c        0x4 CMakeFiles/kbd_scan.dir/C_/Program_Files/Raspberry_Pi/Pico_SDK_v1.5.1/pico-sdk/src/rp2_common/pico_standard_link/binary_info.c.obj
 .binary_info.keep.__bi_ptr38
                0x10009230        0x4 CMakeFiles/kbd_scan.dir/C_/Program_Files/Raspberry_Pi/Pico_SDK_v1.5.1/pico-sdk/src/rp2_common/pico_standard_link/binary_info.c.obj
 .binary_info.keep.__bi_ptr44
                0x10009234        0x4 CMakeFiles/kbd_scan.dir/C_/Program_Files/Raspberry_Pi/Pico_SDK_v1.5.1/pico-sdk/src/rp2_common/pico_standard_link/binary_info.c.obj
 .binary_info.keep.__bi_ptr50
                0x10009238        0x4 CMakeFiles/kbd_scan.dir/C_/Program_Files/Raspberry_Pi/Pico_SDK_v1.5.1/pico-sdk/src/rp2_common/pico_standard_link/binary_info.c.obj
 .binary_info.keep.__bi_ptr69
                0x1000923c        0x4 CMakeFiles/kbd_scan.dir/C_/Program_Files/Raspberry_Pi/Pico_SDK_v1.5.1/pico-sdk/src/rp2_common/pico_standard_link/binary_info.c.obj
 .binary_info.keep.__bi_ptr75
                0x10009240        0x4 CMakeFiles/kbd_scan.dir/C_/Program_Files/Raspberry_Pi/Pico_SDK_v1.5.1/pico-sdk/src/rp2_common/pico_standard_link/binary_info.c.obj
 .binary_info.keep.__bi_ptr81
                0x10009244        0x4 CMakeFiles/kbd_scan.dir/C_/Program_Files/Raspberry_Pi/Pico_SDK_v1.5.1/pico-sdk/src/rp2_common/pico_standard_link/binary_info.c.obj
 *(.binary_info.*)
 .binary_info.__bi_ptr182
                0x10009248        0x4 CMakeFiles/kbd_scan.dir/C_/Program_Files/Raspberry_Pi/Pico_SDK_v1.5.1/pico-sdk/src/rp2_common/pico_stdio_usb/stdio_usb.c.obj
                0x1000924c                __binary_info_end = .

.rel.dyn        0x1000924c        0x0
 .rel.iplt      0x1000924c        0x0 c:/progra~2/gnuarm~1/102021~1.10/bin/../lib/gcc/arm-none-eabi/10.3.1/thumb/v6-m/nofp/crtbegin.o
                0x1000924c                . = ALIGN (0x4)

.ram_vector_table
                0x20000000       0xc0
 *(.ram_vector_table)
 .ram_vector_table
                0x20000000       0xc0 CMakeFiles/kbd_scan.dir/C_/Program_Files/Raspberry_Pi/Pico_SDK_v1.5.1/pico-sdk/src/rp2_common/pico_runtime/runtime.c.obj
                0x20000000                ram_vector_table

.data           0x200000c0      0xc04 load address 0x1000924c
                0x200000c0                __data_start__ = .
 *(vtable)
 *(.time_critical*)
 .time_critical.mutex_try_enter
                0x200000c0       0x46 CMakeFiles/kbd_scan.dir/C_/Program_Files/Raspberry_Pi/Pico_SDK_v1.5.1/pico-sdk/src/common/pico_sync/mutex.c.obj
                0x200000c0                mutex_try_enter
 *fill*         0x20000106        0x2 
 .time_critical.mutex_enter_block_until
                0x20000108       0x8c CMakeFiles/kbd_scan.dir/C_/Program_Files/Raspberry_Pi/Pico_SDK_v1.5.1/pico-sdk/src/common/pico_sync/mutex.c.obj
                0x20000108                mutex_enter_block_until
 .time_critical.mutex_try_enter_block_until
                0x20000194       0x34 CMakeFiles/kbd_scan.dir/C_/Program_Files/Raspberry_Pi/Pico_SDK_v1.5.1/pico-sdk/src/common/pico_sync/mutex.c.obj
                0x20000194                mutex_try_enter_block_until
 .time_critical.mutex_enter_timeout_ms
                0x200001c8       0x68 CMakeFiles/kbd_scan.dir/C_/Program_Files/Raspberry_Pi/Pico_SDK_v1.5.1/pico-sdk/src/common/pico_sync/mutex.c.obj
                0x200001c8                mutex_enter_timeout_ms
 .time_critical.mutex_exit
                0x20000230       0x4c CMakeFiles/kbd_scan.dir/C_/Program_Files/Raspberry_Pi/Pico_SDK_v1.5.1/pico-sdk/src/common/pico_sync/mutex.c.obj
                0x20000230                mutex_exit
 .time_critical.flash_init_boot2_copyout
                0x2000027c       0x30 CMakeFiles/kbd_scan.dir/C_/Program_Files/Raspberry_Pi/Pico_SDK_v1.5.1/pico-sdk/src/rp2_common/hardware_flash/flash.c.obj
 .time_critical.flash_enable_xip_via_boot2
                0x200002ac       0x10 CMakeFiles/kbd_scan.dir/C_/Program_Files/Raspberry_Pi/Pico_SDK_v1.5.1/pico-sdk/src/rp2_common/hardware_flash/flash.c.obj
 .time_critical.flash_cs_force
                0x200002bc       0x28 CMakeFiles/kbd_scan.dir/C_/Program_Files/Raspberry_Pi/Pico_SDK_v1.5.1/pico-sdk/src/rp2_common/hardware_flash/flash.c.obj
 .time_critical.flash_do_cmd
                0x200002e4       0xd8 CMakeFiles/kbd_scan.dir/C_/Program_Files/Raspberry_Pi/Pico_SDK_v1.5.1/pico-sdk/src/rp2_common/hardware_flash/flash.c.obj
                0x200002e4                flash_do_cmd
 .time_critical.reset_non_control_endpoints
                0x200003bc       0x40 CMakeFiles/kbd_scan.dir/C_/Program_Files/Raspberry_Pi/Pico_SDK_v1.5.1/pico-sdk/lib/tinyusb/src/portable/raspberrypi/rp2040/dcd_rp2040.c.obj
 .time_critical.hw_handle_buff_status
                0x200003fc       0xa4 CMakeFiles/kbd_scan.dir/C_/Program_Files/Raspberry_Pi/Pico_SDK_v1.5.1/pico-sdk/lib/tinyusb/src/portable/raspberrypi/rp2040/dcd_rp2040.c.obj
 .time_critical.dcd_rp2040_irq
                0x200004a0      0x1cc CMakeFiles/kbd_scan.dir/C_/Program_Files/Raspberry_Pi/Pico_SDK_v1.5.1/pico-sdk/lib/tinyusb/src/portable/raspberrypi/rp2040/dcd_rp2040.c.obj
 .time_critical.e15_is_bulkin_ep
                0x2000066c       0x2c CMakeFiles/kbd_scan.dir/C_/Program_Files/Raspberry_Pi/Pico_SDK_v1.5.1/pico-sdk/lib/tinyusb/src/portable/raspberrypi/rp2040/rp2040_usb.c.obj